MySQL Shell 8.0.31

Copyright (c) 2016, 2022, Oracle and/or its affiliates.
Oracle is a registered trademark of Oracle Corporation and/or its affiliates.
Other names may be trademarks of their respective owners.

Type '\help' or '\?' for help; '\quit' to exit.
 MySQL  JS > \sql
Switching to SQL mode... Commands end with ;
 MySQL  SQL > \connect --mc root@localhost
Creating a Classic session to 'root@localhost'
Fetching global names for auto-completion... Press ^C to stop.
Your MySQL connection id is 8
Server version: 8.0.31 MySQL Community Server - GPL
No default schema selected; type \use <schema> to set one.
 MySQL  localhost:3306 ssl  SQL > CREATE DATABASE Company;
Query OK, 1 row affected (0.0431 sec)
 MySQL  localhost:3306 ssl  SQL > USE Company;
Default schema set to `Company`.
Fetching global names, object names from `company` for auto-completion... Press ^C to stop.
 MySQL  localhost:3306 ssl  company  SQL > CREATE TABLE Employee (
                                        ->   EmployeeId INT PRIMARY KEY,
                                        ->   FullName VARCHAR(50) NOT NULL,
                                        ->   Technology VARCHAR(50) NOT NULL,
                                        ->   Salary FLOAT NOT NULL,
                                        ->   Gender VARCHAR(50) NOT NULL,
                                        ->   Age INT NOT NULL
                                        -> );
Query OK, 0 rows affected (0.0164 sec)
 MySQL  localhost:3306 ssl  company  SQL > INSERT INTO Employee (EmployeeId, FullName, Technology, Salary, Gender, Age) VALUES (1001, 'John Doe', 'Java', 35000, 'Male', 25);
Query OK, 1 row affected (0.0064 sec)
 MySQL  localhost:3306 ssl  company  SQL > INSERT INTO Employee (EmployeeId, FullName, Technology, Salary, Gender, Age) VALUES (1002, 'Mary Smith', 'Java', 45000, 'Female', 27);
Query OK, 1 row affected (0.0013 sec)
 MySQL  localhost:3306 ssl  company  SQL > INSERT INTO Employee (EmployeeId, FullName, Technology, Salary, Gender, Age) VALUES (1003, 'James Brown', 'Java', 50000, 'Male', 28);
Query OK, 1 row affected (0.0011 sec)
 MySQL  localhost:3306 ssl  company  SQL > INSERT INTO Employee (EmployeeId, FullName, Technology, Salary, Gender, Age) VALUES (1004, 'Mike Walker', '.NET', 50000, 'Male', 28);
Query OK, 1 row affected (0.0011 sec)
 MySQL  localhost:3306 ssl  company  SQL > INSERT INTO Employee (EmployeeId, FullName, Technology, Salary, Gender, Age) VALUES (1005, 'Linda Jones', '.NET', 75000, 'Female', 26);
Query OK, 1 row affected (0.0011 sec)
 MySQL  localhost:3306 ssl  company  SQL > INSERT INTO Employee (EmployeeId, FullName, Technology, Salary, Gender, Age) VALUES (1006, 'Anurag Mohanty', '.NET', 35000, 'Male', 25);
Query OK, 1 row affected (0.0011 sec)
 MySQL  localhost:3306 ssl  company  SQL > INSERT INTO Employee (EmployeeId, FullName, Technology, Salary, Gender, Age) VALUES (1007, 'Priyanla Dewangan', '.NET', 45000, 'Female', 27);
Query OK, 1 row affected (0.0016 sec)
 MySQL  localhost:3306 ssl  company  SQL > INSERT INTO Employee (EmployeeId, FullName, Technology, Salary, Gender, Age) VALUES (1008, 'Sambit Mohanty', '.NET', 50000, 'Male', 28);
Query OK, 1 row affected (0.0011 sec)
 MySQL  localhost:3306 ssl  company  SQL > INSERT INTO Employee (EmployeeId, FullName, Technology, Salary, Gender, Age) VALUES (1009, 'Pranaya Kumar', 'Java', 50000, 'Male', 28);
Query OK, 1 row affected (0.0010 sec)
 MySQL  localhost:3306 ssl  company  SQL > INSERT INTO Employee (EmployeeId, FullName, Technology, Salary, Gender, Age) VALUES (1010, 'Hina Sharma', 'Java', 75000, 'Female', 26);
Query OK, 1 row affected (0.0014 sec)
 MySQL  localhost:3306 ssl  company  SQL > CREATE TABLE Projects (
                                        ->  ProjectId INT PRIMARY KEY AUTO_INCREMENT,
                                        ->     ProjectName VARCHAR(200) NOT NULL,
                                        ->  EmployeeId INT,
                                        ->     StartDate DATETIME,
                                        ->     EndDate DATETIME,
                                        ->     FOREIGN KEY (EmployeeId) REFERENCES Employee(EmployeeId)
                                        -> );
Query OK, 0 rows affected (0.0140 sec)
 MySQL  localhost:3306 ssl  company  SQL > INSERT INTO Projects (ProjectName, EmployeeId, StartDate, EndDate) VALUES

                                        -> ('Develop Ecommerse Website from scratch', 1003, NOW(), DATE_ADD(NOW(), INTERVAL 30 DAY)),
                                        -> ('WordPress Website for our company', 1002, NOW(), DATE_ADD(NOW(), INTERVAL 45 DAY)),
                                        -> ('Manage our Company Servers', 1007, NOW(), DATE_ADD(NOW(), INTERVAL 45 DAY)),
                                        -> ('Hosting account is not working', 1009, NOW(), DATE_ADD(NOW(), INTERVAL 7 DAY)),
                                        -> ('MySQL database from my desktop application', 1010, NOW(), DATE_ADD(NOW(), INTERVAL 15 DAY)),
                                        -> ('Develop new WordPress plugin for my business website', NULL, NOW(), DATE_ADD(NOW(), INTERVAL 10 DAY)),
                                        -> ('Migrate web application and database to new server', NULL, NOW(), DATE_ADD(NOW(), INTERVAL 5 DAY)),
                                        -> ('Android Application development', 1004, NOW(), DATE_ADD(NOW(), INTERVAL 30 DAY)),
                                        -> ('Hosting account is not working', 1001, NOW(), DATE_ADD(NOW(), INTERVAL 7 DAY)),
                                        -> ('MySQL database from my desktop application', 1008, NOW(), DATE_ADD(NOW(), INTERVAL 15 DAY)),
                                        -> ('Develop new WordPress plugin for my business website', NULL, NOW(), DATE_ADD(NOW(), INTERVAL 10 DAY));
Query OK, 11 rows affected (0.0037 sec)

Records: 11  Duplicates: 0  Warnings: 0
 MySQL  localhost:3306 ssl  company  SQL > CREATE TABLE Address
                                        -> (
                                        ->     AddressId INT PRIMARY KEY AUTO_INCREMENT,
                                        ->     EmployeeId INT,
                                        ->     Country VARCHAR(50),
                                        ->     State VARCHAR(50),
                                        ->     City VARCHAR(50),
                                        ->     FOREIGN KEY (EmployeeId) REFERENCES Employee(EmployeeId)
                                        -> );
Query OK, 0 rows affected (0.0124 sec)
 MySQL  localhost:3306 ssl  company  SQL > INSERT INTO Address (EmployeeId, Country, State, City) Values (1001, 'India', 'Odisha', 'BBSR');
Query OK, 1 row affected (0.0022 sec)
 MySQL  localhost:3306 ssl  company  SQL > INSERT INTO Address (EmployeeId, Country, State, City) Values (1002, 'India', 'Maharashtra', 'Mumbai');
Query OK, 1 row affected (0.0013 sec)
 MySQL  localhost:3306 ssl  company  SQL > INSERT INTO Address (EmployeeId, Country, State, City) Values (1003, 'India', 'Maharashtra', 'Pune');
Query OK, 1 row affected (0.0011 sec)
 MySQL  localhost:3306 ssl  company  SQL > INSERT INTO Address (EmployeeId, Country, State, City) Values (1004, 'India', 'Odisha', 'Cuttack');
Query OK, 1 row affected (0.0014 sec)
 MySQL  localhost:3306 ssl  company  SQL > INSERT INTO Address (EmployeeId, Country, State, City) Values (1005, 'India', 'Maharashtra', 'Nagpur');
Query OK, 1 row affected (0.0016 sec)
 MySQL  localhost:3306 ssl  company  SQL > INSERT INTO Address (EmployeeId, Country, State, City) Values (1006, 'India', 'Odisha', 'BBSR');
Query OK, 1 row affected (0.0027 sec)
 MySQL  localhost:3306 ssl  company  SQL > show database;
ERROR: 1064 (42000): You have an error in your SQL syntax; check the manual that corresponds to your MySQL server version for the right syntax to use near 'database' at line 1
 MySQL  localhost:3306 ssl  company  SQL > show tables;
+-------------------+
| Tables_in_company |
+-------------------+
| address           |
| employee          |
| projects          |
+-------------------+
3 rows in set (0.0507 sec)
 MySQL  localhost:3306 ssl  company  SQL > show databases;
+--------------------+
| Database           |
+--------------------+
| agencia            |
| bdpendientes       |
| company            |
| eva_2              |
| evaluacion_1       |
| information_schema |
| mysql              |
| ordenes            |
| peliculas          |
| performance_schema |
| sakila             |
| sys                |
| world              |
+--------------------+
13 rows in set (0.0022 sec)
 MySQL  localhost:3306 ssl  company  SQL > show tables;
+-------------------+
| Tables_in_company |
+-------------------+
| address           |
| employee          |
| projects          |
+-------------------+
3 rows in set (0.0031 sec)
 MySQL  localhost:3306 ssl  company  SQL > desc address
                                        -> ñ
                                        -> ^C
 MySQL  localhost:3306 ssl  company  SQL > desc address;
+------------+-------------+------+-----+---------+----------------+
| Field      | Type        | Null | Key | Default | Extra          |
+------------+-------------+------+-----+---------+----------------+
| AddressId  | int         | NO   | PRI | NULL    | auto_increment |
| EmployeeId | int         | YES  | MUL | NULL    |                |
| Country    | varchar(50) | YES  |     | NULL    |                |
| State      | varchar(50) | YES  |     | NULL    |                |
| City       | varchar(50) | YES  |     | NULL    |                |
+------------+-------------+------+-----+---------+----------------+
5 rows in set (0.0396 sec)
 MySQL  localhost:3306 ssl  company  SQL > employee;
ERROR: 1064 (42000): You have an error in your SQL syntax; check the manual that corresponds to your MySQL server version for the right syntax to use near 'employee' at line 1
 MySQL  localhost:3306 ssl  company  SQL > desc employee;
+------------+-------------+------+-----+---------+-------+
| Field      | Type        | Null | Key | Default | Extra |
+------------+-------------+------+-----+---------+-------+
| EmployeeId | int         | NO   | PRI | NULL    |       |
| FullName   | varchar(50) | NO   |     | NULL    |       |
| Technology | varchar(50) | NO   |     | NULL    |       |
| Salary     | float       | NO   |     | NULL    |       |
| Gender     | varchar(50) | NO   |     | NULL    |       |
| Age        | int         | NO   |     | NULL    |       |
+------------+-------------+------+-----+---------+-------+
6 rows in set (0.0037 sec)
 MySQL  localhost:3306 ssl  company  SQL > desc projects;
+-------------+--------------+------+-----+---------+----------------+
| Field       | Type         | Null | Key | Default | Extra          |
+-------------+--------------+------+-----+---------+----------------+
| ProjectId   | int          | NO   | PRI | NULL    | auto_increment |
| ProjectName | varchar(200) | NO   |     | NULL    |                |
| EmployeeId  | int          | YES  | MUL | NULL    |                |
| StartDate   | datetime     | YES  |     | NULL    |                |
| EndDate     | datetime     | YES  |     | NULL    |                |
+-------------+--------------+------+-----+---------+----------------+
5 rows in set (0.0019 sec)
 MySQL  localhost:3306 ssl  company  SQL > select count(*) from address;
+----------+
| count(*) |
+----------+
|        6 |
+----------+
1 row in set (0.0418 sec)
 MySQL  localhost:3306 ssl  company  SQL > select count(*) from employee;
+----------+
| count(*) |
+----------+
|       10 |
+----------+
1 row in set (0.0020 sec)
 MySQL  localhost:3306 ssl  company  SQL > select count(*) from projects;
+----------+
| count(*) |
+----------+
|       11 |
+----------+
1 row in set (0.0032 sec)
 MySQL  localhost:3306 ssl  company  SQL > select * from projects where employyeid = not null;
ERROR: 1064 (42000): You have an error in your SQL syntax; check the manual that corresponds to your MySQL server version for the right syntax to use near 'not null' at line 1
 MySQL  localhost:3306 ssl  company  SQL > select * from projects where employyeid not null;
ERROR: 1064 (42000): You have an error in your SQL syntax; check the manual that corresponds to your MySQL server version for the right syntax to use near 'null' at line 1
 MySQL  localhost:3306 ssl  company  SQL > select * from projects where employeeid not null;
ERROR: 1064 (42000): You have an error in your SQL syntax; check the manual that corresponds to your MySQL server version for the right syntax to use near 'null' at line 1
 MySQL  localhost:3306 ssl  company  SQL > select * from projects where employeeid = not null;
ERROR: 1064 (42000): You have an error in your SQL syntax; check the manual that corresponds to your MySQL server version for the right syntax to use near 'not null' at line 1
 MySQL  localhost:3306 ssl  company  SQL > select * from projects where employeeid = notnull;
ERROR: 1054 (42S22): Unknown column 'notnull' in 'where clause'
 MySQL  localhost:3306 ssl  company  SQL > select * from projects where employeeid is not null;
+-----------+--------------------------------------------+------------+---------------------+---------------------+
| ProjectId | ProjectName                                | EmployeeId | StartDate           | EndDate             |
+-----------+--------------------------------------------+------------+---------------------+---------------------+
|         9 | Hosting account is not working             |       1001 | 2023-03-22 11:06:25 | 2023-03-29 11:06:25 |
|         2 | WordPress Website for our company          |       1002 | 2023-03-22 11:06:25 | 2023-05-06 11:06:25 |
|         1 | Develop Ecommerse Website from scratch     |       1003 | 2023-03-22 11:06:25 | 2023-04-21 11:06:25 |
|         8 | Android Application development            |       1004 | 2023-03-22 11:06:25 | 2023-04-21 11:06:25 |
|         3 | Manage our Company Servers                 |       1007 | 2023-03-22 11:06:25 | 2023-05-06 11:06:25 |
|        10 | MySQL database from my desktop application |       1008 | 2023-03-22 11:06:25 | 2023-04-06 11:06:25 |
|         4 | Hosting account is not working             |       1009 | 2023-03-22 11:06:25 | 2023-03-29 11:06:25 |
|         5 | MySQL database from my desktop application |       1010 | 2023-03-22 11:06:25 | 2023-04-06 11:06:25 |
+-----------+--------------------------------------------+------------+---------------------+---------------------+
8 rows in set (0.0382 sec)
 MySQL  localhost:3306 ssl  company  SQL > select * from projects where employeeid is null;
+-----------+------------------------------------------------------+------------+---------------------+---------------------+
| ProjectId | ProjectName                                          | EmployeeId | StartDate           | EndDate             |
+-----------+------------------------------------------------------+------------+---------------------+---------------------+
|         6 | Develop new WordPress plugin for my business website |       NULL | 2023-03-22 11:06:25 | 2023-04-01 11:06:25 |
|         7 | Migrate web application and database to new server   |       NULL | 2023-03-22 11:06:25 | 2023-03-27 11:06:25 |
|        11 | Develop new WordPress plugin for my business website |       NULL | 2023-03-22 11:06:25 | 2023-04-01 11:06:25 |
+-----------+------------------------------------------------------+------------+---------------------+---------------------+
3 rows in set (0.0014 sec)
 MySQL  localhost:3306 ssl  company  SQL > select projectname, fullname from projects a inner join employee b
                                        -> ^C
 MySQL  localhost:3306 ssl  company  SQL > select a.projectname, b.fullname from projects a inner join
                                        -> employee b on a.employeeid = b.employeeid;
+--------------------------------------------+-------------------+
| projectname                                | fullname          |
+--------------------------------------------+-------------------+
| Hosting account is not working             | John Doe          |
| WordPress Website for our company          | Mary Smith        |
| Develop Ecommerse Website from scratch     | James Brown       |
| Android Application development            | Mike Walker       |
| Manage our Company Servers                 | Priyanla Dewangan |
| MySQL database from my desktop application | Sambit Mohanty    |
| Hosting account is not working             | Pranaya Kumar     |
| MySQL database from my desktop application | Hina Sharma       |
+--------------------------------------------+-------------------+
8 rows in set (0.0014 sec)
 MySQL  localhost:3306 ssl  company  SQL > select a.country, a.state, a.city, b.fullname
                                        -> from addreas a inner join employee b on a.employeeid = b.employeeid;
ERROR: 1146 (42S02): Table 'company.addreas' doesn't exist
 MySQL  localhost:3306 ssl  company  SQL > select a.country, a.state, a.city, b.fullname  from address a inner join employee b on a.employeeid = b.employeeid;
+---------+-------------+---------+----------------+
| country | state       | city    | fullname       |
+---------+-------------+---------+----------------+
| India   | Odisha      | BBSR    | John Doe       |
| India   | Maharashtra | Mumbai  | Mary Smith     |
| India   | Maharashtra | Pune    | James Brown    |
| India   | Odisha      | Cuttack | Mike Walker    |
| India   | Maharashtra | Nagpur  | Linda Jones    |
| India   | Odisha      | BBSR    | Anurag Mohanty |
+---------+-------------+---------+----------------+
6 rows in set (0.0015 sec)
 MySQL  localhost:3306 ssl  company  SQL > select a.projectname, b.country, b.state, b.city, c.fullname
                                        -> from projects a inner join address b inner join employee c
                                        -> on a.employeeid = b.employeeid = c.employeeid;
Empty set (0.0018 sec)
 MySQL  localhost:3306 ssl  company  SQL > select a.country, a.state, a.city, b.fullname  from addreas a inner join employee b on a.employeeid = b.employeeid;
ERROR: 1146 (42S02): Table 'company.addreas' doesn't exist
 MySQL  localhost:3306 ssl  company  SQL > select a.projectname, b.country, b.state, b.city, c.fullname from projects a inner join address b inner join employee c  on a.employeeid = b.employeeid = c.employeeid;
Empty set (0.0016 sec)
 MySQL  localhost:3306 ssl  company  SQL > select a.projectname, b.country, b.state, b.city, c.fullname from projects a inner join address b inner join employee c  on a.employeeid = b.employeeid
                                        -> ;
+----------------------------------------+---------+-------------+---------+-------------------+
| projectname                            | country | state       | city    | fullname          |
+----------------------------------------+---------+-------------+---------+-------------------+
| Android Application development        | India   | Odisha      | Cuttack | John Doe          |
| Develop Ecommerse Website from scratch | India   | Maharashtra | Pune    | John Doe          |
| WordPress Website for our company      | India   | Maharashtra | Mumbai  | John Doe          |
| Hosting account is not working         | India   | Odisha      | BBSR    | John Doe          |
| Android Application development        | India   | Odisha      | Cuttack | Mary Smith        |
| Develop Ecommerse Website from scratch | India   | Maharashtra | Pune    | Mary Smith        |
| WordPress Website for our company      | India   | Maharashtra | Mumbai  | Mary Smith        |
| Hosting account is not working         | India   | Odisha      | BBSR    | Mary Smith        |
| Android Application development        | India   | Odisha      | Cuttack | James Brown       |
| Develop Ecommerse Website from scratch | India   | Maharashtra | Pune    | James Brown       |
| WordPress Website for our company      | India   | Maharashtra | Mumbai  | James Brown       |
| Hosting account is not working         | India   | Odisha      | BBSR    | James Brown       |
| Android Application development        | India   | Odisha      | Cuttack | Mike Walker       |
| Develop Ecommerse Website from scratch | India   | Maharashtra | Pune    | Mike Walker       |
| WordPress Website for our company      | India   | Maharashtra | Mumbai  | Mike Walker       |
| Hosting account is not working         | India   | Odisha      | BBSR    | Mike Walker       |
| Android Application development        | India   | Odisha      | Cuttack | Linda Jones       |
| Develop Ecommerse Website from scratch | India   | Maharashtra | Pune    | Linda Jones       |
| WordPress Website for our company      | India   | Maharashtra | Mumbai  | Linda Jones       |
| Hosting account is not working         | India   | Odisha      | BBSR    | Linda Jones       |
| Android Application development        | India   | Odisha      | Cuttack | Anurag Mohanty    |
| Develop Ecommerse Website from scratch | India   | Maharashtra | Pune    | Anurag Mohanty    |
| WordPress Website for our company      | India   | Maharashtra | Mumbai  | Anurag Mohanty    |
| Hosting account is not working         | India   | Odisha      | BBSR    | Anurag Mohanty    |
| Android Application development        | India   | Odisha      | Cuttack | Priyanla Dewangan |
| Develop Ecommerse Website from scratch | India   | Maharashtra | Pune    | Priyanla Dewangan |
| WordPress Website for our company      | India   | Maharashtra | Mumbai  | Priyanla Dewangan |
| Hosting account is not working         | India   | Odisha      | BBSR    | Priyanla Dewangan |
| Android Application development        | India   | Odisha      | Cuttack | Sambit Mohanty    |
| Develop Ecommerse Website from scratch | India   | Maharashtra | Pune    | Sambit Mohanty    |
| WordPress Website for our company      | India   | Maharashtra | Mumbai  | Sambit Mohanty    |
| Hosting account is not working         | India   | Odisha      | BBSR    | Sambit Mohanty    |
| Android Application development        | India   | Odisha      | Cuttack | Pranaya Kumar     |
| Develop Ecommerse Website from scratch | India   | Maharashtra | Pune    | Pranaya Kumar     |
| WordPress Website for our company      | India   | Maharashtra | Mumbai  | Pranaya Kumar     |
| Hosting account is not working         | India   | Odisha      | BBSR    | Pranaya Kumar     |
| Android Application development        | India   | Odisha      | Cuttack | Hina Sharma       |
| Develop Ecommerse Website from scratch | India   | Maharashtra | Pune    | Hina Sharma       |
| WordPress Website for our company      | India   | Maharashtra | Mumbai  | Hina Sharma       |
| Hosting account is not working         | India   | Odisha      | BBSR    | Hina Sharma       |
+----------------------------------------+---------+-------------+---------+-------------------+
40 rows in set (0.0018 sec)
 MySQL  localhost:3306 ssl  company  SQL > select a.projectname, b.country, b.state, b.city, c.fullname from projects a inner join address b inner join employee c  on a.employeeid = b.employeeid and b.employeeid = c.employeeid ;
+----------------------------------------+---------+-------------+---------+-------------+
| projectname                            | country | state       | city    | fullname    |
+----------------------------------------+---------+-------------+---------+-------------+
| Hosting account is not working         | India   | Odisha      | BBSR    | John Doe    |
| WordPress Website for our company      | India   | Maharashtra | Mumbai  | Mary Smith  |
| Develop Ecommerse Website from scratch | India   | Maharashtra | Pune    | James Brown |
| Android Application development        | India   | Odisha      | Cuttack | Mike Walker |
+----------------------------------------+---------+-------------+---------+-------------+
4 rows in set (0.0016 sec)
 MySQL  localhost:3306 ssl  company  SQL > select a.projectname, b.country, b.state, b.city, c.fullname from projects a inner join address b inner join employee c  on a.employeeid = b.employeeid and a.employeeid = c.employeeid ;
+----------------------------------------+---------+-------------+---------+-------------+
| projectname                            | country | state       | city    | fullname    |
+----------------------------------------+---------+-------------+---------+-------------+
| Hosting account is not working         | India   | Odisha      | BBSR    | John Doe    |
| WordPress Website for our company      | India   | Maharashtra | Mumbai  | Mary Smith  |
| Develop Ecommerse Website from scratch | India   | Maharashtra | Pune    | James Brown |
| Android Application development        | India   | Odisha      | Cuttack | Mike Walker |
+----------------------------------------+-select a.projectname, b.city, c.fullname from proje^Cs a inner join address b inner on a.employeeid = b employeeid inner join employee c on b.employeeid = c.employeeid;
 MySQL  localhost:3306 ssl  company  SQL > select a.projectname, b.city, c.fullname from projects a inner join address b inner on a.employeeid = b employeeid inner join employee c on b.employeeid = c.employeeid;
 MySQL  localhost:3306 ssl  company  SQL > select a.projectname, b.city, c.fullname from projects a inner join address b inner on a.employeeid = b employeeid inner join employee c on b.employeeid = c.employeeid;
 MySQL  localhost:3306 ssl  company  SQL > select a.projectname, b.city, c.fullname from projects a inner join address b inner on a.employeeid = b employeeid inner join employee c on b.employeeid = c.employeeid; b.employeeid = c.employe' MySQL  localhost:3306 ssl  company  SQL > select a.projectname, b.city, c.fullname from projects a inner join address b inner on a.employeeid = b employeeid inner join employee c on b.employeeid = c.employeeid;
 MySQL  localhost:3306 ssl  company  SQL > select a.projectname, b.city, c.fullname from projects a inner join address b inner on a.employeeid = b employeeid inner join employee c on b.employeeid = c.employeeid;
 MySQL  localhost:3306 ssl  company  SQL > select a.projectname, b.city, c.fullname from projects a inner join address b on a.employeeid = b employeeid inner join employee c on b.employeeid = c.employeeid;
ERROR: 1064 (42000): You have an error in your SQL syntax; check the manual that corresponds to your MySQL server version for the right syntax to use near 'employeeid inner join employee c on b.employeeid = c.employeeid' at line 1
 MySQL  localhost:3306 ssl  company  SQL > select a.projectname, b.city, c.fullname from projects a inner join address b on a.employeeid = b employeeid inner join employee c on b.employeeid = c.employeeid;
ERROR: 1064 (42000): You have an error in your SQL syntax; check the manual that corresponds to your MySQL server version for the right syntax to use near 'employeeid inner join employee c on b.employeeid = c.employeeid' at line 1
 MySQL  localhost:3306 ssl  company  SQL > select a.projectname, b.city, c.fullname from projects a inner join address b on a.employeeid = b.employeeid inner join employee c on b.employeeid = c.employeeid;
+----------------------------------------+---------+-------------+
| projectname                            | city    | fullname    |
+----------------------------------------+---------+-------------+
| Hosting account is not working         | BBSR    | John Doe    |
| WordPress Website for our company      | Mumbai  | Mary Smith  |
| Develop Ecommerse Website from scratch | Pune    | James Brown |
| Android Application development        | Cuttack | Mike Walker |
+----------------------------------------+---------+-------------+
4 rows in set (0.0018 sec)
 MySQL  localhost:3306 ssl  company  SQL > select * from address;
+-----------+------------+---------+-------------+---------+
| AddressId | EmployeeId | Country | State       | City    |
+-----------+------------+---------+-------------+---------+
|         1 |       1001 | India   | Odisha      | BBSR    |
|         2 |       1002 | India   | Maharashtra | Mumbai  |
|         3 |       1003 | India   | Maharashtra | Pune    |
|         4 |       1004 | India   | Odisha      | Cuttack |
|         5 |       1005 | India   | Maharashtra | Nagpur  |
|         6 |       1006 | India   | Odisha      | BBSR    |
+-----------+------------+---------+-------------+---------+
6 rows in set (0.0011 sec)
 MySQL  localhost:3306 ssl  company  SQL > show * projects;
ERROR: 1064 (42000): You have an error in your SQL syntax; check the manual that corresponds to your MySQL server version for the right syntax to use near '* projects' at line 1
 MySQL  localhost:3306 ssl  company  SQL > show *  from projects;
ERROR: 1064 (42000): You have an error in your SQL syntax; check the manual that corresponds to your MySQL server version for the right syntax to use near '*  from projects' at line 1
 MySQL  localhost:3306 ssl  company  SQL > select a.projectname, b.city, c.fullname from projects a inner join address b on a.employeeid = b.employeeid inner join employee c on b.employeeid = c.employeeid;
+----------------------------------------+---------+-------------+
| projectname                            | city    | fullname    |
+----------------------------------------+---------+-------------+
| Hosting account is not working         | BBSR    | John Doe    |
| WordPress Website for our company      | Mumbai  | Mary Smith  |
| Develop Ecommerse Website from scratch | Pune    | James Brown |
| Android Application development        | Cuttack | Mike Walker |
+----------------------------------------+---------+-------------+
4 rows in set (0.0014 sec)
 MySQL  localhost:3306 ssl  company  SQL > select a.projectname, b.fullname
                                        -> from projects a left join employee b
                                        -> on a.employyeid = b.employeeid
                                        -> ;
ERROR: 1054 (42S22): Unknown column 'a.employyeid' in 'on clause'
 MySQL  localhost:3306 ssl  company  SQL > select a.projectname, b.fullname from projects a left join employee b  on a.employeeid = b.employeeid ;
+------------------------------------------------------+-------------------+
| projectname                                          | fullname          |
+------------------------------------------------------+-------------------+
| Develop Ecommerse Website from scratch               | James Brown       |
| WordPress Website for our company                    | Mary Smith        |
| Manage our Company Servers                           | Priyanla Dewangan |
| Hosting account is not working                       | Pranaya Kumar     |
| MySQL database from my desktop application           | Hina Sharma       |
| Develop new WordPress plugin for my business website | NULL              |
| Migrate web application and database to new server   | NULL              |
| Android Application development                      | Mike Walker       |
| Hosting account is not working                       | John Doe          |
| MySQL database from my desktop application           | Sambit Mohanty    |
| Develop new WordPress plugin for my business website | NULL              |
+------------------------------------------------------+-------------------+
11 rows in set (0.0012 sec)
 MySQL  localhost:3306 ssl  company  SQL > select a.projectname, b.fullname from projects a left join employee b  on a.employeeid = b.employeeid ;              select a.projectname, b.fullname from projects a left join employee b  on a.employeeid = b.employeeid ;
 MySQL  localhost:3306 ssl  company  SQL > ^C
 MySQL  localhost:3306 ssl  company  SQL > select a.projectname, b.fullname from projects a left join employee b  on a.employeeid = b.employeeid order by b.fullname ;
+------------------------------------------------------+-------------------+
| projectname                                          | fullname          |
+------------------------------------------------------+-------------------+
| Develop new WordPress plugin for my business website | NULL              |
| Migrate web application and database to new server   | NULL              |
| Develop new WordPress plugin for my business website | NULL              |
| MySQL database from my desktop application           | Hina Sharma       |
| Develop Ecommerse Website from scratch               | James Brown       |
| Hosting account is not working                       | John Doe          |
| WordPress Website for our company                    | Mary Smith        |
| Android Application development                      | Mike Walker       |
| Hosting account is not working                       | Pranaya Kumar     |
| Manage our Company Servers                           | Priyanla Dewangan |
| MySQL database from my desktop application           | Sambit Mohanty    |
+------------------------------------------------------+-------------------+
11 rows in set (0.0397 sec)
 MySQL  localhost:3306 ssl  company  SQL >