 MySQL  localhost:3306 ssl  hospital  SQL > create database hospital;
Query OK, 1 row affected (0.0043 sec)
 MySQL  localhost:3306 ssl  hospital  SQL > \use hospital
Default schema set to `hospital`.
Fetching global names, object names from `hospital` for auto-completion... Press ^C to stop.
 MySQL  localhost:3306 ssl  hospital  SQL > create table pacientes(
                                         -> paciente_id int auto_increment primary key,
                                         -> nombre varchar(50) not null,
                                         -> apellido_pat varchar(50) not null,
                                         -> apellido_mat varchar(50) not null,
                                         -> fecha_nacimiento date not null,
                                         -> peso double not null,
                                         -> altura double not null,
                                         -> numero_seguro_social varchar(50) not null,
                                         -> genero enum("M","F"),
                                         -> telefono_casa varchar(16),
                                         -> telefono_trabajo varchar(16),
                                         -> telefono_movil varchar(16),
                                         -> otros varchar(16)
                                         -> );
Query OK, 0 rows affected (0.0173 sec)
 MySQL  localhost:3306 ssl  hospital  SQL >
 MySQL  localhost:3306 ssl  hospital  SQL >
 MySQL  localhost:3306 ssl  hospital  SQL > create table cuartos(
                                         -> cuarto_id int auto_increment primary key,
                                         -> paciente_id int,
                                         -> numero_cuarto int not null,
                                         -> inicio_estadia date not null,
                                         -> fin_estadia date,
                                         -> foreign key(paciente_id)
                                         -> references pacientes(paciente_id)
                                         -> on delete restrict on update cascade
                                         -> );
Query OK, 0 rows affected (0.0150 sec)
 MySQL  localhost:3306 ssl  hospital  SQL >
 MySQL  localhost:3306 ssl  hospital  SQL > create table empleados(
                                         -> empleados_id int auto_increment primary key,
                                         -> nombre varchar(50) not null,
                                         -> apellido_pat varchar(50) not null,
                                         -> apellido_mat varchar(50) not null,
                                         -> titulo varchar(70),
                                         -> fecha_nacimiento date not null,
                                         -> otros varchar(50)
                                         -> );
Query OK, 0 rows affected (0.0137 sec)
 MySQL  localhost:3306 ssl  hospital  SQL >
 MySQL  localhost:3306 ssl  hospital  SQL > create table direcciones(
                                         -> direccion_id int auto_increment primary key,
                                         -> calle varchar(50) not null,
                                         -> numero_exterior int not null,
                                         -> numero_interior int,
                                         -> colonia varchar(50) not null,
                                         -> codigo_postal varchar(6) not null,
                                         -> ciudad varchar(50) not null,
                                         -> estado varchar(50) not null,
                                         -> pais varchar(50) not null,
                                         -> otros varchar(100) not null
                                         -> );
Query OK, 0 rows affected (0.0173 sec)
 MySQL  localhost:3306 ssl  hospital  SQL >
 MySQL  localhost:3306 ssl  hospital  SQL > create table direcciones_pacientes(
                                         -> direccion_paciente_id int auto_increment primary key,
                                         -> paciente_id int,
                                         -> direccion_id int,
                                         -> foreign key(paciente_id)
                                         -> references pacientes(paciente_id)
                                         -> on delete restrict on update cascade,
                                         -> foreign key(direccion_id)
                                         -> references direcciones(direccion_id)
                                         -> on delete cascade on update cascade
                                         -> );
Query OK, 0 rows affected (0.0188 sec)
 MySQL  localhost:3306 ssl  hospital  SQL >
 MySQL  localhost:3306 ssl  hospital  SQL > create table direcciones_empleados(
                                         -> direccion_empledos_id int auto_increment primary key,
                                         -> empleados_id int,
                                         -> direccion_id int,
                                         -> foreign key(empleados_id)
                                         -> references empleados(empleados_id)
                                         -> on delete restrict on update cascade,
                                         -> foreign key(direccion_id)
                                         -> references direcciones(direccion_id)
                                         -> on delete cascade on update cascade
                                         -> );
Query OK, 0 rows affected (0.0175 sec)
 MySQL  localhost:3306 ssl  hospital  SQL >
 MySQL  localhost:3306 ssl  hospital  SQL >
 MySQL  localhost:3306 ssl  hospital  SQL > create table formas_pago(
                                         -> forma_pago_id int auto_increment primary key,
                                         -> forma_pago varchar(50) not null
                                         -> );
Query OK, 0 rows affected (0.0130 sec)
 MySQL  localhost:3306 ssl  hospital  SQL >
 MySQL  localhost:3306 ssl  hospital  SQL > create table formas_pago_pacientes(
                                         -> forma_pago_pac_id int auto_increment primary key,
                                         -> paciente_id int,
                                         -> forma_pago_id int,
                                         -> detalles varchar(50),
                                         -> foreign key(paciente_id)
                                         -> references pacientes(paciente_id)
                                         -> on delete restrict on update cascade,
                                         -> foreign key(forma_pago_id)
                                         -> references formas_pago(forma_pago_id)
                                         -> on delete restrict on update cascade
                                         -> );
Query OK, 0 rows affected (0.0160 sec)
 MySQL  localhost:3306 ssl  hospital  SQL >
 MySQL  localhost:3306 ssl  hospital  SQL > create table cuentas_pacientes(
                                         -> cuentas_pacientes_id int auto_increment primary key,
                                         -> paciente_id int,
                                         -> forma_pago_pac_id int,
                                         -> fecha_emision date not null,
                                         -> otros varchar(50),
                                         -> foreign key(paciente_id)
                                         -> references pacientes(paciente_id)
                                         -> on delete restrict on update cascade,
                                         -> foreign key(forma_pago_pac_id)
                                         -> references formas_pago_pacientes(forma_pago_pac_id)
                                         -> on delete restrict on update cascade
                                         -> );
Query OK, 0 rows affected (0.0180 sec)
 MySQL  localhost:3306 ssl  hospital  SQL >
 MySQL  localhost:3306 ssl  hospital  SQL > create table cuentas_pacientes_detalles(
                                         -> cuantas_pacientes_det_id int auto_increment primary key,
                                         -> cuentas_pacientes_id int,
                                         -> detalle varchar(50) default("diagnostico"),
                                         -> cantidad double not null,
                                         -> costo_total double not null,
                                         -> foreign key(cuentas_pacientes_id)
                                         -> references cuentas_pacientes(cuentas_pacientes_id)
                                         -> on delete restrict on update cascade
                                         -> );
Query OK, 0 rows affected (0.0174 sec)
 MySQL  localhost:3306 ssl  hospital  SQL >
 MySQL  localhost:3306 ssl  hospital  SQL > create table registro_pacientes(
                                         -> registro_paciente int auto_increment primary key,
                                         -> paciente_id int,
                                         -> cuentas_pacientes_id int,
                                         -> registro_por_empleado_id int,
                                         -> fecha_admision date not null,
                                         -> condicion_medica varchar(85) not null,
                                         -> otros varchar(50),
                                         -> foreign key(paciente_id)
                                         -> references pacientes(paciente_id)
                                         -> on delete restrict on update cascade,
                                         -> foreign key(registro_por_empleado_id)
                                         -> references empleados(empleados_id)
                                         -> on delete restrict on update cascade,
                                         -> foreign key(cuentas_pacientes_id)
                                         -> references cuentas_pacientes(cuentas_pacientes_id)
                                         -> on delete restrict on update restrict
                                         -> );
Query OK, 0 rows affected (0.0264 sec)
 MySQL  localhost:3306 ssl  hospital  SQL > insert into pacientes (nombre, apellido_pat, apellido_mat, fecha_nacimiento, peso, altura, numero_seguro_social, genero) values ('Georgi', 'Facello', 'Facello', '1960-02-20', 93, 1.99, '10001', 'M');
Query OK, 1 row affected (0.0042 sec)
 MySQL  localhost:3306 ssl  hospital  SQL > insert into pacientes (nombre, apellido_pat, apellido_mat, fecha_nacimiento, peso, altura, numero_seguro_social, genero) values ('Bezalel', 'Simmel', 'Simmel', '1952-07-08', 88, 1.69, '10002', 'F');
Query OK, 1 row affected (0.0020 sec)
 MySQL  localhost:3306 ssl  hospital  SQL > insert into pacientes (nombre, apellido_pat, apellido_mat, fecha_nacimiento, peso, altura, numero_seguro_social, genero) values ('Parto', 'Bamford', 'Bamford', '1953-09-29', 62, 1.88, '10003', 'M');
Query OK, 1 row affected (0.0016 sec)
 MySQL  localhost:3306 ssl  hospital  SQL > insert into pacientes (nombre, apellido_pat, apellido_mat, fecha_nacimiento, peso, altura, numero_seguro_social, genero) values ('Chirstian', 'Koblick', 'Koblick', '1958-09-05', 93, 1.84, '10004', 'M');
Query OK, 1 row affected (0.0022 sec)
 MySQL  localhost:3306 ssl  hospital  SQL > insert into pacientes (nombre, apellido_pat, apellido_mat, fecha_nacimiento, peso, altura, numero_seguro_social, genero) values ('Kyoichi', 'Maliniak', 'Maliniak', '1958-10-31', 86, 1.89, '10005', 'M');
Query OK, 1 row affected (0.0019 sec)
 MySQL  localhost:3306 ssl  hospital  SQL > insert into pacientes (nombre, apellido_pat, apellido_mat, fecha_nacimiento, peso, altura, numero_seguro_social, genero) values ('Anneke', 'Preusig', 'Preusig', '1953-04-03', 86, 1.54, '10006', 'F');
Query OK, 1 row affected (0.0020 sec)
 MySQL  localhost:3306 ssl  hospital  SQL > insert into pacientes (nombre, apellido_pat, apellido_mat, fecha_nacimiento, peso, altura, numero_seguro_social, genero) values ('Tzvetan', 'Zielinski', 'Zielinski', '1962-07-10', 56, 1.77, '10007', 'F');
Query OK, 1 row affected (0.0022 sec)
 MySQL  localhost:3306 ssl  hospital  SQL > insert into pacientes (nombre, apellido_pat, apellido_mat, fecha_nacimiento, peso, altura, numero_seguro_social, genero) values ('Saniya', 'Kalloufi', 'Kalloufi', '1963-11-26', 78, 1.82, '10008', 'M');
Query OK, 1 row affected (0.0018 sec)
 MySQL  localhost:3306 ssl  hospital  SQL > insert into pacientes (nombre, apellido_pat, apellido_mat, fecha_nacimiento, peso, altura, numero_seguro_social, genero) values ('Sumant', 'Peac', 'Peac', '1956-12-13', 85, 1.64, '10009', 'F');
Query OK, 1 row affected (0.0040 sec)
 MySQL  localhost:3306 ssl  hospital  SQL > insert into pacientes (nombre, apellido_pat, apellido_mat, fecha_nacimiento, peso, altura, numero_seguro_social, genero) values ('Duangkaew', 'Piveteau', 'Piveteau', '1958-07-14', 92, 1.71, '10010', 'F');
Query OK, 1 row affected (0.0018 sec)
 MySQL  localhost:3306 ssl  hospital  SQL > insert into pacientes (nombre, apellido_pat, apellido_mat, fecha_nacimiento, peso, altura, numero_seguro_social, genero) values ('Mary', 'Sluis', 'Sluis', '1959-01-27', 96, 1.96, '10011', 'F');
Query OK, 1 row affected (0.0020 sec)
 MySQL  localhost:3306 ssl  hospital  SQL > insert into pacientes (nombre, apellido_pat, apellido_mat, fecha_nacimiento, peso, altura, numero_seguro_social, genero) values ('Patricio', 'Bridgland', 'Bridgland', '1960-08-09', 63, 1.9, '10012', 'M');
Query OK, 1 row affected (0.0022 sec)
 MySQL  localhost:3306 ssl  hospital  SQL > insert into pacientes (nombre, apellido_pat, apellido_mat, fecha_nacimiento, peso, altura, numero_seguro_social, genero) values ('Eberhardt', 'Terkki', 'Terkki', '1956-11-14', 81, 1.64, '10013', 'M');
Query OK, 1 row affected (0.0026 sec)
 MySQL  localhost:3306 ssl  hospital  SQL > insert into pacientes (nombre, apellido_pat, apellido_mat, fecha_nacimiento, peso, altura, numero_seguro_social, genero) values ('Berni', 'Genin', 'Genin', '1962-12-29', 67, 1.74, '10014', 'M');
Query OK, 1 row affected (0.0019 sec)
 MySQL  localhost:3306 ssl  hospital  SQL > insert into pacientes (nombre, apellido_pat, apellido_mat, fecha_nacimiento, peso, altura, numero_seguro_social, genero) values ('Guoxiang', 'Nooteboom', 'Nooteboom', '1953-02-08', 60, 1.55, '10015', 'M');
Query OK, 1 row affected (0.0017 sec)
 MySQL  localhost:3306 ssl  hospital  SQL > insert into pacientes (nombre, apellido_pat, apellido_mat, fecha_nacimiento, peso, altura, numero_seguro_social, genero) values ('Kazuhito', 'Cappelletti', 'Cappelletti', '1959-08-10', 97, 1.71, '10016', 'M');
Query OK, 1 row affected (0.0026 sec)
 MySQL  localhost:3306 ssl  hospital  SQL > insert into pacientes (nombre, apellido_pat, apellido_mat, fecha_nacimiento, peso, altura, numero_seguro_social, genero) values ('Cristinel', 'Bouloucos', 'Bouloucos', '1963-07-22', 66, 1.91, '10017', 'F');
Query OK, 1 row affected (0.0019 sec)
 MySQL  localhost:3306 ssl  hospital  SQL > insert into pacientes (nombre, apellido_pat, apellido_mat, fecha_nacimiento, peso, altura, numero_seguro_social, genero) values ('Kazuhide', 'Peha', 'Peha', '1960-07-20', 88, 1.51, '10018', 'F');
Query OK, 1 row affected (0.0037 sec)
 MySQL  localhost:3306 ssl  hospital  SQL > insert into pacientes (nombre, apellido_pat, apellido_mat, fecha_nacimiento, peso, altura, numero_seguro_social, genero) values ('Lillian', 'Haddadi', 'Haddadi', '1959-10-01', 85, 1.61, '10019', 'M');
Query OK, 1 row affected (0.0020 sec)
 MySQL  localhost:3306 ssl  hospital  SQL > insert into pacientes (nombre, apellido_pat, apellido_mat, fecha_nacimiento, peso, altura, numero_seguro_social, genero) values ('Mayuko', 'Warwick', 'Warwick', '1959-09-13', 96, 1.78, '10020', 'M');
Query OK, 1 row affected (0.0025 sec)
 MySQL  localhost:3306 ssl  hospital  SQL > insert into pacientes (nombre, apellido_pat, apellido_mat, fecha_nacimiento, peso, altura, numero_seguro_social, genero) values ('Ramzi', 'Erde', 'Erde', '1959-08-27', 91, 1.61, '10021', 'M');
Query OK, 1 row affected (0.0020 sec)
 MySQL  localhost:3306 ssl  hospital  SQL > insert into pacientes (nombre, apellido_pat, apellido_mat, fecha_nacimiento, peso, altura, numero_seguro_social, genero) values ('Shahaf', 'Famili', 'Famili', '1956-02-26', 70, 1.81, '10022', 'M');
Query OK, 1 row affected (0.0020 sec)
 MySQL  localhost:3306 ssl  hospital  SQL > insert into pacientes (nombre, apellido_pat, apellido_mat, fecha_nacimiento, peso, altura, numero_seguro_social, genero) values ('Bojan', 'Montemayor', 'Montemayor', '1960-09-19', 86, 1.8, '10023', 'F');
Query OK, 1 row affected (0.0022 sec)
 MySQL  localhost:3306 ssl  hospital  SQL > insert into pacientes (nombre, apellido_pat, apellido_mat, fecha_nacimiento, peso, altura, numero_seguro_social, genero) values ('Suzette', 'Pettey', 'Pettey', '1961-09-21', 79, 1.74, '10024', 'F');
Query OK, 1 row affected (0.0039 sec)
 MySQL  localhost:3306 ssl  hospital  SQL > insert into pacientes (nombre, apellido_pat, apellido_mat, fecha_nacimiento, peso, altura, numero_seguro_social, genero) values ('Prasadram', 'Heyers', 'Heyers', '1957-08-14', 91, 1.95, '10025', 'M');
Query OK, 1 row affected (0.0015 sec)
 MySQL  localhost:3306 ssl  hospital  SQL > insert into pacientes (nombre, apellido_pat, apellido_mat, fecha_nacimiento, peso, altura, numero_seguro_social, genero) values ('Yongqiao', 'Berztiss', 'Berztiss', '1960-07-23', 75, 1.91, '10026', 'M');
Query OK, 1 row affected (0.0026 sec)
 MySQL  localhost:3306 ssl  hospital  SQL > insert into pacientes (nombre, apellido_pat, apellido_mat, fecha_nacimiento, peso, altura, numero_seguro_social, genero) values ('Divier', 'Reistad', 'Reistad', '1952-06-29', 57, 1.6, '10027', 'F');
Query OK, 1 row affected (0.0031 sec)
 MySQL  localhost:3306 ssl  hospital  SQL > insert into pacientes (nombre, apellido_pat, apellido_mat, fecha_nacimiento, peso, altura, numero_seguro_social, genero) values ('Domenick', 'Tempesti', 'Tempesti', '1963-07-11', 62, 1.72, '10028', 'M');
Query OK, 1 row affected (0.0016 sec)
 MySQL  localhost:3306 ssl  hospital  SQL > insert into pacientes (nombre, apellido_pat, apellido_mat, fecha_nacimiento, peso, altura, numero_seguro_social, genero) values ('Otmar', 'Herbst', 'Herbst', '1961-04-24', 77, 1.6, '10029', 'M');
Query OK, 1 row affected (0.0015 sec)
 MySQL  localhost:3306 ssl  hospital  SQL > insert into pacientes (nombre, apellido_pat, apellido_mat, fecha_nacimiento, peso, altura, numero_seguro_social, genero) values ('Elvis', 'Demeyer', 'Demeyer', '1958-05-21', 93, 1.64, '10030', 'M');
Query OK, 1 row affected (0.0029 sec)
 MySQL  localhost:3306 ssl  hospital  SQL > insert into pacientes (nombre, apellido_pat, apellido_mat, fecha_nacimiento, peso, altura, numero_seguro_social, genero) values ('Karsten', 'Joslin', 'Joslin', '1953-07-28', 95, 1.52, '10031', 'M');
Query OK, 1 row affected (0.0017 sec)
 MySQL  localhost:3306 ssl  hospital  SQL > insert into pacientes (nombre, apellido_pat, apellido_mat, fecha_nacimiento, peso, altura, numero_seguro_social, genero) values ('Jeong', 'Reistad', 'Reistad', '1961-02-26', 84, 1.6, '10032', 'F');
Query OK, 1 row affected (0.0018 sec)
 MySQL  localhost:3306 ssl  hospital  SQL > insert into pacientes (nombre, apellido_pat, apellido_mat, fecha_nacimiento, peso, altura, numero_seguro_social, genero) values ('Arif', 'Merlo', 'Merlo', '1954-09-13', 92, 1.77, '10033', 'M');
Query OK, 1 row affected (0.0020 sec)
 MySQL  localhost:3306 ssl  hospital  SQL > insert into pacientes (nombre, apellido_pat, apellido_mat, fecha_nacimiento, peso, altura, numero_seguro_social, genero) values ('Bader', 'Swan', 'Swan', '1957-04-04', 69, 1.56, '10034', 'M');
Query OK, 1 row affected (0.0024 sec)
 MySQL  localhost:3306 ssl  hospital  SQL > insert into pacientes (nombre, apellido_pat, apellido_mat, fecha_nacimiento, peso, altura, numero_seguro_social, genero) values ('Alain', 'Chappelet', 'Chappelet', '1956-06-06', 57, 1.55, '10035', 'M');
Query OK, 1 row affected (0.0020 sec)
 MySQL  localhost:3306 ssl  hospital  SQL > insert into pacientes (nombre, apellido_pat, apellido_mat, fecha_nacimiento, peso, altura, numero_seguro_social, genero) values ('Adamantios', 'Portugali', 'Portugali', '1961-09-01', 62, 1.99, '10036', 'M');
Query OK, 1 row affected (0.0023 sec)
 MySQL  localhost:3306 ssl  hospital  SQL > insert into pacientes (nombre, apellido_pat, apellido_mat, fecha_nacimiento, peso, altura, numero_seguro_social, genero) values ('Pradeep', 'Makrucki', 'Makrucki', '1954-05-30', 60, 1.75, '10037', 'M');
Query OK, 1 row affected (0.0024 sec)
 MySQL  localhost:3306 ssl  hospital  SQL > insert into pacientes (nombre, apellido_pat, apellido_mat, fecha_nacimiento, peso, altura, numero_seguro_social, genero) values ('Huan', 'Lortz', 'Lortz', '1954-10-01', 97, 1.88, '10038', 'M');
Query OK, 1 row affected (0.0015 sec)
 MySQL  localhost:3306 ssl  hospital  SQL > insert into pacientes (nombre, apellido_pat, apellido_mat, fecha_nacimiento, peso, altura, numero_seguro_social, genero) values ('Alejandro', 'Brender', 'Brender', '1959-10-01', 92, 1.78, '10039', 'M');
Query OK, 1 row affected (0.0022 sec)
 MySQL  localhost:3306 ssl  hospital  SQL > insert into pacientes (nombre, apellido_pat, apellido_mat, fecha_nacimiento, peso, altura, numero_seguro_social, genero) values ('Weiyi', 'Meriste', 'Meriste', '1959-09-13', 97, 1.84, '10040', 'F');
Query OK, 1 row affected (0.0018 sec)
 MySQL  localhost:3306 ssl  hospital  SQL > insert into pacientes (nombre, apellido_pat, apellido_mat, fecha_nacimiento, peso, altura, numero_seguro_social, genero) values ('Uri', 'Lenart', 'Lenart', '1959-08-27', 80, 1.9, '10041', 'F');
Query OK, 1 row affected (0.0028 sec)
 MySQL  localhost:3306 ssl  hospital  SQL > insert into pacientes (nombre, apellido_pat, apellido_mat, fecha_nacimiento, peso, altura, numero_seguro_social, genero) values ('Magy', 'Stamatiou', 'Stamatiou', '1956-02-26', 69, 1.91, '10042', 'F');
Query OK, 1 row affected (0.0016 sec)
 MySQL  localhost:3306 ssl  hospital  SQL > insert into pacientes (nombre, apellido_pat, apellido_mat, fecha_nacimiento, peso, altura, numero_seguro_social, genero) values ('Yishay', 'Tzvieli', 'Tzvieli', '1960-09-19', 65, 1.95, '10043', 'M');
Query OK, 1 row affected (0.0020 sec)
 MySQL  localhost:3306 ssl  hospital  SQL > insert into pacientes (nombre, apellido_pat, apellido_mat, fecha_nacimiento, peso, altura, numero_seguro_social, genero) values ('Mingsen', 'Casley', 'Casley', '1961-09-21', 90, 1.8, '10044', 'F');
Query OK, 1 row affected (0.0020 sec)
 MySQL  localhost:3306 ssl  hospital  SQL > insert into pacientes (nombre, apellido_pat, apellido_mat, fecha_nacimiento, peso, altura, numero_seguro_social, genero) values ('Moss', 'Shanbhogue', 'Shanbhogue', '1957-08-14', 90, 1.97, '10045', 'M');
Query OK, 1 row affected (0.0023 sec)
 MySQL  localhost:3306 ssl  hospital  SQL > insert into pacientes (nombre, apellido_pat, apellido_mat, fecha_nacimiento, peso, altura, numero_seguro_social, genero) values ('Lucien', 'Rosenbaum', 'Rosenbaum', '1960-07-23', 85, 1.53, '10046', 'M');
Query OK, 1 row affected (0.0018 sec)
 MySQL  localhost:3306 ssl  hospital  SQL > insert into pacientes (nombre, apellido_pat, apellido_mat, fecha_nacimiento, peso, altura, numero_seguro_social, genero) values ('Zvonko', 'Nyanchama', 'Nyanchama', '1952-06-29', 78, 1.65, '10047', 'M');
Query OK, 1 row affected (0.0019 sec)
 MySQL  localhost:3306 ssl  hospital  SQL > insert into pacientes (nombre, apellido_pat, apellido_mat, fecha_nacimiento, peso, altura, numero_seguro_social, genero) values ('Florian', 'Syrotiuk', 'Syrotiuk', '1963-07-11', 76, 1.58, '10048', 'M');
Query OK, 1 row affected (0.0020 sec)
 MySQL  localhost:3306 ssl  hospital  SQL > insert into pacientes (nombre, apellido_pat, apellido_mat, fecha_nacimiento, peso, altura, numero_seguro_social, genero) values ('Basil', 'Tramer', 'Tramer', '1961-04-24', 99, 1.55, '10049', 'F');
Query OK, 1 row affected (0.0020 sec)
 MySQL  localhost:3306 ssl  hospital  SQL > insert into pacientes (nombre, apellido_pat, apellido_mat, fecha_nacimiento, peso, altura, numero_seguro_social, genero) values ('Yinghua', 'Dredge', 'Dredge', '1958-05-21', 78, 1.54, '10050', 'M');
Query OK, 1 row affected (0.0017 sec)
 MySQL  localhost:3306 ssl  hospital  SQL > insert into pacientes (nombre, apellido_pat, apellido_mat, fecha_nacimiento, peso, altura, numero_seguro_social, genero) values ('Hidefumi', 'Caine', 'Caine', '1953-07-28', 54, 1.84, '10051', 'M');
Query OK, 1 row affected (0.0021 sec)
 MySQL  localhost:3306 ssl  hospital  SQL > insert into pacientes (nombre, apellido_pat, apellido_mat, fecha_nacimiento, peso, altura, numero_seguro_social, genero) values ('Heping', 'Nitsch', 'Nitsch', '1961-02-26', 85, 1.59, '10052', 'M');
Query OK, 1 row affected (0.0017 sec)
 MySQL  localhost:3306 ssl  hospital  SQL > insert into pacientes (nombre, apellido_pat, apellido_mat, fecha_nacimiento, peso, altura, numero_seguro_social, genero) values ('Sanjiv', 'Zschoche', 'Zschoche', '1954-09-13', 52, 1.53, '10053', 'F');
Query OK, 1 row affected (0.0018 sec)
 MySQL  localhost:3306 ssl  hospital  SQL > insert into pacientes (nombre, apellido_pat, apellido_mat, fecha_nacimiento, peso, altura, numero_seguro_social, genero) values ('Mayumi', 'Schueller', 'Schueller', '1957-04-04', 75, 1.72, '10054', 'M');
Query OK, 1 row affected (0.0017 sec)
 MySQL  localhost:3306 ssl  hospital  SQL > insert into pacientes (nombre, apellido_pat, apellido_mat, fecha_nacimiento, peso, altura, numero_seguro_social, genero) values ('Georgy', 'Dredge', 'Dredge', '1956-06-06', 97, 1.61, '10055', 'M');
Query OK, 1 row affected (0.0030 sec)
 MySQL  localhost:3306 ssl  hospital  SQL > insert into pacientes (nombre, apellido_pat, apellido_mat, fecha_nacimiento, peso, altura, numero_seguro_social, genero) values ('Brendon', 'Bernini', 'Bernini', '1961-09-01', 91, 1.63, '10056', 'F');
Query OK, 1 row affected (0.0018 sec)
 MySQL  localhost:3306 ssl  hospital  SQL > insert into pacientes (nombre, apellido_pat, apellido_mat, fecha_nacimiento, peso, altura, numero_seguro_social, genero) values ('Ebbe', 'Callaway', 'Callaway', '1954-05-30', 91, 1.96, '10057', 'F');
Query OK, 1 row affected (0.0019 sec)
 MySQL  localhost:3306 ssl  hospital  SQL > insert into pacientes (nombre, apellido_pat, apellido_mat, fecha_nacimiento, peso, altura, numero_seguro_social, genero) values ('Berhard', 'McFarlin', 'McFarlin', '1954-10-01', 99, 1.96, '10058', 'M');
Query OK, 1 row affected (0.0033 sec)
 MySQL  localhost:3306 ssl  hospital  SQL > insert into empleados (nomrbe, apellido_pat, apellido_mat, titulo, fecha_nacimiento) values ('Alejandro', 'McAlpine', 'McAlpine', 'Senior Engineer', '1953-09-19');
ERROR: 1054 (42S22): Unknown column 'nomrbe' in 'field list'
 MySQL  localhost:3306 ssl  hospital  SQL > insert into empleados (nomrbe, apellido_pat, apellido_mat, titulo, fecha_nacimiento) values ('Breannda', 'Billingsley', 'Billingsley', 'Staff', '1961-10-15');
ERROR: 1054 (42S22): Unknown column 'nomrbe' in 'field list'
 MySQL  localhost:3306 ssl  hospital  SQL > insert into empleados (nomrbe, apellido_pat, apellido_mat, titulo, fecha_nacimiento) values ('Tse', 'Herber', 'Herber', 'Senior Engineer', '1962-10-19');
ERROR: 1054 (42S22): Unknown column 'nomrbe' in 'field list'
 MySQL  localhost:3306 ssl  hospital  SQL > insert into empleados (nomrbe, apellido_pat, apellido_mat, titulo, fecha_nacimiento) values ('Anoosh', 'Peyn', 'Peyn', 'Engineer', '1961-11-02');
ERROR: 1054 (42S22): Unknown column 'nomrbe' in 'field list'
 MySQL  localhost:3306 ssl  hospital  SQL > insert into empleados (nomrbe, apellido_pat, apellido_mat, titulo, fecha_nacimiento) values ('Gino', 'Leonhardt', 'Leonhardt', 'Senior Engineer', '1952-08-06');
ERROR: 1054 (42S22): Unknown column 'nomrbe' in 'field list'
 MySQL  localhost:3306 ssl  hospital  SQL > insert into empleados (nomrbe, apellido_pat, apellido_mat, titulo, fecha_nacimiento) values ('Udi', 'Jansch', 'Jansch', 'Senior Staff', '1959-04-07');
ERROR: 1054 (42S22): Unknown column 'nomrbe' in 'field list'
 MySQL  localhost:3306 ssl  hospital  SQL > insert into empleados (nomrbe, apellido_pat, apellido_mat, titulo, fecha_nacimiento) values ('Satosi', 'Awdeh', 'Awdeh', 'Staff', '1963-04-14');
ERROR: 1054 (42S22): Unknown column 'nomrbe' in 'field list'
 MySQL  localhost:3306 ssl  hospital  SQL > insert into empleados (nomrbe, apellido_pat, apellido_mat, titulo, fecha_nacimiento) values ('Kwee', 'Schusler', 'Schusler', 'Senior Engineer', '1952-11-13');
ERROR: 1054 (42S22): Unknown column 'nomrbe' in 'field list'
 MySQL  localhost:3306 ssl  hospital  SQL > insert into empleados (nomrbe, apellido_pat, apellido_mat, titulo, fecha_nacimiento) values ('Claudi', 'Stavenow', 'Stavenow', 'Senior Staff', '1953-01-07');
ERROR: 1054 (42S22): Unknown column 'nomrbe' in 'field list'
 MySQL  localhost:3306 ssl  hospital  SQL > insert into empleados (nomrbe, apellido_pat, apellido_mat, titulo, fecha_nacimiento) values ('Charlene', 'Brattka', 'Brattka', 'Staff', '1962-11-26');
ERROR: 1054 (42S22): Unknown column 'nomrbe' in 'field list'
 MySQL  localhost:3306 ssl  hospital  SQL > insert into empleados (nomrbe, apellido_pat, apellido_mat, titulo, fecha_nacimiento) values ('Margareta', 'Bierman', 'Bierman', 'Assistant Engineer', '1960-09-06');
ERROR: 1054 (42S22): Unknown column 'nomrbe' in 'field list'
 MySQL  localhost:3306 ssl  hospital  SQL > insert into empleados (nomrbe, apellido_pat, apellido_mat, titulo, fecha_nacimiento) values ('Reuven', 'Garigliano', 'Garigliano', 'Assistant Engineer', '1955-08-20');
ERROR: 1054 (42S22): Unknown column 'nomrbe' in 'field list'
 MySQL  localhost:3306 ssl  hospital  SQL > insert into empleados (nomrbe, apellido_pat, apellido_mat, titulo, fecha_nacimiento) values ('Hisao', 'Lipner', 'Lipner', 'Engineer', '1958-01-21');
ERROR: 1054 (42S22): Unknown column 'nomrbe' in 'field list'
 MySQL  localhost:3306 ssl  hospital  SQL > insert into empleados (nomrbe, apellido_pat, apellido_mat, titulo, fecha_nacimiento) values ('Hironoby', 'Sidou', 'Sidou', 'Senior Engineer', '1952-05-15');
ERROR: 1054 (42S22): Unknown column 'nomrbe' in 'field list'
 MySQL  localhost:3306 ssl  hospital  SQL > insert into empleados (nomrbe, apellido_pat, apellido_mat, titulo, fecha_nacimiento) values ('Shir', 'McClurg', 'McClurg', 'Engineer', '1954-02-23');
ERROR: 1054 (42S22): Unknown column 'nomrbe' in 'field list'
 MySQL  localhost:3306 ssl  hospital  SQL > insert into empleados (nomrbe, apellido_pat, apellido_mat, titulo, fecha_nacimiento) values ('Mokhtar', 'Bernatsky', 'Bernatsky', 'Staff', '1955-08-28');
ERROR: 1054 (42S22): Unknown column 'nomrbe' in 'field list'
 MySQL  localhost:3306 ssl  hospital  SQL > insert into empleados (nomrbe, apellido_pat, apellido_mat, titulo, fecha_nacimiento) values ('Gao', 'Dolinsky', 'Dolinsky', 'Engineer', '1960-03-09');
ERROR: 1054 (42S22): Unknown column 'nomrbe' in 'field list'
 MySQL  localhost:3306 ssl  hospital  SQL > insert into empleados (nomrbe, apellido_pat, apellido_mat, titulo, fecha_nacimiento) values ('Erez', 'Ritzmann', 'Ritzmann', 'Senior Engineer', '1952-06-13');
ERROR: 1054 (42S22): Unknown column 'nomrbe' in 'field list'
 MySQL  localhost:3306 ssl  hospital  SQL > insert into empleados (nomrbe, apellido_pat, apellido_mat, titulo, fecha_nacimiento) values ('Mona', 'Azuma', 'Azuma', 'Senior Staff', '1964-04-18');
ERROR: 1054 (42S22): Unknown column 'nomrbe' in 'field list'
 MySQL  localhost:3306 ssl  hospital  SQL > insert into empleados (nomrbe, apellido_pat, apellido_mat, titulo, fecha_nacimiento) values ('Danel', 'Mondadori', 'Mondadori', 'Engineer', '1959-12-25');
ERROR: 1054 (42S22): Unknown column 'nomrbe' in 'field list'
 MySQL  localhost:3306 ssl  hospital  SQL > insert into empleados (nomrbe, apellido_pat, apellido_mat, titulo, fecha_nacimiento) values ('Kshitij', 'Gils', 'Gils', 'Senior Staff', '1961-10-05');
ERROR: 1054 (42S22): Unknown column 'nomrbe' in 'field list'
 MySQL  localhost:3306 ssl  hospital  SQL > insert into empleados (nomrbe, apellido_pat, apellido_mat, titulo, fecha_nacimiento) values ('Premal', 'Baek', 'Baek', 'Staff', '1957-12-03');
ERROR: 1054 (42S22): Unknown column 'nomrbe' in 'field list'
 MySQL  localhost:3306 ssl  hospital  SQL > insert into empleados (nomrbe, apellido_pat, apellido_mat, titulo, fecha_nacimiento) values ('Zhongwei', 'Rosen', 'Rosen', 'Senior Staff', '1960-12-17');
ERROR: 1054 (42S22): Unknown column 'nomrbe' in 'field list'
 MySQL  localhost:3306 ssl  hospital  SQL > insert into empleados (nomrbe, apellido_pat, apellido_mat, titulo, fecha_nacimiento) values ('Parviz', 'Lortz', 'Lortz', 'Staff', '1963-09-09');
ERROR: 1054 (42S22): Unknown column 'nomrbe' in 'field list'
 MySQL  localhost:3306 ssl  hospital  SQL > insert into empleados (nomrbe, apellido_pat, apellido_mat, titulo, fecha_nacimiento) values ('Vishv', 'Zockler', 'Zockler', 'Engineer', '1959-07-23');
ERROR: 1054 (42S22): Unknown column 'nomrbe' in 'field list'
 MySQL  localhost:3306 ssl  hospital  SQL > insert into empleados (nomrbe, apellido_pat, apellido_mat, titulo, fecha_nacimiento) values ('Tuval', 'Kalloufi', 'Kalloufi', 'Senior Engineer', '1960-05-25');
ERROR: 1054 (42S22): Unknown column 'nomrbe' in 'field list'
 MySQL  localhost:3306 ssl  hospital  SQL > insert into empleados (nomrbe, apellido_pat, apellido_mat, titulo, fecha_nacimiento) values ('Kenroku', 'Malabarba', 'Malabarba', 'Staff', '1962-11-07');
ERROR: 1054 (42S22): Unknown column 'nomrbe' in 'field list'
 MySQL  localhost:3306 ssl  hospital  SQL > insert into empleados (nomrbe, apellido_pat, apellido_mat, titulo, fecha_nacimiento) values ('Somnath', 'Foote', 'Foote', 'Engineer', '1962-11-19');
ERROR: 1054 (42S22): Unknown column 'nomrbe' in 'field list'
 MySQL  localhost:3306 ssl  hospital  SQL > insert into empleados (nomrbe, apellido_pat, apellido_mat, titulo, fecha_nacimiento) values ('Xinglin', 'Eugenio', 'Eugenio', 'Technique Leader', '1959-07-23');
ERROR: 1054 (42S22): Unknown column 'nomrbe' in 'field list'
 MySQL  localhost:3306 ssl  hospital  SQL > insert into empleados (nomrbe, apellido_pat, apellido_mat, titulo, fecha_nacimiento) values ('Jungsoon', 'Syrzycki', 'Syrzycki', 'Engineer', '1954-02-25');
ERROR: 1054 (42S22): Unknown column 'nomrbe' in 'field list'
 MySQL  localhost:3306 ssl  hospital  SQL > insert into empleados (nomrbe, apellido_pat, apellido_mat, titulo, fecha_nacimiento) values ('Jungsoon', 'Syrzycki', 'Syrzycki', 'Engineer', '1954-02-25');^C
 MySQL  localhost:3306 ssl  hospital  SQL > insert
                                            insert into empleados (nombre, apellido_pat, apellido_mat, titulo, fecha_nacimiento) values ('Alejandro', 'McAlpine', 'McAlpine', 'Senior Engineer', '1953-09-19');
Query OK, 1 row affected (0.0036 sec)
 MySQL  localhost:3306 ssl  hospital  SQL > insert into empleados (nombre, apellido_pat, apellido_mat, titulo, fecha_nacimiento) values ('Breannda', 'Billingsley', 'Billingsley', 'Staff', '1961-10-15');
Query OK, 1 row affected (0.0017 sec)
 MySQL  localhost:3306 ssl  hospital  SQL > insert into empleados (nombre, apellido_pat, apellido_mat, titulo, fecha_nacimiento) values ('Tse', 'Herber', 'Herber', 'Senior Engineer', '1962-10-19');
Query OK, 1 row affected (0.0014 sec)
 MySQL  localhost:3306 ssl  hospital  SQL > insert into empleados (nombre, apellido_pat, apellido_mat, titulo, fecha_nacimiento) values ('Anoosh', 'Peyn', 'Peyn', 'Engineer', '1961-11-02');
Query OK, 1 row affected (0.0014 sec)
 MySQL  localhost:3306 ssl  hospital  SQL > insert into empleados (nombre, apellido_pat, apellido_mat, titulo, fecha_nacimiento) values ('Gino', 'Leonhardt', 'Leonhardt', 'Senior Engineer', '1952-08-06');
Query OK, 1 row affected (0.0015 sec)
 MySQL  localhost:3306 ssl  hospital  SQL > insert into empleados (nombre, apellido_pat, apellido_mat, titulo, fecha_nacimiento) values ('Udi', 'Jansch', 'Jansch', 'Senior Staff', '1959-04-07');
Query OK, 1 row affected (0.0019 sec)
 MySQL  localhost:3306 ssl  hospital  SQL > insert into empleados (nombre, apellido_pat, apellido_mat, titulo, fecha_nacimiento) values ('Satosi', 'Awdeh', 'Awdeh', 'Staff', '1963-04-14');
Query OK, 1 row affected (0.0029 sec)
 MySQL  localhost:3306 ssl  hospital  SQL > insert into empleados (nombre, apellido_pat, apellido_mat, titulo, fecha_nacimiento) values ('Kwee', 'Schusler', 'Schusler', 'Senior Engineer', '1952-11-13');
Query OK, 1 row affected (0.0017 sec)
 MySQL  localhost:3306 ssl  hospital  SQL > insert into empleados (nombre, apellido_pat, apellido_mat, titulo, fecha_nacimiento) values ('Claudi', 'Stavenow', 'Stavenow', 'Senior Staff', '1953-01-07');
Query OK, 1 row affected (0.0015 sec)
 MySQL  localhost:3306 ssl  hospital  SQL > insert into empleados (nombre, apellido_pat, apellido_mat, titulo, fecha_nacimiento) values ('Charlene', 'Brattka', 'Brattka', 'Staff', '1962-11-26');
Query OK, 1 row affected (0.0016 sec)
 MySQL  localhost:3306 ssl  hospital  SQL > insert into empleados (nombre, apellido_pat, apellido_mat, titulo, fecha_nacimiento) values ('Margareta', 'Bierman', 'Bierman', 'Assistant Engineer', '1960-09-06');
Query OK, 1 row affected (0.0021 sec)
 MySQL  localhost:3306 ssl  hospital  SQL > insert into empleados (nombre, apellido_pat, apellido_mat, titulo, fecha_nacimiento) values ('Reuven', 'Garigliano', 'Garigliano', 'Assistant Engineer', '1955-08-20');
Query OK, 1 row affected (0.0014 sec)
 MySQL  localhost:3306 ssl  hospital  SQL > insert into empleados (nombre, apellido_pat, apellido_mat, titulo, fecha_nacimiento) values ('Hisao', 'Lipner', 'Lipner', 'Engineer', '1958-01-21');
Query OK, 1 row affected (0.0014 sec)
 MySQL  localhost:3306 ssl  hospital  SQL > insert into empleados (nombre, apellido_pat, apellido_mat, titulo, fecha_nacimiento) values ('Hironoby', 'Sidou', 'Sidou', 'Senior Engineer', '1952-05-15');
Query OK, 1 row affected (0.0023 sec)
 MySQL  localhost:3306 ssl  hospital  SQL > insert into empleados (nombre, apellido_pat, apellido_mat, titulo, fecha_nacimiento) values ('Shir', 'McClurg', 'McClurg', 'Engineer', '1954-02-23');
Query OK, 1 row affected (0.0018 sec)
 MySQL  localhost:3306 ssl  hospital  SQL > insert into empleados (nombre, apellido_pat, apellido_mat, titulo, fecha_nacimiento) values ('Mokhtar', 'Bernatsky', 'Bernatsky', 'Staff', '1955-08-28');
Query OK, 1 row affected (0.0018 sec)
 MySQL  localhost:3306 ssl  hospital  SQL > insert into empleados (nombre, apellido_pat, apellido_mat, titulo, fecha_nacimiento) values ('Gao', 'Dolinsky', 'Dolinsky', 'Engineer', '1960-03-09');
Query OK, 1 row affected (0.0017 sec)
 MySQL  localhost:3306 ssl  hospital  SQL > insert into empleados (nombre, apellido_pat, apellido_mat, titulo, fecha_nacimiento) values ('Erez', 'Ritzmann', 'Ritzmann', 'Senior Engineer', '1952-06-13');
Query OK, 1 row affected (0.0026 sec)
 MySQL  localhost:3306 ssl  hospital  SQL > insert into empleados (nombre, apellido_pat, apellido_mat, titulo, fecha_nacimiento) values ('Mona', 'Azuma', 'Azuma', 'Senior Staff', '1964-04-18');
Query OK, 1 row affected (0.0017 sec)
 MySQL  localhost:3306 ssl  hospital  SQL > insert into empleados (nombre, apellido_pat, apellido_mat, titulo, fecha_nacimiento) values ('Danel', 'Mondadori', 'Mondadori', 'Engineer', '1959-12-25');
Query OK, 1 row affected (0.0023 sec)
 MySQL  localhost:3306 ssl  hospital  SQL > insert into empleados (nombre, apellido_pat, apellido_mat, titulo, fecha_nacimiento) values ('Kshitij', 'Gils', 'Gils', 'Senior Staff', '1961-10-05');
Query OK, 1 row affected (0.0016 sec)
 MySQL  localhost:3306 ssl  hospital  SQL > insert into empleados (nombre, apellido_pat, apellido_mat, titulo, fecha_nacimiento) values ('Premal', 'Baek', 'Baek', 'Staff', '1957-12-03');
Query OK, 1 row affected (0.0029 sec)
 MySQL  localhost:3306 ssl  hospital  SQL > insert into empleados (nombre, apellido_pat, apellido_mat, titulo, fecha_nacimiento) values ('Zhongwei', 'Rosen', 'Rosen', 'Senior Staff', '1960-12-17');
Query OK, 1 row affected (0.0019 sec)
 MySQL  localhost:3306 ssl  hospital  SQL > insert into empleados (nombre, apellido_pat, apellido_mat, titulo, fecha_nacimiento) values ('Parviz', 'Lortz', 'Lortz', 'Staff', '1963-09-09');
Query OK, 1 row affected (0.0024 sec)
 MySQL  localhost:3306 ssl  hospital  SQL > insert into empleados (nombre, apellido_pat, apellido_mat, titulo, fecha_nacimiento) values ('Vishv', 'Zockler', 'Zockler', 'Engineer', '1959-07-23');
Query OK, 1 row affected (0.0019 sec)
 MySQL  localhost:3306 ssl  hospital  SQL > insert into empleados (nombre, apellido_pat, apellido_mat, titulo, fecha_nacimiento) values ('Tuval', 'Kalloufi', 'Kalloufi', 'Senior Engineer', '1960-05-25');
Query OK, 1 row affected (0.0022 sec)
 MySQL  localhost:3306 ssl  hospital  SQL > insert into empleados (nombre, apellido_pat, apellido_mat, titulo, fecha_nacimiento) values ('Kenroku', 'Malabarba', 'Malabarba', 'Staff', '1962-11-07');
Query OK, 1 row affected (0.0019 sec)
 MySQL  localhost:3306 ssl  hospital  SQL > insert into empleados (nombre, apellido_pat, apellido_mat, titulo, fecha_nacimiento) values ('Somnath', 'Foote', 'Foote', 'Engineer', '1962-11-19');
Query OK, 1 row affected (0.0031 sec)
 MySQL  localhost:3306 ssl  hospital  SQL > insert into empleados (nombre, apellido_pat, apellido_mat, titulo, fecha_nacimiento) values ('Xinglin', 'Eugenio', 'Eugenio', 'Technique Leader', '1959-07-23');
Query OK, 1 row affected (0.0018 sec)
 MySQL  localhost:3306 ssl  hospital  SQL > insert into empleados (nombre, apellido_pat, apellido_mat, titulo, fecha_nacimiento) values ('Jungsoon', 'Syrzycki', 'Syrzycki', 'Engineer', '1954-02-25');
Query OK, 1 row affected (0.0022 sec)
 MySQL  localhost:3306 ssl  hospital  SQL >


MySQL  SQL > \connect --mc root@localhost
Creating a Classic session to 'root@localhost'
Fetching global names for auto-completion... Press ^C to stop.
Your MySQL connection id is 15
Server version: 8.0.31 MySQL Community Server - GPL
No default schema selected; type \use <schema> to set one.
 MySQL  localhost:3306 ssl  SQL >  MySQL  localhost:3306 ssl  SQL > alter user 'root'@'localhost' IDENTIFIED WITH 'mysq                    MySQL  localhost:3306 ssl  SQL > alter user 'root'@'localhost' IDENTIFIED WITH 'mysql                   MySQL  localhost:3306 ssl  SQL > alter user 'root'@'localhost' IDENTIFIED WITH 'mysql_native_pass^Crd' by 'root';
 MySQL  localhost:3306 ssl  SQL > alter user 'root'@'localhost' IDENTIFIED WITH 'mysql_native_password' by 'root';
Query OK, 0 rows affected (0.0149 sec)
 MySQL  localhost:3306 ssl  SQL > show tables
                               -> ;
ERROR: 1046 (3D000): No database selected
 MySQL  localhost:3306 ssl  SQL > \hospital
Unknown command: '\hospital'
 MySQL  localhost:3306 ssl  SQL > ;
ERROR: 1065 (42000): Query was empty
 MySQL  localhost:3306 ssl  SQL > \use hospital
Default schema set to `hospital`.
Fetching global names, object names from `hospital` for auto-completion... Press ^C to stop.
 MySQL  localhost:3306 ssl  hospital  SQL > show tables;
+----------------------------+
| Tables_in_hospital         |
+----------------------------+
| cuartos                    |
| cuentas_pacientes          |
| cuentas_pacientes_detalles |
| direcciones                |
| direcciones_empleados      |
| direcciones_pacientes      |
| empleados                  |
| formas_pago                |
| formas_pago_pacientes      |
| pacientes                  |
| registro_pacientes         |
+----------------------------+
11 rows in set (0.0035 sec)
 MySQL  localhost:3306 ssl  hospital  SQL > select * from cuentas_pacientes;
Empty set (0.0016 sec)
 MySQL  localhost:3306 ssl  hospital  SQL > select * from paciente_id;
ERROR: 1146 (42S02): Table 'hospital.paciente_id' doesn't exist
 MySQL  localhost:3306 ssl  hospital  SQL > select * from paciente;
ERROR: 1146 (42S02): Table 'hospital.paciente' doesn't exist
 MySQL  localhost:3306 ssl  hospital  SQL > select * from pacientes;
+-------------+------------+--------------+--------------+------------------+------+--------+----------------------+--------+---------------+------------------+----------------+-------+
| paciente_id | nombre     | apellido_pat | apellido_mat | fecha_nacimiento | peso | altura | numero_seguro_social | genero | telefono_casa | telefono_trabajo | telefono_movil | otros |
+-------------+------------+--------------+--------------+------------------+------+--------+----------------------+--------+---------------+------------------+----------------+-------+
|           1 | Georgi     | Facello      | Facello      | 1960-02-20       |   93 |   1.99 | 10001                | M      | NULL          | NULL             | NULL           | NULL  |
|           2 | Bezalel    | Simmel       | Simmel       | 1952-07-08       |   88 |   1.69 | 10002                | F      | NULL          | NULL             | NULL           | NULL  |
|           3 | Parto      | Bamford      | Bamford      | 1953-09-29       |   62 |   1.88 | 10003                | M      | NULL          | NULL             | NULL           | NULL  |
|           4 | Chirstian  | Koblick      | Koblick      | 1958-09-05       |   93 |   1.84 | 10004                | M      | NULL          | NULL             | NULL           | NULL  |
|           5 | Kyoichi    | Maliniak     | Maliniak     | 1958-10-31       |   86 |   1.89 | 10005                | M      | NULL          | NULL             | NULL           | NULL  |
|           6 | Anneke     | Preusig      | Preusig      | 1953-04-03       |   86 |   1.54 | 10006                | F      | NULL          | NULL             | NULL           | NULL  |
|           7 | Tzvetan    | Zielinski    | Zielinski    | 1962-07-10       |   56 |   1.77 | 10007                | F      | NULL          | NULL             | NULL           | NULL  |
|           8 | Saniya     | Kalloufi     | Kalloufi     | 1963-11-26       |   78 |   1.82 | 10008                | M      | NULL          | NULL             | NULL           | NULL  |
|           9 | Sumant     | Peac         | Peac         | 1956-12-13       |   85 |   1.64 | 10009                | F      | NULL          | NULL             | NULL           | NULL  |
|          10 | Duangkaew  | Piveteau     | Piveteau     | 1958-07-14       |   92 |   1.71 | 10010                | F      | NULL          | NULL             | NULL           | NULL  |
|          11 | Mary       | Sluis        | Sluis        | 1959-01-27       |   96 |   1.96 | 10011                | F      | NULL          | NULL             | NULL           | NULL  |
|          12 | Patricio   | Bridgland    | Bridgland    | 1960-08-09       |   63 |    1.9 | 10012                | M      | NULL          | NULL             | NULL           | NULL  |
|          13 | Eberhardt  | Terkki       | Terkki       | 1956-11-14       |   81 |   1.64 | 10013                | M      | NULL          | NULL             | NULL           | NULL  |
|          14 | Berni      | Genin        | Genin        | 1962-12-29       |   67 |   1.74 | 10014                | M      | NULL          | NULL             | NULL           | NULL  |
|          15 | Guoxiang   | Nooteboom    | Nooteboom    | 1953-02-08       |   60 |   1.55 | 10015                | M      | NULL          | NULL             | NULL           | NULL  |
|          16 | Kazuhito   | Cappelletti  | Cappelletti  | 1959-08-10       |   97 |   1.71 | 10016                | M      | NULL          | NULL             | NULL           | NULL  |
|          17 | Cristinel  | Bouloucos    | Bouloucos    | 1963-07-22       |   66 |   1.91 | 10017                | F      | NULL          | NULL             | NULL           | NULL  |
|          18 | Kazuhide   | Peha         | Peha         | 1960-07-20       |   88 |   1.51 | 10018                | F      | NULL          | NULL             | NULL           | NULL  |
|          19 | Lillian    | Haddadi      | Haddadi      | 1959-10-01       |   85 |   1.61 | 10019                | M      | NULL          | NULL             | NULL           | NULL  |
|          20 | Mayuko     | Warwick      | Warwick      | 1959-09-13       |   96 |   1.78 | 10020                | M      | NULL          | NULL             | NULL           | NULL  |
|          21 | Ramzi      | Erde         | Erde         | 1959-08-27       |   91 |   1.61 | 10021                | M      | NULL          | NULL             | NULL           | NULL  |
|          22 | Shahaf     | Famili       | Famili       | 1956-02-26       |   70 |   1.81 | 10022                | M      | NULL          | NULL             | NULL           | NULL  |
|          23 | Bojan      | Montemayor   | Montemayor   | 1960-09-19       |   86 |    1.8 | 10023                | F      | NULL          | NULL             | NULL           | NULL  |
|          24 | Suzette    | Pettey       | Pettey       | 1961-09-21       |   79 |   1.74 | 10024                | F      | NULL          | NULL             | NULL           | NULL  |
|          25 | Prasadram  | Heyers       | Heyers       | 1957-08-14       |   91 |   1.95 | 10025                | M      | NULL          | NULL             | NULL           | NULL  |
|          26 | Yongqiao   | Berztiss     | Berztiss     | 1960-07-23       |   75 |   1.91 | 10026                | M      | NULL          | NULL             | NULL           | NULL  |
|          27 | Divier     | Reistad      | Reistad      | 1952-06-29       |   57 |    1.6 | 10027                | F      | NULL          | NULL             | NULL           | NULL  |
|          28 | Domenick   | Tempesti     | Tempesti     | 1963-07-11       |   62 |   1.72 | 10028                | M      | NULL          | NULL             | NULL           | NULL  |
|          29 | Otmar      | Herbst       | Herbst       | 1961-04-24       |   77 |    1.6 | 10029                | M      | NULL          | NULL             | NULL           | NULL  |
|          30 | Elvis      | Demeyer      | Demeyer      | 1958-05-21       |   93 |   1.64 | 10030                | M      | NULL          | NULL             | NULL           | NULL  |
|          31 | Karsten    | Joslin       | Joslin       | 1953-07-28       |   95 |   1.52 | 10031                | M      | NULL          | NULL             | NULL           | NULL  |
|          32 | Jeong      | Reistad      | Reistad      | 1961-02-26       |   84 |    1.6 | 10032                | F      | NULL          | NULL             | NULL           | NULL  |
|          33 | Arif       | Merlo        | Merlo        | 1954-09-13       |   92 |   1.77 | 10033                | M      | NULL          | NULL             | NULL           | NULL  |
|          34 | Bader      | Swan         | Swan         | 1957-04-04       |   69 |   1.56 | 10034                | M      | NULL          | NULL             | NULL           | NULL  |
|          35 | Alain      | Chappelet    | Chappelet    | 1956-06-06       |   57 |   1.55 | 10035                | M      | NULL          | NULL             | NULL           | NULL  |
|          36 | Adamantios | Portugali    | Portugali    | 1961-09-01       |   62 |   1.99 | 10036                | M      | NULL          | NULL             | NULL           | NULL  |
|          37 | Pradeep    | Makrucki     | Makrucki     | 1954-05-30       |   60 |   1.75 | 10037                | M      | NULL          | NULL             | NULL           | NULL  |
|          38 | Huan       | Lortz        | Lortz        | 1954-10-01       |   97 |   1.88 | 10038                | M      | NULL          | NULL             | NULL           | NULL  |
|          39 | Alejandro  | Brender      | Brender      | 1959-10-01       |   92 |   1.78 | 10039                | M      | NULL          | NULL             | NULL           | NULL  |
|          40 | Weiyi      | Meriste      | Meriste      | 1959-09-13       |   97 |   1.84 | 10040                | F      | NULL          | NULL             | NULL           | NULL  |
|          41 | Uri        | Lenart       | Lenart       | 1959-08-27       |   80 |    1.9 | 10041                | F      | NULL          | NULL             | NULL           | NULL  |
|          42 | Magy       | Stamatiou    | Stamatiou    | 1956-02-26       |   69 |   1.91 | 10042                | F      | NULL          | NULL             | NULL           | NULL  |
|          43 | Yishay     | Tzvieli      | Tzvieli      | 1960-09-19       |   65 |   1.95 | 10043                | M      | NULL          | NULL             | NULL           | NULL  |
|          44 | Mingsen    | Casley       | Casley       | 1961-09-21       |   90 |    1.8 | 10044                | F      | NULL          | NULL             | NULL           | NULL  |
|          45 | Moss       | Shanbhogue   | Shanbhogue   | 1957-08-14       |   90 |   1.97 | 10045                | M      | NULL          | NULL             | NULL           | NULL  |
|          46 | Lucien     | Rosenbaum    | Rosenbaum    | 1960-07-23       |   85 |   1.53 | 10046                | M      | NULL          | NULL             | NULL           | NULL  |
|          47 | Zvonko     | Nyanchama    | Nyanchama    | 1952-06-29       |   78 |   1.65 | 10047                | M      | NULL          | NULL             | NULL           | NULL  |
|          48 | Florian    | Syrotiuk     | Syrotiuk     | 1963-07-11       |   76 |   1.58 | 10048                | M      | NULL          | NULL             | NULL           | NULL  |
|          49 | Basil      | Tramer       | Tramer       | 1961-04-24       |   99 |   1.55 | 10049                | F      | NULL          | NULL             | NULL           | NULL  |
|          50 | Yinghua    | Dredge       | Dredge       | 1958-05-21       |   78 |   1.54 | 10050                | M      | NULL          | NULL             | NULL           | NULL  |
|          51 | Hidefumi   | Caine        | Caine        | 1953-07-28       |   54 |   1.84 | 10051                | M      | NULL          | NULL             | NULL           | NULL  |
|          52 | Heping     | Nitsch       | Nitsch       | 1961-02-26       |   85 |   1.59 | 10052                | M      | NULL          | NULL             | NULL           | NULL  |
|          53 | Sanjiv     | Zschoche     | Zschoche     | 1954-09-13       |   52 |   1.53 | 10053                | F      | NULL          | NULL             | NULL           | NULL  |
|          54 | Mayumi     | Schueller    | Schueller    | 1957-04-04       |   75 |   1.72 | 10054                | M      | NULL          | NULL             | NULL           | NULL  |
|          55 | Georgy     | Dredge       | Dredge       | 1956-06-06       |   97 |   1.61 | 10055                | M      | NULL          | NULL             | NULL           | NULL  |
|          56 | Brendon    | Bernini      | Bernini      | 1961-09-01       |   91 |   1.63 | 10056                | F      | NULL          | NULL             | NULL           | NULL  |
|          57 | Ebbe       | Callaway     | Callaway     | 1954-05-30       |   91 |   1.96 | 10057                | F      | NULL          | NULL             | NULL           | NULL  |
|          58 | Berhard    | McFarlin     | McFarlin     | 1954-10-01       |   99 |   1.96 | 10058                | M      | NULL          | NULL             | NULL           | NULL  |
+-------------+------------+--------------+--------------+------------------+------+--------+----------------------+--------+---------------+------------------+----------------+-------+
58 rows in set (0.0024 sec)
 MySQL  localhost:3306 ssl  hospital  SQL > insert into cuarto (paciente_id, numero_cuarto, inicio_estadia, fin_estadia) values (1,121, '10/04/2017', '17/04/2017',);
ERROR: 1064 (42000): You have an error in your SQL syntax; check the manual that corresponds to your MySQL server version for the right syntax to use near ')' at line 1
 MySQL  localhost:3306 ssl  hospital  SQL > insert into cuarto (paciente_id, numero_cuarto, inicio_estadia, fin_estadia) values (2,190, '11/04/2017', '13/04/2017',);
ERROR: 1064 (42000): You have an error in your SQL syntax; check the manual that corresponds to your MySQL server version for the right syntax to use near ')' at line 1
 MySQL  localhost:3306 ssl  hospital  SQL > insert into cuarto (paciente_id, numero_cuarto, inicio_estadia, fin_estadia) values (3,108, '12/04/2017', '17/04/2017',);
ERROR: 1064 (42000): You have an error in your SQL syntax; check the manual that corresponds to your MySQL server version for the right syntax to use near ')' at line 1
 MySQL  localhost:3306 ssl  hospital  SQL > insert into cuarto (paciente_id, numero_cuarto, inicio_estadia, fin_estadia) values (4,179, '13/04/2017', '18/04/2017',);
ERROR: 1064 (42000): You have an error in your SQL syntax; check the manual that corresponds to your MySQL server version for the right syntax to use near ')' at line 1
 MySQL  localhost:3306 ssl  hospital  SQL > insert into cuarto (paciente_id, numero_cuarto, inicio_estadia, fin_estadia) values (5,158, '14/04/2017', '17/04/2017',);
ERROR: 1064 (42000): You have an error in your SQL syntax; check the manual that corresponds to your MySQL server version for the right syntax to use near ')' at line 1
 MySQL  localhost:3306 ssl  hospital  SQL > insert into cuarto (paciente_id, numero_cuarto, inicio_estadia, fin_estadia) values (6,183, '15/04/2017', '16/04/2017',);
ERROR: 1064 (42000): You have an error in your SQL syntax; check the manual that corresponds to your MySQL server version for the right syntax to use near ')' at line 1
 MySQL  localhost:3306 ssl  hospital  SQL > insert into cuarto (paciente_id, numero_cuarto, inicio_estadia, fin_estadia) values (7,142, '16/04/2017', '23/04/2017',);
ERROR: 1064 (42000): You have an error in your SQL syntax; check the manual that corresponds to your MySQL server version for the right syntax to use near ')' at line 1
 MySQL  localhost:3306 ssl  hospital  SQL > insert into cuarto (paciente_id, numero_cuarto, inicio_estadia, fin_estadia) values (8,108, '17/04/2017', '24/04/2017',);
ERROR: 1064 (42000): You have an error in your SQL syntax; check the manual that corresponds to your MySQL server version for the right syntax to use near ')' at line 1
 MySQL  localhost:3306 ssl  hospital  SQL > insert into cuarto (paciente_id, numero_cuarto, inicio_estadia, fin_estadia) values (9,100, '18/04/2017', '23/04/2017',);
ERROR: 1064 (42000): You have an error in your SQL syntax; check the manual that corresponds to your MySQL server version for the right syntax to use near ')' at line 1
 MySQL  localhost:3306 ssl  hospital  SQL > insert into cuarto (paciente_id, numero_cuarto, inicio_estadia, fin_estadia) values (10,109, '19/04/2017', '24/04/2017',);
ERROR: 1064 (42000): You have an error in your SQL syntax; check the manual that corresponds to your MySQL server version for the right syntax to use near ')' at line 1
 MySQL  localhost:3306 ssl  hospital  SQL > insert into cuarto (paciente_id, numero_cuarto, inicio_estadia, fin_estadia) values (11,116, '20/04/2017', '23/04/2017',);
ERROR: 1064 (42000): You have an error in your SQL syntax; check the manual that corresponds to your MySQL server version for the right syntax to use near ')' at line 1
 MySQL  localhost:3306 ssl  hospital  SQL > insert into cuarto (paciente_id, numero_cuarto, inicio_estadia, fin_estadia) values (12,182, '21/04/2017', '24/04/2017',);
ERROR: 1064 (42000): You have an error in your SQL syntax; check the manual that corresponds to your MySQL server version for the right syntax to use near ')' at line 1
 MySQL  localhost:3306 ssl  hospital  SQL > insert into cuarto (paciente_id, numero_cuarto, inicio_estadia, fin_estadia) values (13,180, '22/04/2017', '28/04/2017',);
ERROR: 1064 (42000): You have an error in your SQL syntax; check the manual that corresponds to your MySQL server version for the right syntax to use near ')' at line 1
 MySQL  localhost:3306 ssl  hospital  SQL > insert into cuarto (paciente_id, numero_cuarto, inicio_estadia, fin_estadia) values (14,188, '23/04/2017', '25/04/2017',);
ERROR: 1064 (42000): You have an error in your SQL syntax; check the manual that corresponds to your MySQL server version for the right syntax to use near ')' at line 1
 MySQL  localhost:3306 ssl  hospital  SQL > insert into cuarto (paciente_id, numero_cuarto, inicio_estadia, fin_estadia) values (15,173, '24/04/2017', '01/05/2017',);
ERROR: 1064 (42000): You have an error in your SQL syntax; check the manual that corresponds to your MySQL server version for the right syntax to use near ')' at line 1
 MySQL  localhost:3306 ssl  hospital  SQL > insert into cuarto (paciente_id, numero_cuarto, inicio_estadia, fin_estadia) values (16,176, '25/04/2017', '30/04/2017',);
ERROR: 1064 (42000): You have an error in your SQL syntax; check the manual that corresponds to your MySQL server version for the right syntax to use near ')' at line 1
 MySQL  localhost:3306 ssl  hospital  SQL > insert into cuarto (paciente_id, numero_cuarto, inicio_estadia, fin_estadia) values (17,122, '26/04/2017', '27/04/2017',);
ERROR: 1064 (42000): You have an error in your SQL syntax; check the manual that corresponds to your MySQL server version for the right syntax to use near ')' at line 1
 MySQL  localhost:3306 ssl  hospital  SQL > insert into cuarto (paciente_id, numero_cuarto, inicio_estadia, fin_estadia) values (18,155, '27/04/2017', '07/05/2017',);
ERROR: 1064 (42000): You have an error in your SQL syntax; check the manual that corresponds to your MySQL server version for the right syntax to use near ')' at line 1
 MySQL  localhost:3306 ssl  hospital  SQL > insert into cuarto (paciente_id, numero_cuarto, inicio_estadia, fin_estadia) values (19,181, '28/04/2017', '30/04/2017',);
ERROR: 1064 (42000): You have an error in your SQL syntax; check the manual that corresponds to your MySQL server version for the right syntax to use near ')' at line 1
 MySQL  localhost:3306 ssl  hospital  SQL > insert into cuarto (paciente_id, numero_cuarto, inicio_estadia, fin_estadia) values (20,178, '29/04/2017', '05/05/2017',);
ERROR: 1064 (42000): You have an error in your SQL syntax; check the manual that corresponds to your MySQL server version for the right syntax to use near ')' at line 1
 MySQL  localhost:3306 ssl  hospital  SQL > insert into cuarto (paciente_id, numero_cuarto, inicio_estadia, fin_estadia) values (21,139, '30/04/2017', '07/05/2017',);
ERROR: 1064 (42000): You have an error in your SQL syntax; check the manual that corresponds to your MySQL server version for the right syntax to use near ')' at line 1
 MySQL  localhost:3306 ssl  hospital  SQL > insert into cuarto (paciente_id, numero_cuarto, inicio_estadia, fin_estadia) values (22,119, '01/05/2017', '10/05/2017',);
ERROR: 1064 (42000): You have an error in your SQL syntax; check the manual that corresponds to your MySQL server version for the right syntax to use near ')' at line 1
 MySQL  localhost:3306 ssl  hospital  SQL > insert into cuarto (paciente_id, numero_cuarto, inicio_estadia, fin_estadia) values (23,193, '02/05/2017', '09/05/2017',);
ERROR: 1064 (42000): You have an error in your SQL syntax; check the manual that corresponds to your MySQL server version for the right syntax to use near ')' at line 1
 MySQL  localhost:3306 ssl  hospital  SQL > insert into cuarto (paciente_id, numero_cuarto, inicio_estadia, fin_estadia) values (24,153, '03/05/2017', '04/05/2017',);
ERROR: 1064 (42000): You have an error in your SQL syntax; check the manual that corresponds to your MySQL server version for the right syntax to use near ')' at line 1
 MySQL  localhost:3306 ssl  hospital  SQL > insert into cuarto (paciente_id, numero_cuarto, inicio_estadia, fin_estadia) values (25,168, '04/05/2017', '14/05/2017',);
ERROR: 1064 (42000): You have an error in your SQL syntax; check the manual that corresponds to your MySQL server version for the right syntax to use near ')' at line 1
 MySQL  localhost:3306 ssl  hospital  SQL > insert into cuarto (paciente_id, numero_cuarto, inicio_estadia, fin_estadia) values (26,115, '05/05/2017', '12/05/2017',);
ERROR: 1064 (42000): You have an error in your SQL syntax; check the manual that corresponds to your MySQL server version for the right syntax to use near ')' at line 1
 MySQL  localhost:3306 ssl  hospital  SQL > insert into cuarto (paciente_id, numero_cuarto, inicio_estadia, fin_estadia) values (27,140, '06/05/2017', '09/05/2017',);
ERROR: 1064 (42000): You have an error in your SQL syntax; check the manual that corresponds to your MySQL server version for the right syntax to use near ')' at line 1
 MySQL  localhost:3306 ssl  hospital  SQL > insert into cuarto (paciente_id, numero_cuarto, inicio_estadia, fin_estadia) values (28,170, '07/05/2017', '14/05/2017',);
ERROR: 1064 (42000): You have an error in your SQL syntax; check the manual that corresponds to your MySQL server version for the right syntax to use near ')' at line 1
 MySQL  localhost:3306 ssl  hospital  SQL > insert into cuarto (paciente_id, numero_cuarto, inicio_estadia, fin_estadia) values (29,153, '08/05/2017', '10/05/2017',);
ERROR: 1064 (42000): You have an error in your SQL syntax; check the manual that corresponds to your MySQL server version for the right syntax to use near ')' at line 1
 MySQL  localhost:3306 ssl  hospital  SQL > insert into cuarto (paciente_id, numero_cuarto, inicio_estadia, fin_estadia) values (30,177, '09/05/2017', '14/05/2017',);
ERROR: 1064 (42000): You have an error in your SQL syntax; check the manual that corresponds to your MySQL server version for the right syntax to use near ')' at line 1
 MySQL  localhost:3306 ssl  hospital  SQL > insert into cuarto (paciente_id, numero_cuarto, inicio_estadia, fin_estadia) values (31,101, '10/05/2017', '17/05/2017',);
ERROR: 1064 (42000): You have an error in your SQL syntax; check the manual that corresponds to your MySQL server version for the right syntax to use near ')' at line 1
 MySQL  localhost:3306 ssl  hospital  SQL > insert into cuarto (paciente_id, numero_cuarto, inicio_estadia, fin_estadia) values (32,118, '11/05/2017', '21/05/2017',);
ERROR: 1064 (42000): You have an error in your SQL syntax; check the manual that corresponds to your MySQL server version for the right syntax to use near ')' at line 1
 MySQL  localhost:3306 ssl  hospital  SQL > insert into cuarto (paciente_id, numero_cuarto, inicio_estadia, fin_estadia) values (33,120, '12/05/2017', '19/05/2017',);
ERROR: 1064 (42000): You have an error in your SQL syntax; check the manual that corresponds to your MySQL server version for the right syntax to use near ')' at line 1
 MySQL  localhost:3306 ssl  hospital  SQL > insert into cuarto (paciente_id, numero_cuarto, inicio_estadia, fin_estadia) values (34,156, '13/05/2017', '19/05/2017',);
ERROR: 1064 (42000): You have an error in your SQL syntax; check the manual that corresponds to your MySQL server version for the right syntax to use near ')' at line 1
 MySQL  localhost:3306 ssl  hospital  SQL > insert into cuarto (paciente_id, numero_cuarto, inicio_estadia, fin_estadia) values (35,174, '14/05/2017', '15/05/2017',);
ERROR: 1064 (42000): You have an error in your SQL syntax; check the manual that corresponds to your MySQL server version for the right syntax to use near ')' at line 1
 MySQL  localhost:3306 ssl  hospital  SQL > insert into cuarto (paciente_id, numero_cuarto, inicio_estadia, fin_estadia) values (36,156, '15/05/2017', '19/05/2017',);
ERROR: 1064 (42000): You have an error in your SQL syntax; check the manual that corresponds to your MySQL server version for the right syntax to use near ')' at line 1
 MySQL  localhost:3306 ssl  hospital  SQL > insert into cuarto (paciente_id, numero_cuarto, inicio_estadia, fin_estadia) values (37,397, '16/05/2017', '26/05/2017',);
ERROR: 1064 (42000): You have an error in your SQL syntax; check the manual that corresponds to your MySQL server version for the right syntax to use near ')' at line 1
 MySQL  localhost:3306 ssl  hospital  SQL > insert into cuarto (paciente_id, numero_cuarto, inicio_estadia, fin_estadia) values (38,314, '17/05/2017', '18/05/2017',);
ERROR: 1064 (42000): You have an error in your SQL syntax; check the manual that corresponds to your MySQL server version for the right syntax to use near ')' at line 1
 MySQL  localhost:3306 ssl  hospital  SQL > insert into cuarto (paciente_id, numero_cuarto, inicio_estadia, fin_estadia) values (39,385, '18/05/2017', '24/05/2017',);
ERROR: 1064 (42000): You have an error in your SQL syntax; check the manual that corresponds to your MySQL server version for the right syntax to use near ')' at line 1
 MySQL  localhost:3306 ssl  hospital  SQL > insert into cuarto (paciente_id, numero_cuarto, inicio_estadia, fin_estadia) values (40,356, '19/05/2017', '26/05/2017',);
ERROR: 1064 (42000): You have an error in your SQL syntax; check the manual that corresponds to your MySQL server version for the right syntax to use near ')' at line 1
 MySQL  localhost:3306 ssl  hospital  SQL > insert into cuarto (paciente_id, numero_cuarto, inicio_estadia, fin_estadia) values (41,317, '20/05/2017', '28/05/2017',);
ERROR: 1064 (42000): You have an error in your SQL syntax; check the manual that corresponds to your MySQL server version for the right syntax to use near ')' at line 1
 MySQL  localhost:3306 ssl  hospital  SQL > insert into cuarto (paciente_id, numero_cuarto, inicio_estadia, fin_estadia) values (42,305, '21/05/2017', '29/05/2017',);
ERROR: 1064 (42000): You have an error in your SQL syntax; check the manual that corresponds to your MySQL server version for the right syntax to use near ')' at line 1
 MySQL  localhost:3306 ssl  hospital  SQL > insert into cuarto (paciente_id, numero_cuarto, inicio_estadia, fin_estadia) values (43,363, '22/05/2017', '26/05/2017',);
ERROR: 1064 (42000): You have an error in your SQL syntax; check the manual that corresponds to your MySQL server version for the right syntax to use near ')' at line 1
 MySQL  localhost:3306 ssl  hospital  SQL > insert into cuarto (paciente_id, numero_cuarto, inicio_estadia, fin_estadia) values (44,346, '23/05/2017', '02/06/2017',);
ERROR: 1064 (42000): You have an error in your SQL syntax; check the manual that corresponds to your MySQL server version for the right syntax to use near ')' at line 1
 MySQL  localhost:3306 ssl  hospital  SQL > insert into cuarto (paciente_id, numero_cuarto, inicio_estadia, fin_estadia) values (45,396, '24/05/2017', '31/05/2017',);
ERROR: 1064 (42000): You have an error in your SQL syntax; check the manual that corresponds to your MySQL server version for the right syntax to use near ')' at line 1
 MySQL  localhost:3306 ssl  hospital  SQL > insert into cuarto (paciente_id, numero_cuarto, inicio_estadia, fin_estadia) values (46,376, '25/05/2017', '03/06/2017',);
ERROR: 1064 (42000): You have an error in your SQL syntax; check the manual that corresponds to your MySQL server version for the right syntax to use near ')' at line 1
 MySQL  localhost:3306 ssl  hospital  SQL > insert into cuarto (paciente_id, numero_cuarto, inicio_estadia, fin_estadia) values (47,353, '26/05/2017', '27/05/2017',);
ERROR: 1064 (42000): You have an error in your SQL syntax; check the manual that corresponds to your MySQL server version for the right syntax to use near ')' at line 1
 MySQL  localhost:3306 ssl  hospital  SQL > insert into cuarto (paciente_id, numero_cuarto, inicio_estadia, fin_estadia) values (48,342, '27/05/2017', '06/06/2017',);
ERROR: 1064 (42000): You have an error in your SQL syntax; check the manual that corresponds to your MySQL server version for the right syntax to use near ')' at line 1
 MySQL  localhost:3306 ssl  hospital  SQL > insert into cuarto (paciente_id, numero_cuarto, inicio_estadia, fin_estadia) values (49,382, '28/05/2017', '29/05/2017',);
ERROR: 1064 (42000): You have an error in your SQL syntax; check the manual that corresponds to your MySQL server version for the right syntax to use near ')' at line 1
 MySQL  localhost:3306 ssl  hospital  SQL > insert into cuarto (paciente_id, numero_cuarto, inicio_estadia, fin_estadia) values (50,346, '29/05/2017', '30/05/2017',);
ERROR: 1064 (42000): You have an error in your SQL syntax; check the manual that corresponds to your MySQL server version for the right syntax to use near ')' at line 1
 MySQL  localhost:3306 ssl  hospital  SQL > insert into cuarto (paciente_id, numero_cuarto, inicio_estadia, fin_estadia) values (51,349, '30/05/2017', '02/06/2017',);
ERROR: 1064 (42000): You have an error in your SQL syntax; check the manual that corresponds to your MySQL server version for the right syntax to use near ')' at line 1
 MySQL  localhost:3306 ssl  hospital  SQL > insert into cuarto (paciente_id, numero_cuarto, inicio_estadia, fin_estadia) values (52,381, '31/05/2017', '08/06/2017',);
ERROR: 1064 (42000): You have an error in your SQL syntax; check the manual that corresponds to your MySQL server version for the right syntax to use near ')' at line 1
 MySQL  localhost:3306 ssl  hospital  SQL > insert into cuarto (paciente_id, numero_cuarto, inicio_estadia, fin_estadia) values (53,383, '01/06/2017', '11/06/2017',);
ERROR: 1064 (42000): You have an error in your SQL syntax; check the manual that corresponds to your MySQL server version for the right syntax to use near ')' at line 1
 MySQL  localhost:3306 ssl  hospital  SQL > insert into cuarto (paciente_id, numero_cuarto, inicio_estadia, fin_estadia) values (54,339, '02/06/2017', '07/06/2017',);
ERROR: 1064 (42000): You have an error in your SQL syntax; check the manual that corresponds to your MySQL server version for the right syntax to use near ')' at line 1
 MySQL  localhost:3306 ssl  hospital  SQL > insert into cuarto (paciente_id, numero_cuarto, inicio_estadia, fin_estadia) values (55,326, '03/06/2017', '09/06/2017',);
ERROR: 1064 (42000): You have an error in your SQL syntax; check the manual that corresponds to your MySQL server version for the right syntax to use near ')' at line 1
 MySQL  localhost:3306 ssl  hospital  SQL > insert into cuarto (paciente_id, numero_cuarto, inicio_estadia, fin_estadia) values (56,391, '04/06/2017', '12/06/2017',);
ERROR: 1064 (42000): You have an error in your SQL syntax; check the manual that corresponds to your MySQL server version for the right syntax to use near ')' at line 1
 MySQL  localhost:3306 ssl  hospital  SQL > insert into cuarto (paciente_id, numero_cuarto, inicio_estadia, fin_estadia) values (57,377, '05/06/2017', '13/06/2017',);
ERROR: 1064 (42000): You have an error in your SQL syntax; check the manual that corresponds to your MySQL server version for the right syntax to use near ')' at line 1
 MySQL  localhost:3306 ssl  hospital  SQL > insert into cuarto (paciente_id, numero_cuarto, inicio_estadia, fin_estadia) values (58,323, '06/06/2017', '13/06/2017',);
ERROR: 1064 (42000): You have an error in your SQL syntax; check the manual that corresponds to your MySQL server version for the right syntax to use near ')' at line 1
 MySQL  localhost:3306 ssl  hospital  SQL > insert into cuarto (paciente_id, numero_cuarto, inicio_estadia, fin_estadia) values (1,121, '10/04/2017', '17/04/2017');
ERROR: 1146 (42S02): Table 'hospital.cuarto' doesn't exist
 MySQL  localhost:3306 ssl  hospital  SQL > insert into cuarto (paciente_id, numero_cuarto, inicio_estadia, fin_estadia) values (2,190, '11/04/2017', '13/04/2017');
ERROR: 1146 (42S02): Table 'hospital.cuarto' doesn't exist
 MySQL  localhost:3306 ssl  hospital  SQL > insert into cuarto (paciente_id, numero_cuarto, inicio_estadia, fin_estadia) values (3,108, '12/04/2017', '17/04/2017');
ERROR: 1146 (42S02): Table 'hospital.cuarto' doesn't exist
 MySQL  localhost:3306 ssl  hospital  SQL > insert into cuarto (paciente_id, numero_cuarto, inicio_estadia, fin_estadia) values (4,179, '13/04/2017', '18/04/2017');
ERROR: 1146 (42S02): Table 'hospital.cuarto' doesn't exist
 MySQL  localhost:3306 ssl  hospital  SQL > insert into cuarto (paciente_id, numero_cuarto, inicio_estadia, fin_estadia) values (5,158, '14/04/2017', '17/04/2017');
ERROR: 1146 (42S02): Table 'hospital.cuarto' doesn't exist
 MySQL  localhost:3306 ssl  hospital  SQL > insert into cuarto (paciente_id, numero_cuarto, inicio_estadia, fin_estadia) values (6,183, '15/04/2017', '16/04/2017');
ERROR: 1146 (42S02): Table 'hospital.cuarto' doesn't exist
 MySQL  localhost:3306 ssl  hospital  SQL > insert into cuarto (paciente_id, numero_cuarto, inicio_estadia, fin_estadia) values (7,142, '16/04/2017', '23/04/2017');
ERROR: 1146 (42S02): Table 'hospital.cuarto' doesn't exist
 MySQL  localhost:3306 ssl  hospital  SQL > insert into cuarto (paciente_id, numero_cuarto, inicio_estadia, fin_estadia) values (8,108, '17/04/2017', '24/04/2017');
ERROR: 1146 (42S02): Table 'hospital.cuarto' doesn't exist
 MySQL  localhost:3306 ssl  hospital  SQL > insert into cuarto (paciente_id, numero_cuarto, inicio_estadia, fin_estadia) values (9,100, '18/04/2017', '23/04/2017');
ERROR: 1146 (42S02): Table 'hospital.cuarto' doesn't exist
 MySQL  localhost:3306 ssl  hospital  SQL > insert into cuarto (paciente_id, numero_cuarto, inicio_estadia, fin_estadia) values (10,109, '19/04/2017', '24/04/2017');
ERROR: 1146 (42S02): Table 'hospital.cuarto' doesn't exist
 MySQL  localhost:3306 ssl  hospital  SQL > insert into cuarto (paciente_id, numero_cuarto, inicio_estadia, fin_estadia) values (11,116, '20/04/2017', '23/04/2017');
ERROR: 1146 (42S02): Table 'hospital.cuarto' doesn't exist
 MySQL  localhost:3306 ssl  hospital  SQL > insert into cuarto (paciente_id, numero_cuarto, inicio_estadia, fin_estadia) values (12,182, '21/04/2017', '24/04/2017');
ERROR: 1146 (42S02): Table 'hospital.cuarto' doesn't exist
 MySQL  localhost:3306 ssl  hospital  SQL > insert into cuarto (paciente_id, numero_cuarto, inicio_estadia, fin_estadia) values (13,180, '22/04/2017', '28/04/2017');
ERROR: 1146 (42S02): Table 'hospital.cuarto' doesn't exist
 MySQL  localhost:3306 ssl  hospital  SQL > insert into cuarto (paciente_id, numero_cuarto, inicio_estadia, fin_estadia) values (14,188, '23/04/2017', '25/04/2017');
ERROR: 1146 (42S02): Table 'hospital.cuarto' doesn't exist
 MySQL  localhost:3306 ssl  hospital  SQL > insert into cuarto (paciente_id, numero_cuarto, inicio_estadia, fin_estadia) values (15,173, '24/04/2017', '01/05/2017');
ERROR: 1146 (42S02): Table 'hospital.cuarto' doesn't exist
 MySQL  localhost:3306 ssl  hospital  SQL > insert into cuarto (paciente_id, numero_cuarto, inicio_estadia, fin_estadia) values (16,176, '25/04/2017', '30/04/2017');
ERROR: 1146 (42S02): Table 'hospital.cuarto' doesn't exist
 MySQL  localhost:3306 ssl  hospital  SQL > insert into cuarto (paciente_id, numero_cuarto, inicio_estadia, fin_estadia) values (17,122, '26/04/2017', '27/04/2017');
ERROR: 1146 (42S02): Table 'hospital.cuarto' doesn't exist
 MySQL  localhost:3306 ssl  hospital  SQL > insert into cuarto (paciente_id, numero_cuarto, inicio_estadia, fin_estadia) values (18,155, '27/04/2017', '07/05/2017');
ERROR: 1146 (42S02): Table 'hospital.cuarto' doesn't exist
 MySQL  localhost:3306 ssl  hospital  SQL > insert into cuarto (paciente_id, numero_cuarto, inicio_estadia, fin_estadia) values (19,181, '28/04/2017', '30/04/2017');
ERROR: 1146 (42S02): Table 'hospital.cuarto' doesn't exist
 MySQL  localhost:3306 ssl  hospital  SQL > insert into cuarto (paciente_id, numero_cuarto, inicio_estadia, fin_estadia) values (20,178, '29/04/2017', '05/05/2017');
ERROR: 1146 (42S02): Table 'hospital.cuarto' doesn't exist
 MySQL  localhost:3306 ssl  hospital  SQL > insert into cuarto (paciente_id, numero_cuarto, inicio_estadia, fin_estadia) values (21,139, '30/04/2017', '07/05/2017');
ERROR: 1146 (42S02): Table 'hospital.cuarto' doesn't exist
 MySQL  localhost:3306 ssl  hospital  SQL > insert into cuarto (paciente_id, numero_cuarto, inicio_estadia, fin_estadia) values (22,119, '01/05/2017', '10/05/2017');
ERROR: 1146 (42S02): Table 'hospital.cuarto' doesn't exist
 MySQL  localhost:3306 ssl  hospital  SQL > insert into cuarto (paciente_id, numero_cuarto, inicio_estadia, fin_estadia) values (23,193, '02/05/2017', '09/05/2017');
ERROR: 1146 (42S02): Table 'hospital.cuarto' doesn't exist
 MySQL  localhost:3306 ssl  hospital  SQL > insert into cuarto (paciente_id, numero_cuarto, inicio_estadia, fin_estadia) values (24,153, '03/05/2017', '04/05/2017');
ERROR: 1146 (42S02): Table 'hospital.cuarto' doesn't exist
 MySQL  localhost:3306 ssl  hospital  SQL > insert into cuarto (paciente_id, numero_cuarto, inicio_estadia, fin_estadia) values (25,168, '04/05/2017', '14/05/2017');
ERROR: 1146 (42S02): Table 'hospital.cuarto' doesn't exist
 MySQL  localhost:3306 ssl  hospital  SQL > insert into cuarto (paciente_id, numero_cuarto, inicio_estadia, fin_estadia) values (26,115, '05/05/2017', '12/05/2017');
ERROR: 1146 (42S02): Table 'hospital.cuarto' doesn't exist
 MySQL  localhost:3306 ssl  hospital  SQL > insert into cuarto (paciente_id, numero_cuarto, inicio_estadia, fin_estadia) values (27,140, '06/05/2017', '09/05/2017');
ERROR: 1146 (42S02): Table 'hospital.cuarto' doesn't exist
 MySQL  localhost:3306 ssl  hospital  SQL > insert into cuarto (paciente_id, numero_cuarto, inicio_estadia, fin_estadia) values (28,170, '07/05/2017', '14/05/2017');
ERROR: 1146 (42S02): Table 'hospital.cuarto' doesn't exist
 MySQL  localhost:3306 ssl  hospital  SQL > insert into cuarto (paciente_id, numero_cuarto, inicio_estadia, fin_estadia) values (29,153, '08/05/2017', '10/05/2017');
ERROR: 1146 (42S02): Table 'hospital.cuarto' doesn't exist
 MySQL  localhost:3306 ssl  hospital  SQL > insert into cuarto (paciente_id, numero_cuarto, inicio_estadia, fin_estadia) values (30,177, '09/05/2017', '14/05/2017');
ERROR: 1146 (42S02): Table 'hospital.cuarto' doesn't exist
 MySQL  localhost:3306 ssl  hospital  SQL > insert into cuarto (paciente_id, numero_cuarto, inicio_estadia, fin_estadia) values (31,101, '10/05/2017', '17/05/2017');
ERROR: 1146 (42S02): Table 'hospital.cuarto' doesn't exist
 MySQL  localhost:3306 ssl  hospital  SQL > insert into cuarto (paciente_id, numero_cuarto, inicio_estadia, fin_estadia) values (32,118, '11/05/2017', '21/05/2017');
ERROR: 1146 (42S02): Table 'hospital.cuarto' doesn't exist
 MySQL  localhost:3306 ssl  hospital  SQL > insert into cuarto (paciente_id, numero_cuarto, inicio_estadia, fin_estadia) values (33,120, '12/05/2017', '19/05/2017');
ERROR: 1146 (42S02): Table 'hospital.cuarto' doesn't exist
 MySQL  localhost:3306 ssl  hospital  SQL > insert into cuarto (paciente_id, numero_cuarto, inicio_estadia, fin_estadia) values (34,156, '13/05/2017', '19/05/2017');
ERROR: 1146 (42S02): Table 'hospital.cuarto' doesn't exist
 MySQL  localhost:3306 ssl  hospital  SQL > insert into cuarto (paciente_id, numero_cuarto, inicio_estadia, fin_estadia) values (35,174, '14/05/2017', '15/05/2017');
ERROR: 1146 (42S02): Table 'hospital.cuarto' doesn't exist
 MySQL  localhost:3306 ssl  hospital  SQL > insert into cuarto (paciente_id, numero_cuarto, inicio_estadia, fin_estadia) values (36,156, '15/05/2017', '19/05/2017');
ERROR: 1146 (42S02): Table 'hospital.cuarto' doesn't exist
 MySQL  localhost:3306 ssl  hospital  SQL > insert into cuarto (paciente_id, numero_cuarto, inicio_estadia, fin_estadia) values (37,397, '16/05/2017', '26/05/2017');
ERROR: 1146 (42S02): Table 'hospital.cuarto' doesn't exist
 MySQL  localhost:3306 ssl  hospital  SQL > insert into cuarto (paciente_id, numero_cuarto, inicio_estadia, fin_estadia) values (38,314, '17/05/2017', '18/05/2017');
ERROR: 1146 (42S02): Table 'hospital.cuarto' doesn't exist
 MySQL  localhost:3306 ssl  hospital  SQL > insert into cuarto (paciente_id, numero_cuarto, inicio_estadia, fin_estadia) values (39,385, '18/05/2017', '24/05/2017');
ERROR: 1146 (42S02): Table 'hospital.cuarto' doesn't exist
 MySQL  localhost:3306 ssl  hospital  SQL > insert into cuarto (paciente_id, numero_cuarto, inicio_estadia, fin_estadia) values (40,356, '19/05/2017', '26/05/2017');
ERROR: 1146 (42S02): Table 'hospital.cuarto' doesn't exist
 MySQL  localhost:3306 ssl  hospital  SQL > insert into cuarto (paciente_id, numero_cuarto, inicio_estadia, fin_estadia) values (41,317, '20/05/2017', '28/05/2017');
ERROR: 1146 (42S02): Table 'hospital.cuarto' doesn't exist
 MySQL  localhost:3306 ssl  hospital  SQL > insert into cuarto (paciente_id, numero_cuarto, inicio_estadia, fin_estadia) values (42,305, '21/05/2017', '29/05/2017');
ERROR: 1146 (42S02): Table 'hospital.cuarto' doesn't exist
 MySQL  localhost:3306 ssl  hospital  SQL > insert into cuarto (paciente_id, numero_cuarto, inicio_estadia, fin_estadia) values (43,363, '22/05/2017', '26/05/2017');
ERROR: 1146 (42S02): Table 'hospital.cuarto' doesn't exist
 MySQL  localhost:3306 ssl  hospital  SQL > insert into cuarto (paciente_id, numero_cuarto, inicio_estadia, fin_estadia) values (44,346, '23/05/2017', '02/06/2017');
ERROR: 1146 (42S02): Table 'hospital.cuarto' doesn't exist
 MySQL  localhost:3306 ssl  hospital  SQL > insert into cuarto (paciente_id, numero_cuarto, inicio_estadia, fin_estadia) values (45,396, '24/05/2017', '31/05/2017');
ERROR: 1146 (42S02): Table 'hospital.cuarto' doesn't exist
 MySQL  localhost:3306 ssl  hospital  SQL > insert into cuarto (paciente_id, numero_cuarto, inicio_estadia, fin_estadia) values (46,376, '25/05/2017', '03/06/2017');
ERROR: 1146 (42S02): Table 'hospital.cuarto' doesn't exist
 MySQL  localhost:3306 ssl  hospital  SQL > insert into cuarto (paciente_id, numero_cuarto, inicio_estadia, fin_estadia) values (47,353, '26/05/2017', '27/05/2017');
ERROR: 1146 (42S02): Table 'hospital.cuarto' doesn't exist
 MySQL  localhost:3306 ssl  hospital  SQL > insert into cuarto (paciente_id, numero_cuarto, inicio_estadia, fin_estadia) values (48,342, '27/05/2017', '06/06/2017');
ERROR: 1146 (42S02): Table 'hospital.cuarto' doesn't exist
 MySQL  localhost:3306 ssl  hospital  SQL > insert into cuarto (paciente_id, numero_cuarto, inicio_estadia, fin_estadia) values (49,382, '28/05/2017', '29/05/2017');
ERROR: 1146 (42S02): Table 'hospital.cuarto' doesn't exist
 MySQL  localhost:3306 ssl  hospital  SQL > insert into cuarto (paciente_id, numero_cuarto, inicio_estadia, fin_estadia) values (50,346, '29/05/2017', '30/05/2017');
ERROR: 1146 (42S02): Table 'hospital.cuarto' doesn't exist
 MySQL  localhost:3306 ssl  hospital  SQL > insert into cuarto (paciente_id, numero_cuarto, inicio_estadia, fin_estadia) values (51,349, '30/05/2017', '02/06/2017');
ERROR: 1146 (42S02): Table 'hospital.cuarto' doesn't exist
 MySQL  localhost:3306 ssl  hospital  SQL > insert into cuarto (paciente_id, numero_cuarto, inicio_estadia, fin_estadia) values (52,381, '31/05/2017', '08/06/2017');
ERROR: 1146 (42S02): Table 'hospital.cuarto' doesn't exist
 MySQL  localhost:3306 ssl  hospital  SQL > insert into cuarto (paciente_id, numero_cuarto, inicio_estadia, fin_estadia) values (53,383, '01/06/2017', '11/06/2017');
ERROR: 1146 (42S02): Table 'hospital.cuarto' doesn't exist
 MySQL  localhost:3306 ssl  hospital  SQL > insert into cuarto (paciente_id, numero_cuarto, inicio_estadia, fin_estadia) values (54,339, '02/06/2017', '07/06/2017');
ERROR: 1146 (42S02): Table 'hospital.cuarto' doesn't exist
 MySQL  localhost:3306 ssl  hospital  SQL > insert into cuarto (paciente_id, numero_cuarto, inicio_estadia, fin_estadia) values (55,326, '03/06/2017', '09/06/2017');
ERROR: 1146 (42S02): Table 'hospital.cuarto' doesn't exist
 MySQL  localhost:3306 ssl  hospital  SQL > insert into cuarto (paciente_id, numero_cuarto, inicio_estadia, fin_estadia) values (56,391, '04/06/2017', '12/06/2017');
ERROR: 1146 (42S02): Table 'hospital.cuarto' doesn't exist
 MySQL  localhost:3306 ssl  hospital  SQL > insert into cuarto (paciente_id, numero_cuarto, inicio_estadia, fin_estadia) values (57,377, '05/06/2017', '13/06/2017');
ERROR: 1146 (42S02): Table 'hospital.cuarto' doesn't exist
 MySQL  localhost:3306 ssl  hospital  SQL > insert into cuarto (paciente_id, numero_cuarto, inicio_estadia, fin_estadia) values (58,323, '06/06/2017', '13/06/2017');
ERROR: 1146 (42S02): Table 'hospital.cuarto' doesn't exist
 MySQL  localhost:3306 ssl  hospital  SQL > insert into cuartos (paciente_id, numero_cuarto, inicio_estadia, fin_estadia) values (1,121, '10/04/2017', '17/04/2017');
ERROR: 1292 (22007): Incorrect date value: '10/04/2017' for column 'inicio_estadia' at row 1
 MySQL  localhost:3306 ssl  hospital  SQL > insert into cuartos (paciente_id, numero_cuarto, inicio_estadia, fin_estadia) values (2,190, '11/04/2017', '13/04/2017');
ERROR: 1292 (22007): Incorrect date value: '11/04/2017' for column 'inicio_estadia' at row 1
 MySQL  localhost:3306 ssl  hospital  SQL > insert into cuartos (paciente_id, numero_cuarto, inicio_estadia, fin_estadia) values (3,108, '12/04/2017', '17/04/2017');
ERROR: 1292 (22007): Incorrect date value: '12/04/2017' for column 'inicio_estadia' at row 1
 MySQL  localhost:3306 ssl  hospital  SQL > insert into cuartos (paciente_id, numero_cuarto, inicio_estadia, fin_estadia) values (4,179, '13/04/2017', '18/04/2017');
ERROR: 1292 (22007): Incorrect date value: '13/04/2017' for column 'inicio_estadia' at row 1
 MySQL  localhost:3306 ssl  hospital  SQL > insert into cuartos (paciente_id, numero_cuarto, inicio_estadia, fin_estadia) values (5,158, '14/04/2017', '17/04/2017');
ERROR: 1292 (22007): Incorrect date value: '14/04/2017' for column 'inicio_estadia' at row 1
 MySQL  localhost:3306 ssl  hospital  SQL > insert into cuartos (paciente_id, numero_cuarto, inicio_estadia, fin_estadia) values (6,183, '15/04/2017', '16/04/2017');
ERROR: 1292 (22007): Incorrect date value: '15/04/2017' for column 'inicio_estadia' at row 1
 MySQL  localhost:3306 ssl  hospital  SQL > insert into cuartos (paciente_id, numero_cuarto, inicio_estadia, fin_estadia) values (7,142, '16/04/2017', '23/04/2017');
ERROR: 1292 (22007): Incorrect date value: '16/04/2017' for column 'inicio_estadia' at row 1
 MySQL  localhost:3306 ssl  hospital  SQL > insert into cuartos (paciente_id, numero_cuarto, inicio_estadia, fin_estadia) values (8,108, '17/04/2017', '24/04/2017');
ERROR: 1292 (22007): Incorrect date value: '17/04/2017' for column 'inicio_estadia' at row 1
 MySQL  localhost:3306 ssl  hospital  SQL > insert into cuartos (paciente_id, numero_cuarto, inicio_estadia, fin_estadia) values (9,100, '18/04/2017', '23/04/2017');
ERROR: 1292 (22007): Incorrect date value: '18/04/2017' for column 'inicio_estadia' at row 1
 MySQL  localhost:3306 ssl  hospital  SQL > insert into cuartos (paciente_id, numero_cuarto, inicio_estadia, fin_estadia) values (10,109, '19/04/2017', '24/04/2017');
ERROR: 1292 (22007): Incorrect date value: '19/04/2017' for column 'inicio_estadia' at row 1
 MySQL  localhost:3306 ssl  hospital  SQL > insert into cuartos (paciente_id, numero_cuarto, inicio_estadia, fin_estadia) values (11,116, '20/04/2017', '23/04/2017');
ERROR: 1292 (22007): Incorrect date value: '20/04/2017' for column 'inicio_estadia' at row 1
 MySQL  localhost:3306 ssl  hospital  SQL > insert into cuartos (paciente_id, numero_cuarto, inicio_estadia, fin_estadia) values (12,182, '21/04/2017', '24/04/2017');
ERROR: 1292 (22007): Incorrect date value: '21/04/2017' for column 'inicio_estadia' at row 1
 MySQL  localhost:3306 ssl  hospital  SQL > insert into cuartos (paciente_id, numero_cuarto, inicio_estadia, fin_estadia) values (13,180, '22/04/2017', '28/04/2017');
ERROR: 1292 (22007): Incorrect date value: '22/04/2017' for column 'inicio_estadia' at row 1
 MySQL  localhost:3306 ssl  hospital  SQL > insert into cuartos (paciente_id, numero_cuarto, inicio_estadia, fin_estadia) values (14,188, '23/04/2017', '25/04/2017');
ERROR: 1292 (22007): Incorrect date value: '23/04/2017' for column 'inicio_estadia' at row 1
 MySQL  localhost:3306 ssl  hospital  SQL > insert into cuartos (paciente_id, numero_cuarto, inicio_estadia, fin_estadia) values (15,173, '24/04/2017', '01/05/2017');
ERROR: 1292 (22007): Incorrect date value: '24/04/2017' for column 'inicio_estadia' at row 1
 MySQL  localhost:3306 ssl  hospital  SQL > insert into cuartos (paciente_id, numero_cuarto, inicio_estadia, fin_estadia) values (16,176, '25/04/2017', '30/04/2017');
ERROR: 1292 (22007): Incorrect date value: '25/04/2017' for column 'inicio_estadia' at row 1
 MySQL  localhost:3306 ssl  hospital  SQL > insert into cuartos (paciente_id, numero_cuarto, inicio_estadia, fin_estadia) values (17,122, '26/04/2017', '27/04/2017');
ERROR: 1292 (22007): Incorrect date value: '26/04/2017' for column 'inicio_estadia' at row 1
 MySQL  localhost:3306 ssl  hospital  SQL > insert into cuartos (paciente_id, numero_cuarto, inicio_estadia, fin_estadia) values (18,155, '27/04/2017', '07/05/2017');
ERROR: 1292 (22007): Incorrect date value: '27/04/2017' for column 'inicio_estadia' at row 1
 MySQL  localhost:3306 ssl  hospital  SQL > insert into cuartos (paciente_id, numero_cuarto, inicio_estadia, fin_estadia) values (19,181, '28/04/2017', '30/04/2017');
ERROR: 1292 (22007): Incorrect date value: '28/04/2017' for column 'inicio_estadia' at row 1
 MySQL  localhost:3306 ssl  hospital  SQL > insert into cuartos (paciente_id, numero_cuarto, inicio_estadia, fin_estadia) values (20,178, '29/04/2017', '05/05/2017');
ERROR: 1292 (22007): Incorrect date value: '29/04/2017' for column 'inicio_estadia' at row 1
 MySQL  localhost:3306 ssl  hospital  SQL > insert into cuartos (paciente_id, numero_cuarto, inicio_estadia, fin_estadia) values (21,139, '30/04/2017', '07/05/2017');
ERROR: 1292 (22007): Incorrect date value: '30/04/2017' for column 'inicio_estadia' at row 1
 MySQL  localhost:3306 ssl  hospital  SQL > insert into cuartos (paciente_id, numero_cuarto, inicio_estadia, fin_estadia) values (22,119, '01/05/2017', '10/05/2017');
ERROR: 1292 (22007): Incorrect date value: '01/05/2017' for column 'inicio_estadia' at row 1
 MySQL  localhost:3306 ssl  hospital  SQL > insert into cuartos (paciente_id, numero_cuarto, inicio_estadia, fin_estadia) values (23,193, '02/05/2017', '09/05/2017');
ERROR: 1292 (22007): Incorrect date value: '02/05/2017' for column 'inicio_estadia' at row 1
 MySQL  localhost:3306 ssl  hospital  SQL > insert into cuartos (paciente_id, numero_cuarto, inicio_estadia, fin_estadia) values (24,153, '03/05/2017', '04/05/2017');
ERROR: 1292 (22007): Incorrect date value: '03/05/2017' for column 'inicio_estadia' at row 1
 MySQL  localhost:3306 ssl  hospital  SQL > insert into cuartos (paciente_id, numero_cuarto, inicio_estadia, fin_estadia) values (25,168, '04/05/2017', '14/05/2017');
ERROR: 1292 (22007): Incorrect date value: '04/05/2017' for column 'inicio_estadia' at row 1
 MySQL  localhost:3306 ssl  hospital  SQL > insert into cuartos (paciente_id, numero_cuarto, inicio_estadia, fin_estadia) values (26,115, '05/05/2017', '12/05/2017');
ERROR: 1292 (22007): Incorrect date value: '05/05/2017' for column 'inicio_estadia' at row 1
 MySQL  localhost:3306 ssl  hospital  SQL > insert into cuartos (paciente_id, numero_cuarto, inicio_estadia, fin_estadia) values (27,140, '06/05/2017', '09/05/2017');
ERROR: 1292 (22007): Incorrect date value: '06/05/2017' for column 'inicio_estadia' at row 1
 MySQL  localhost:3306 ssl  hospital  SQL > insert into cuartos (paciente_id, numero_cuarto, inicio_estadia, fin_estadia) values (28,170, '07/05/2017', '14/05/2017');
ERROR: 1292 (22007): Incorrect date value: '07/05/2017' for column 'inicio_estadia' at row 1
 MySQL  localhost:3306 ssl  hospital  SQL > insert into cuartos (paciente_id, numero_cuarto, inicio_estadia, fin_estadia) values (29,153, '08/05/2017', '10/05/2017');
ERROR: 1292 (22007): Incorrect date value: '08/05/2017' for column 'inicio_estadia' at row 1
 MySQL  localhost:3306 ssl  hospital  SQL > insert into cuartos (paciente_id, numero_cuarto, inicio_estadia, fin_estadia) values (30,177, '09/05/2017', '14/05/2017');
ERROR: 1292 (22007): Incorrect date value: '09/05/2017' for column 'inicio_estadia' at row 1
 MySQL  localhost:3306 ssl  hospital  SQL > insert into cuartos (paciente_id, numero_cuarto, inicio_estadia, fin_estadia) values (31,101, '10/05/2017', '17/05/2017');
ERROR: 1292 (22007): Incorrect date value: '10/05/2017' for column 'inicio_estadia' at row 1
 MySQL  localhost:3306 ssl  hospital  SQL > insert into cuartos (paciente_id, numero_cuarto, inicio_estadia, fin_estadia) values (32,118, '11/05/2017', '21/05/2017');
ERROR: 1292 (22007): Incorrect date value: '11/05/2017' for column 'inicio_estadia' at row 1
 MySQL  localhost:3306 ssl  hospital  SQL > insert into cuartos (paciente_id, numero_cuarto, inicio_estadia, fin_estadia) values (33,120, '12/05/2017', '19/05/2017');
ERROR: 1292 (22007): Incorrect date value: '12/05/2017' for column 'inicio_estadia' at row 1
 MySQL  localhost:3306 ssl  hospital  SQL > insert into cuartos (paciente_id, numero_cuarto, inicio_estadia, fin_estadia) values (34,156, '13/05/2017', '19/05/2017');
ERROR: 1292 (22007): Incorrect date value: '13/05/2017' for column 'inicio_estadia' at row 1
 MySQL  localhost:3306 ssl  hospital  SQL > insert into cuartos (paciente_id, numero_cuarto, inicio_estadia, fin_estadia) values (35,174, '14/05/2017', '15/05/2017');
ERROR: 1292 (22007): Incorrect date value: '14/05/2017' for column 'inicio_estadia' at row 1
 MySQL  localhost:3306 ssl  hospital  SQL > insert into cuartos (paciente_id, numero_cuarto, inicio_estadia, fin_estadia) values (36,156, '15/05/2017', '19/05/2017');
ERROR: 1292 (22007): Incorrect date value: '15/05/2017' for column 'inicio_estadia' at row 1
 MySQL  localhost:3306 ssl  hospital  SQL > insert into cuartos (paciente_id, numero_cuarto, inicio_estadia, fin_estadia) values (37,397, '16/05/2017', '26/05/2017');
ERROR: 1292 (22007): Incorrect date value: '16/05/2017' for column 'inicio_estadia' at row 1
 MySQL  localhost:3306 ssl  hospital  SQL > insert into cuartos (paciente_id, numero_cuarto, inicio_estadia, fin_estadia) values (38,314, '17/05/2017', '18/05/2017');
ERROR: 1292 (22007): Incorrect date value: '17/05/2017' for column 'inicio_estadia' at row 1
 MySQL  localhost:3306 ssl  hospital  SQL > insert into cuartos (paciente_id, numero_cuarto, inicio_estadia, fin_estadia) values (39,385, '18/05/2017', '24/05/2017');
ERROR: 1292 (22007): Incorrect date value: '18/05/2017' for column 'inicio_estadia' at row 1
 MySQL  localhost:3306 ssl  hospital  SQL > insert into cuartos (paciente_id, numero_cuarto, inicio_estadia, fin_estadia) values (40,356, '19/05/2017', '26/05/2017');
ERROR: 1292 (22007): Incorrect date value: '19/05/2017' for column 'inicio_estadia' at row 1
 MySQL  localhost:3306 ssl  hospital  SQL > insert into cuartos (paciente_id, numero_cuarto, inicio_estadia, fin_estadia) values (41,317, '20/05/2017', '28/05/2017');
ERROR: 1292 (22007): Incorrect date value: '20/05/2017' for column 'inicio_estadia' at row 1
 MySQL  localhost:3306 ssl  hospital  SQL > insert into cuartos (paciente_id, numero_cuarto, inicio_estadia, fin_estadia) values (42,305, '21/05/2017', '29/05/2017');
ERROR: 1292 (22007): Incorrect date value: '21/05/2017' for column 'inicio_estadia' at row 1
 MySQL  localhost:3306 ssl  hospital  SQL > insert into cuartos (paciente_id, numero_cuarto, inicio_estadia, fin_estadia) values (43,363, '22/05/2017', '26/05/2017');
ERROR: 1292 (22007): Incorrect date value: '22/05/2017' for column 'inicio_estadia' at row 1
 MySQL  localhost:3306 ssl  hospital  SQL > insert into cuartos (paciente_id, numero_cuarto, inicio_estadia, fin_estadia) values (44,346, '23/05/2017', '02/06/2017');
ERROR: 1292 (22007): Incorrect date value: '23/05/2017' for column 'inicio_estadia' at row 1
 MySQL  localhost:3306 ssl  hospital  SQL > insert into cuartos (paciente_id, numero_cuarto, inicio_estadia, fin_estadia) values (45,396, '24/05/2017', '31/05/2017');
ERROR: 1292 (22007): Incorrect date value: '24/05/2017' for column 'inicio_estadia' at row 1
 MySQL  localhost:3306 ssl  hospital  SQL > insert into cuartos (paciente_id, numero_cuarto, inicio_estadia, fin_estadia) values (46,376, '25/05/2017', '03/06/2017');
ERROR: 1292 (22007): Incorrect date value: '25/05/2017' for column 'inicio_estadia' at row 1
 MySQL  localhost:3306 ssl  hospital  SQL > insert into cuartos (paciente_id, numero_cuarto, inicio_estadia, fin_estadia) values (47,353, '26/05/2017', '27/05/2017');
ERROR: 1292 (22007): Incorrect date value: '26/05/2017' for column 'inicio_estadia' at row 1
 MySQL  localhost:3306 ssl  hospital  SQL > insert into cuartos (paciente_id, numero_cuarto, inicio_estadia, fin_estadia) values (48,342, '27/05/2017', '06/06/2017');
ERROR: 1292 (22007): Incorrect date value: '27/05/2017' for column 'inicio_estadia' at row 1
 MySQL  localhost:3306 ssl  hospital  SQL > insert into cuartos (paciente_id, numero_cuarto, inicio_estadia, fin_estadia) values (49,382, '28/05/2017', '29/05/2017');
ERROR: 1292 (22007): Incorrect date value: '28/05/2017' for column 'inicio_estadia' at row 1
 MySQL  localhost:3306 ssl  hospital  SQL > insert into cuartos (paciente_id, numero_cuarto, inicio_estadia, fin_estadia) values (50,346, '29/05/2017', '30/05/2017');
ERROR: 1292 (22007): Incorrect date value: '29/05/2017' for column 'inicio_estadia' at row 1
 MySQL  localhost:3306 ssl  hospital  SQL > insert into cuartos (paciente_id, numero_cuarto, inicio_estadia, fin_estadia) values (51,349, '30/05/2017', '02/06/2017');
ERROR: 1292 (22007): Incorrect date value: '30/05/2017' for column 'inicio_estadia' at row 1
 MySQL  localhost:3306 ssl  hospital  SQL > insert into cuartos (paciente_id, numero_cuarto, inicio_estadia, fin_estadia) values (52,381, '31/05/2017', '08/06/2017');
ERROR: 1292 (22007): Incorrect date value: '31/05/2017' for column 'inicio_estadia' at row 1
 MySQL  localhost:3306 ssl  hospital  SQL > insert into cuartos (paciente_id, numero_cuarto, inicio_estadia, fin_estadia) values (53,383, '01/06/2017', '11/06/2017');
ERROR: 1292 (22007): Incorrect date value: '01/06/2017' for column 'inicio_estadia' at row 1
 MySQL  localhost:3306 ssl  hospital  SQL > insert into cuartos (paciente_id, numero_cuarto, inicio_estadia, fin_estadia) values (54,339, '02/06/2017', '07/06/2017');
ERROR: 1292 (22007): Incorrect date value: '02/06/2017' for column 'inicio_estadia' at row 1
 MySQL  localhost:3306 ssl  hospital  SQL > insert into cuartos (paciente_id, numero_cuarto, inicio_estadia, fin_estadia) values (55,326, '03/06/2017', '09/06/2017');
ERROR: 1292 (22007): Incorrect date value: '03/06/2017' for column 'inicio_estadia' at row 1
 MySQL  localhost:3306 ssl  hospital  SQL > insert into cuartos (paciente_id, numero_cuarto, inicio_estadia, fin_estadia) values (56,391, '04/06/2017', '12/06/2017');
ERROR: 1292 (22007): Incorrect date value: '04/06/2017' for column 'inicio_estadia' at row 1
 MySQL  localhost:3306 ssl  hospital  SQL > insert into cuartos (paciente_id, numero_cuarto, inicio_estadia, fin_estadia) values (57,377, '05/06/2017', '13/06/2017');
ERROR: 1292 (22007): Incorrect date value: '05/06/2017' for column 'inicio_estadia' at row 1
 MySQL  localhost:3306 ssl  hospital  SQL > insert into cuartos (paciente_id, numero_cuarto, inicio_estadia, fin_estadia) values (58,323, '06/06/2017', '13/06/2017');
ERROR: 1292 (22007): Incorrect date value: '06/06/2017' for column 'inicio_estadia' at row 1
 MySQL  localhost:3306 ssl  hospital  SQL > insert into cuartos (paciente_id, numero_cuarto, inicio_estadia, fin_estadia) values (1,121, '2017-04-10', '2017-04-17');
Query OK, 1 row affected (0.0290 sec)
 MySQL  localhost:3306 ssl  hospital  SQL > insert into cuartos (paciente_id, numero_cuarto, inicio_estadia, fin_estadia) values (2,190, '2017-04-11', '2017-04-13');
Query OK, 1 row affected (0.0009 sec)
 MySQL  localhost:3306 ssl  hospital  SQL > insert into cuartos (paciente_id, numero_cuarto, inicio_estadia, fin_estadia) values (3,108, '2017-04-12', '2017-04-17');
Query OK, 1 row affected (0.0009 sec)
 MySQL  localhost:3306 ssl  hospital  SQL > insert into cuartos (paciente_id, numero_cuarto, inicio_estadia, fin_estadia) values (4,179, '2017-04-13', '2017-04-18');
Query OK, 1 row affected (0.0009 sec)
 MySQL  localhost:3306 ssl  hospital  SQL > insert into cuartos (paciente_id, numero_cuarto, inicio_estadia, fin_estadia) values (5,158, '2017-04-14', '2017-04-17');
Query OK, 1 row affected (0.0009 sec)
 MySQL  localhost:3306 ssl  hospital  SQL > insert into cuartos (paciente_id, numero_cuarto, inicio_estadia, fin_estadia) values (6,183, '2017-04-15', '2017-04-16');
Query OK, 1 row affected (0.0009 sec)
 MySQL  localhost:3306 ssl  hospital  SQL > insert into cuartos (paciente_id, numero_cuarto, inicio_estadia, fin_estadia) values (7,142, '2017-04-16', '2017-04-23');
Query OK, 1 row affected (0.0014 sec)
 MySQL  localhost:3306 ssl  hospital  SQL > insert into cuartos (paciente_id, numero_cuarto, inicio_estadia, fin_estadia) values (8,108, '2017-04-17', '2017-04-24');
Query OK, 1 row affected (0.0009 sec)
 MySQL  localhost:3306 ssl  hospital  SQL > insert into cuartos (paciente_id, numero_cuarto, inicio_estadia, fin_estadia) values (9,100, '2017-04-18', '2017-04-23');
Query OK, 1 row affected (0.0010 sec)
 MySQL  localhost:3306 ssl  hospital  SQL > insert into cuartos (paciente_id, numero_cuarto, inicio_estadia, fin_estadia) values (10,109, '2017-04-19', '2017-04-24');
Query OK, 1 row affected (0.0009 sec)
 MySQL  localhost:3306 ssl  hospital  SQL > insert into cuartos (paciente_id, numero_cuarto, inicio_estadia, fin_estadia) values (11,116, '2017-04-20', '2017-04-23');
Query OK, 1 row affected (0.0010 sec)
 MySQL  localhost:3306 ssl  hospital  SQL > insert into cuartos (paciente_id, numero_cuarto, inicio_estadia, fin_estadia) values (12,182, '2017-04-21', '2017-04-24');
Query OK, 1 row affected (0.0014 sec)
 MySQL  localhost:3306 ssl  hospital  SQL > insert into cuartos (paciente_id, numero_cuarto, inicio_estadia, fin_estadia) values (13,180, '2017-04-22', '2017-04-28');
Query OK, 1 row affected (0.0009 sec)
 MySQL  localhost:3306 ssl  hospital  SQL > insert into cuartos (paciente_id, numero_cuarto, inicio_estadia, fin_estadia) values (14,188, '2017-04-23', '2017-04-25');
Query OK, 1 row affected (0.0009 sec)
 MySQL  localhost:3306 ssl  hospital  SQL > insert into cuartos (paciente_id, numero_cuarto, inicio_estadia, fin_estadia) values (15,173, '2017-04-24', '2017-05-01');
Query OK, 1 row affected (0.0009 sec)
 MySQL  localhost:3306 ssl  hospital  SQL > insert into cuartos (paciente_id, numero_cuarto, inicio_estadia, fin_estadia) values (16,176, '2017-04-25', '2017-04-30');
Query OK, 1 row affected (0.0009 sec)
 MySQL  localhost:3306 ssl  hospital  SQL > insert into cuartos (paciente_id, numero_cuarto, inicio_estadia, fin_estadia) values (17,122, '2017-04-26', '2017-04-27');
Query OK, 1 row affected (0.0010 sec)
 MySQL  localhost:3306 ssl  hospital  SQL > insert into cuartos (paciente_id, numero_cuarto, inicio_estadia, fin_estadia) values (18,155, '2017-04-27', '2017-05-07');
Query OK, 1 row affected (0.0009 sec)
 MySQL  localhost:3306 ssl  hospital  SQL > insert into cuartos (paciente_id, numero_cuarto, inicio_estadia, fin_estadia) values (19,181, '2017-04-28', '2017-04-30');
Query OK, 1 row affected (0.0009 sec)
 MySQL  localhost:3306 ssl  hospital  SQL > insert into cuartos (paciente_id, numero_cuarto, inicio_estadia, fin_estadia) values (20,178, '2017-04-29', '2017-05-05');
Query OK, 1 row affected (0.0010 sec)
 MySQL  localhost:3306 ssl  hospital  SQL > insert into cuartos (paciente_id, numero_cuarto, inicio_estadia, fin_estadia) values (21,139, '2017-04-30', '2017-05-07');
Query OK, 1 row affected (0.0009 sec)
 MySQL  localhost:3306 ssl  hospital  SQL > insert into cuartos (paciente_id, numero_cuarto, inicio_estadia, fin_estadia) values (22,119, '2017-05-01', '2017-05-10');
Query OK, 1 row affected (0.0013 sec)
 MySQL  localhost:3306 ssl  hospital  SQL > insert into cuartos (paciente_id, numero_cuarto, inicio_estadia, fin_estadia) values (23,193, '2017-05-02', '2017-05-09');
Query OK, 1 row affected (0.0009 sec)
 MySQL  localhost:3306 ssl  hospital  SQL > insert into cuartos (paciente_id, numero_cuarto, inicio_estadia, fin_estadia) values (24,153, '2017-05-03', '2017-05-04');
Query OK, 1 row affected (0.0009 sec)
 MySQL  localhost:3306 ssl  hospital  SQL > insert into cuartos (paciente_id, numero_cuarto, inicio_estadia, fin_estadia) values (25,168, '2017-05-04', '2017-05-14');
Query OK, 1 row affected (0.0009 sec)
 MySQL  localhost:3306 ssl  hospital  SQL > insert into cuartos (paciente_id, numero_cuarto, inicio_estadia, fin_estadia) values (26,115, '2017-05-05', '2017-05-12');
Query OK, 1 row affected (0.0010 sec)
 MySQL  localhost:3306 ssl  hospital  SQL > insert into cuartos (paciente_id, numero_cuarto, inicio_estadia, fin_estadia) values (27,140, '2017-05-06', '2017-05-09');
Query OK, 1 row affected (0.0010 sec)
 MySQL  localhost:3306 ssl  hospital  SQL > insert into cuartos (paciente_id, numero_cuarto, inicio_estadia, fin_estadia) values (28,170, '2017-05-07', '2017-05-14');
Query OK, 1 row affected (0.0015 sec)
 MySQL  localhost:3306 ssl  hospital  SQL > insert into cuartos (paciente_id, numero_cuarto, inicio_estadia, fin_estadia) values (29,153, '2017-05-08', '2017-05-10');
Query OK, 1 row affected (0.0009 sec)
 MySQL  localhost:3306 ssl  hospital  SQL > insert into cuartos (paciente_id, numero_cuarto, inicio_estadia, fin_estadia) values (30,177, '2017-05-09', '2017-05-14');
Query OK, 1 row affected (0.0009 sec)
 MySQL  localhost:3306 ssl  hospital  SQL > insert into cuartos (paciente_id, numero_cuarto, inicio_estadia, fin_estadia) values (31,101, '2017-05-10', '2017-05-17');
Query OK, 1 row affected (0.0010 sec)
 MySQL  localhost:3306 ssl  hospital  SQL > insert into cuartos (paciente_id, numero_cuarto, inicio_estadia, fin_estadia) values (32,118, '2017-05-11', '2017-05-21');
Query OK, 1 row affected (0.0009 sec)
 MySQL  localhost:3306 ssl  hospital  SQL > insert into cuartos (paciente_id, numero_cuarto, inicio_estadia, fin_estadia) values (33,120, '2017-05-12', '2017-05-19');
Query OK, 1 row affected (0.0011 sec)
 MySQL  localhost:3306 ssl  hospital  SQL > insert into cuartos (paciente_id, numero_cuarto, inicio_estadia, fin_estadia) values (34,156, '2017-05-13', '2017-05-19');
Query OK, 1 row affected (0.0008 sec)
 MySQL  localhost:3306 ssl  hospital  SQL > insert into cuartos (paciente_id, numero_cuarto, inicio_estadia, fin_estadia) values (35,174, '2017-05-14', '2017-05-15');
Query OK, 1 row affected (0.0009 sec)
 MySQL  localhost:3306 ssl  hospital  SQL > insert into cuartos (paciente_id, numero_cuarto, inicio_estadia, fin_estadia) values (36,156, '2017-05-15', '2017-05-19');
Query OK, 1 row affected (0.0009 sec)
 MySQL  localhost:3306 ssl  hospital  SQL > insert into cuartos (paciente_id, numero_cuarto, inicio_estadia, fin_estadia) values (37,397, '2017-05-16', '2017-05-26');
Query OK, 1 row affected (0.0008 sec)
 MySQL  localhost:3306 ssl  hospital  SQL > insert into cuartos (paciente_id, numero_cuarto, inicio_estadia, fin_estadia) values (38,314, '2017-05-17', '2017-05-18');
Query OK, 1 row affected (0.0009 sec)
 MySQL  localhost:3306 ssl  hospital  SQL > insert into cuartos (paciente_id, numero_cuarto, inicio_estadia, fin_estadia) values (39,385, '2017-05-18', '2017-05-24');
Query OK, 1 row affected (0.0013 sec)
 MySQL  localhost:3306 ssl  hospital  SQL > insert into cuartos (paciente_id, numero_cuarto, inicio_estadia, fin_estadia) values (40,356, '2017-05-19', '2017-05-26');
Query OK, 1 row affected (0.0019 sec)
 MySQL  localhost:3306 ssl  hospital  SQL > insert into cuartos (paciente_id, numero_cuarto, inicio_estadia, fin_estadia) values (41,317, '2017-05-20', '2017-05-28');
Query OK, 1 row affected (0.0009 sec)
 MySQL  localhost:3306 ssl  hospital  SQL > insert into cuartos (paciente_id, numero_cuarto, inicio_estadia, fin_estadia) values (42,305, '2017-05-21', '2017-05-29');
Query OK, 1 row affected (0.0009 sec)
 MySQL  localhost:3306 ssl  hospital  SQL > insert into cuartos (paciente_id, numero_cuarto, inicio_estadia, fin_estadia) values (43,363, '2017-05-22', '2017-05-26');
Query OK, 1 row affected (0.0009 sec)
 MySQL  localhost:3306 ssl  hospital  SQL > insert into cuartos (paciente_id, numero_cuarto, inicio_estadia, fin_estadia) values (44,346, '2017-05-23', '2017-06-02');
Query OK, 1 row affected (0.0009 sec)
 MySQL  localhost:3306 ssl  hospital  SQL > insert into cuartos (paciente_id, numero_cuarto, inicio_estadia, fin_estadia) values (45,396, '2017-05-24', '2017-05-31');
Query OK, 1 row affected (0.0010 sec)
 MySQL  localhost:3306 ssl  hospital  SQL > insert into cuartos (paciente_id, numero_cuarto, inicio_estadia, fin_estadia) values (46,376, '2017-05-25', '2017-06-03');
Query OK, 1 row affected (0.0010 sec)
 MySQL  localhost:3306 ssl  hospital  SQL > insert into cuartos (paciente_id, numero_cuarto, inicio_estadia, fin_estadia) values (47,353, '2017-05-26', '2017-05-27');
Query OK, 1 row affected (0.0009 sec)
 MySQL  localhost:3306 ssl  hospital  SQL > insert into cuartos (paciente_id, numero_cuarto, inicio_estadia, fin_estadia) values (48,342, '2017-05-27', '2017-06-06');
Query OK, 1 row affected (0.0009 sec)
 MySQL  localhost:3306 ssl  hospital  SQL > insert into cuartos (paciente_id, numero_cuarto, inicio_estadia, fin_estadia) values (49,382, '2017-05-28', '2017-05-29');
Query OK, 1 row affected (0.0009 sec)
 MySQL  localhost:3306 ssl  hospital  SQL > insert into cuartos (paciente_id, numero_cuarto, inicio_estadia, fin_estadia) values (50,346, '2017-05-29', '2017-05-30');
Query OK, 1 row affected (0.0010 sec)
 MySQL  localhost:3306 ssl  hospital  SQL > insert into cuartos (paciente_id, numero_cuarto, inicio_estadia, fin_estadia) values (51,349, '2017-05-30', '2017-06-02');
Query OK, 1 row affected (0.0011 sec)
 MySQL  localhost:3306 ssl  hospital  SQL > insert into cuartos (paciente_id, numero_cuarto, inicio_estadia, fin_estadia) values (52,381, '2017-05-31', '2017-06-08');
Query OK, 1 row affected (0.0011 sec)
 MySQL  localhost:3306 ssl  hospital  SQL > insert into cuartos (paciente_id, numero_cuarto, inicio_estadia, fin_estadia) values (53,383, '2017-06-01', '2017-06-11');
Query OK, 1 row affected (0.0013 sec)
 MySQL  localhost:3306 ssl  hospital  SQL > insert into cuartos (paciente_id, numero_cuarto, inicio_estadia, fin_estadia) values (54,339, '2017-06-02', '2017-06-07');
Query OK, 1 row affected (0.0009 sec)
 MySQL  localhost:3306 ssl  hospital  SQL > insert into cuartos (paciente_id, numero_cuarto, inicio_estadia, fin_estadia) values (55,326, '2017-06-03', '2017-06-09');
Query OK, 1 row affected (0.0009 sec)
 MySQL  localhost:3306 ssl  hospital  SQL > insert into cuartos (paciente_id, numero_cuarto, inicio_estadia, fin_estadia) values (56,391, '2017-06-04', '2017-06-12');
Query OK, 1 row affected (0.0009 sec)
 MySQL  localhost:3306 ssl  hospital  SQL > insert into cuartos (paciente_id, numero_cuarto, inicio_estadia, fin_estadia) values (57,377, '2017-06-05', '2017-06-13');
Query OK, 1 row affected (0.0009 sec)
 MySQL  localhost:3306 ssl  hospital  SQL > insert into cuartos (paciente_id, numero_cuarto, inicio_estadia, fin_estadia) values (58,323, '2017-06-06', '2017-06-13');
Query OK, 1 row affected (0.0010 sec)
 MySQL  localhost:3306 ssl  hospital  SQL > select * from pacientes;
+-------------+------------+--------------+--------------+------------------+------+--------+----------------------+--------+---------------+------------------+----------------+-------+
| paciente_id | nombre     | apellido_pat | apellido_mat | fecha_nacimiento | peso | altura | numero_seguro_social | genero | telefono_casa | telefono_trabajo | telefono_movil | otros |
+-------------+------------+--------------+--------------+------------------+------+--------+----------------------+--------+---------------+------------------+----------------+-------+
|           1 | Georgi     | Facello      | Facello      | 1960-02-20       |   93 |   1.99 | 10001                | M      | NULL          | NULL             | NULL           | NULL  |
|           2 | Bezalel    | Simmel       | Simmel       | 1952-07-08       |   88 |   1.69 | 10002                | F      | NULL          | NULL             | NULL           | NULL  |
|           3 | Parto      | Bamford      | Bamford      | 1953-09-29       |   62 |   1.88 | 10003                | M      | NULL          | NULL             | NULL           | NULL  |
|           4 | Chirstian  | Koblick      | Koblick      | 1958-09-05       |   93 |   1.84 | 10004                | M      | NULL          | NULL             | NULL           | NULL  |
|           5 | Kyoichi    | Maliniak     | Maliniak     | 1958-10-31       |   86 |   1.89 | 10005                | M      | NULL          | NULL             | NULL           | NULL  |
|           6 | Anneke     | Preusig      | Preusig      | 1953-04-03       |   86 |   1.54 | 10006                | F      | NULL          | NULL             | NULL           | NULL  |
|           7 | Tzvetan    | Zielinski    | Zielinski    | 1962-07-10       |   56 |   1.77 | 10007                | F      | NULL          | NULL             | NULL           | NULL  |
|           8 | Saniya     | Kalloufi     | Kalloufi     | 1963-11-26       |   78 |   1.82 | 10008                | M      | NULL          | NULL             | NULL           | NULL  |
|           9 | Sumant     | Peac         | Peac         | 1956-12-13       |   85 |   1.64 | 10009                | F      | NULL          | NULL             | NULL           | NULL  |
|          10 | Duangkaew  | Piveteau     | Piveteau     | 1958-07-14       |   92 |   1.71 | 10010                | F      | NULL          | NULL             | NULL           | NULL  |
|          11 | Mary       | Sluis        | Sluis        | 1959-01-27       |   96 |   1.96 | 10011                | F      | NULL          | NULL             | NULL           | NULL  |
|          12 | Patricio   | Bridgland    | Bridgland    | 1960-08-09       |   63 |    1.9 | 10012                | M      | NULL          | NULL             | NULL           | NULL  |
|          13 | Eberhardt  | Terkki       | Terkki       | 1956-11-14       |   81 |   1.64 | 10013                | M      | NULL          | NULL             | NULL           | NULL  |
|          14 | Berni      | Genin        | Genin        | 1962-12-29       |   67 |   1.74 | 10014                | M      | NULL          | NULL             | NULL           | NULL  |
|          15 | Guoxiang   | Nooteboom    | Nooteboom    | 1953-02-08       |   60 |   1.55 | 10015                | M      | NULL          | NULL             | NULL           | NULL  |
|          16 | Kazuhito   | Cappelletti  | Cappelletti  | 1959-08-10       |   97 |   1.71 | 10016                | M      | NULL          | NULL             | NULL           | NULL  |
|          17 | Cristinel  | Bouloucos    | Bouloucos    | 1963-07-22       |   66 |   1.91 | 10017                | F      | NULL          | NULL             | NULL           | NULL  |
|          18 | Kazuhide   | Peha         | Peha         | 1960-07-20       |   88 |   1.51 | 10018                | F      | NULL          | NULL             | NULL           | NULL  |
|          19 | Lillian    | Haddadi      | Haddadi      | 1959-10-01       |   85 |   1.61 | 10019                | M      | NULL          | NULL             | NULL           | NULL  |
|          20 | Mayuko     | Warwick      | Warwick      | 1959-09-13       |   96 |   1.78 | 10020                | M      | NULL          | NULL             | NULL           | NULL  |
|          21 | Ramzi      | Erde         | Erde         | 1959-08-27       |   91 |   1.61 | 10021                | M      | NULL          | NULL             | NULL           | NULL  |
|          22 | Shahaf     | Famili       | Famili       | 1956-02-26       |   70 |   1.81 | 10022                | M      | NULL          | NULL             | NULL           | NULL  |
|          23 | Bojan      | Montemayor   | Montemayor   | 1960-09-19       |   86 |    1.8 | 10023                | F      | NULL          | NULL             | NULL           | NULL  |
|          24 | Suzette    | Pettey       | Pettey       | 1961-09-21       |   79 |   1.74 | 10024                | F      | NULL          | NULL             | NULL           | NULL  |
|          25 | Prasadram  | Heyers       | Heyers       | 1957-08-14       |   91 |   1.95 | 10025                | M      | NULL          | NULL             | NULL           | NULL  |
|          26 | Yongqiao   | Berztiss     | Berztiss     | 1960-07-23       |   75 |   1.91 | 10026                | M      | NULL          | NULL             | NULL           | NULL  |
|          27 | Divier     | Reistad      | Reistad      | 1952-06-29       |   57 |    1.6 | 10027                | F      | NULL          | NULL             | NULL           | NULL  |
|          28 | Domenick   | Tempesti     | Tempesti     | 1963-07-11       |   62 |   1.72 | 10028                | M      | NULL          | NULL             | NULL           | NULL  |
|          29 | Otmar      | Herbst       | Herbst       | 1961-04-24       |   77 |    1.6 | 10029                | M      | NULL          | NULL             | NULL           | NULL  |
|          30 | Elvis      | Demeyer      | Demeyer      | 1958-05-21       |   93 |   1.64 | 10030                | M      | NULL          | NULL             | NULL           | NULL  |
|          31 | Karsten    | Joslin       | Joslin       | 1953-07-28       |   95 |   1.52 | 10031                | M      | NULL          | NULL             | NULL           | NULL  |
|          32 | Jeong      | Reistad      | Reistad      | 1961-02-26       |   84 |    1.6 | 10032                | F      | NULL          | NULL             | NULL           | NULL  |
|          33 | Arif       | Merlo        | Merlo        | 1954-09-13       |   92 |   1.77 | 10033                | M      | NULL          | NULL             | NULL           | NULL  |
|          34 | Bader      | Swan         | Swan         | 1957-04-04       |   69 |   1.56 | 10034                | M      | NULL          | NULL             | NULL           | NULL  |
|          35 | Alain      | Chappelet    | Chappelet    | 1956-06-06       |   57 |   1.55 | 10035                | M      | NULL          | NULL             | NULL           | NULL  |
|          36 | Adamantios | Portugali    | Portugali    | 1961-09-01       |   62 |   1.99 | 10036                | M      | NULL          | NULL             | NULL           | NULL  |
|          37 | Pradeep    | Makrucki     | Makrucki     | 1954-05-30       |   60 |   1.75 | 10037                | M      | NULL          | NULL             | NULL           | NULL  |
|          38 | Huan       | Lortz        | Lortz        | 1954-10-01       |   97 |   1.88 | 10038                | M      | NULL          | NULL             | NULL           | NULL  |
|          39 | Alejandro  | Brender      | Brender      | 1959-10-01       |   92 |   1.78 | 10039                | M      | NULL          | NULL             | NULL           | NULL  |
|          40 | Weiyi      | Meriste      | Meriste      | 1959-09-13       |   97 |   1.84 | 10040                | F      | NULL          | NULL             | NULL           | NULL  |
|          41 | Uri        | Lenart       | Lenart       | 1959-08-27       |   80 |    1.9 | 10041                | F      | NULL          | NULL             | NULL           | NULL  |
|          42 | Magy       | Stamatiou    | Stamatiou    | 1956-02-26       |   69 |   1.91 | 10042                | F      | NULL          | NULL             | NULL           | NULL  |
|          43 | Yishay     | Tzvieli      | Tzvieli      | 1960-09-19       |   65 |   1.95 | 10043                | M      | NULL          | NULL             | NULL           | NULL  |
|          44 | Mingsen    | Casley       | Casley       | 1961-09-21       |   90 |    1.8 | 10044                | F      | NULL          | NULL             | NULL           | NULL  |
|          45 | Moss       | Shanbhogue   | Shanbhogue   | 1957-08-14       |   90 |   1.97 | 10045                | M      | NULL          | NULL             | NULL           | NULL  |
|          46 | Lucien     | Rosenbaum    | Rosenbaum    | 1960-07-23       |   85 |   1.53 | 10046                | M      | NULL          | NULL             | NULL           | NULL  |
|          47 | Zvonko     | Nyanchama    | Nyanchama    | 1952-06-29       |   78 |   1.65 | 10047                | M      | NULL          | NULL             | NULL           | NULL  |
|          48 | Florian    | Syrotiuk     | Syrotiuk     | 1963-07-11       |   76 |   1.58 | 10048                | M      | NULL          | NULL             | NULL           | NULL  |
|          49 | Basil      | Tramer       | Tramer       | 1961-04-24       |   99 |   1.55 | 10049                | F      | NULL          | NULL             | NULL           | NULL  |
|          50 | Yinghua    | Dredge       | Dredge       | 1958-05-21       |   78 |   1.54 | 10050                | M      | NULL          | NULL             | NULL           | NULL  |
|          51 | Hidefumi   | Caine        | Caine        | 1953-07-28       |   54 |   1.84 | 10051                | M      | NULL          | NULL             | NULL           | NULL  |
|          52 | Heping     | Nitsch       | Nitsch       | 1961-02-26       |   85 |   1.59 | 10052                | M      | NULL          | NULL             | NULL           | NULL  |
|          53 | Sanjiv     | Zschoche     | Zschoche     | 1954-09-13       |   52 |   1.53 | 10053                | F      | NULL          | NULL             | NULL           | NULL  |
|          54 | Mayumi     | Schueller    | Schueller    | 1957-04-04       |   75 |   1.72 | 10054                | M      | NULL          | NULL             | NULL           | NULL  |
|          55 | Georgy     | Dredge       | Dredge       | 1956-06-06       |   97 |   1.61 | 10055                | M      | NULL          | NULL             | NULL           | NULL  |
|          56 | Brendon    | Bernini      | Bernini      | 1961-09-01       |   91 |   1.63 | 10056                | F      | NULL          | NULL             | NULL           | NULL  |
|          57 | Ebbe       | Callaway     | Callaway     | 1954-05-30       |   91 |   1.96 | 10057                | F      | NULL          | NULL             | NULL           | NULL  |
|          58 | Berhard    | McFarlin     | McFarlin     | 1954-10-01       |   99 |   1.96 | 10058                | M      | NULL          | NULL             | NULL           | NULL  |
+-------------+------------+--------------+--------------+------------------+------+--------+----------------------+--------+---------------+------------------+----------------+-------+
58 rows in set (0.0005 sec)
 MySQL  localhost:3306 ssl  hospital  SQL > select * from direcciones;
+--------------+--------------------------------------------+-----------------+-----------------+---------------+---------------+-----------------+---------------+------------+-------+
| direccion_id | calle                                      | numero_exterior | numero_interior | colonia       | codigo_postal | ciudad          | estado        | pais       | otros |
+--------------+--------------------------------------------+-----------------+-----------------+---------------+---------------+-----------------+---------------+------------+-------+
|            1 | 1 rue Alsace-Lorraine                      |               1 |            NULL | No especifica | 40620         | Toulouse        | No especifica | France     | otro  |
|            3 | 12 Orchestra Terrace                       |              12 |            NULL | No especifica | 72299         | Walla Walla     | WA            | USA        | otro  |
|            4 | 12, rue des Bouchers                       |              12 |            NULL | No especifica | 10368         | Marseille       | No especifica | France     | otro  |
|            5 | 120 Hanover Sq.                            |             120 |            NULL | No especifica | 60155         | London          | No especifica | UK         | otro  |
|            6 | 184, chausse de Tournai                    |             184 |            NULL | No especifica | 55769         | Lille           | No especifica | France     | otro  |
|            7 | 187 Suffolk Ln.                            |             187 |            NULL | No especifica | 78271         | Boise           | ID            | USA        | otro  |
|            8 | 1900 Oak St.                               |            1900 |            NULL | No especifica | 85240         | Vancouver       | BC            | Canada     | otro  |
|            9 | 2, rue du Commerce                         |               2 |            NULL | No especifica | 46913         | Helsinki        | No especifica | 1900-01-00 | otro  |
|           10 | 23 Tsawassen Blvd.                         |              23 |            NULL | No especifica | 31994         | Tsawassen       | BC            | Canada     | otro  |
|           11 | 24, place Klber                            |              24 |            NULL | No especifica | 72584         | Strasbourg      | No especifica | France     | otro  |
|           12 | 25, rue Lauriston                          |              25 |            NULL | No especifica | 43635         | Paris           | No especifica | France     | otro  |
|           13 | 265, boulevard Charonne                    |             265 |            NULL | No especifica | 26346         | Paris           | No especifica | France     | otro  |
|           14 | 2732 Baker Blvd.                           |            2732 |            NULL | No especifica | 87535         | Eugene          | OR            | USA        | otro  |
|           15 | 2743 Bering St.                            |            2743 |            NULL | No especifica | 79901         | Anchorage       | AK            | USA        | otro  |
|           16 | 2817 Milton Dr.                            |            2817 |            NULL | No especifica | 85182         | Albuquerque     | NM            | USA        | otro  |
|           17 | 305 - 14th Ave. S. Suite 3B                |             305 |               3 | No especifica | 62245         | Oulu            | No especifica | Finland    | otro  |
|           18 | Avda. Azteca 123                           |             123 |            NULL | No especifica | 78040         | Mxico D.F.      | Mxico D.F.    | Mexico     | otro  |
|           19 | Avda. de la Constitucin 2222               |            2222 |            NULL | No especifica | 71760         | Mxico D.F.      | Mxico D.F.    | Mexico     | otro  |
|           20 | Ave. 5 de Mayo Porlamar                    |               5 |            NULL | No especifica | 20768         | I. de Margarita | Nueva Esparta | Venezuela  | otro  |
|           21 | Carrera 22 con Ave. Carlos Soublette #8-35 |              22 |               8 | No especifica | 50156         | San Cristbal    | Tchira        | Venezuela  | otro  |
|           22 | Rua da Panificadora, 12                    |              12 |            NULL | No especifica | 37964         | Rio de Janeiro  | RJ            | Brazil     | otro  |
|           23 | Rua do Mercado, 12                         |              12 |            NULL | No especifica | 10549         | Stuttgart       | No especifica | Germany    | otro  |
|           24 | Rua do Pao, 67                             |              67 |            NULL | No especifica | 22071         | Rio de Janeiro  | RJ            | Brazil     | otro  |
|           25 | Rua Ors, 92                                |              92 |            NULL | No especifica | 16799         | Sao Paulo       | SP            | Brazil     | otro  |
|           26 | Rue Joseph-Bens 532                        |             532 |            NULL | No especifica | 32742         | Bruxelles       | No especifica | Belgium    | otro  |
|           27 | Sierras de Granada 9993                    |            9993 |            NULL | No especifica | 45792         | Mxico D.F.      | No especifica | Mexico     | otro  |
|           28 | Smagsloget 45                              |              45 |            NULL | No especifica | 88442         | rhus            | No especifica | Denmark    | otro  |
|           29 | South House 300 Queensbridge               |             300 |            NULL | No especifica | 77552         | London          | No especifica | UK         | otro  |
|           30 | Strada Provinciale 124                     |             124 |            NULL | No especifica | 47511         | Reggio Emilia   | No especifica | Italy      | otro  |
|           31 | Taucherstrae 10                            |              10 |            NULL | No especifica | 86041         | Cunewalde       | No especifica | Germany    | otro  |
|           32 | Torikatu 38                                |              38 |            NULL | No especifica | 18047         | Reims           | No especifica | France     | otro  |
|           33 | ul. Filtrowa 6+B7:B928                     |              68 |            NULL | No especifica | 33192         | Seattle         | WA            | USA        | otro  |
|           34 | Via Ludovico il Moro 22                    |              22 |            NULL | No especifica | 82459         | Bergamo         | No especifica | Italy      | otro  |
|           35 | Ing. Gustavo Moncada 8585 Piso 20-A        |            8585 |              20 | No especifica | 83428         | Buenos Aires    | No especifica | Argentina  | otro  |
|           36 | Jardim das rosas n. 32                     |              32 |            NULL | No especifica | 87099         | Lisboa          | No especifica | Portugal   | otro  |
|           37 | kergatan 24                                |              24 |            NULL | No especifica | 83154         | Brcke           | No especifica | Sweden     | otro  |
|           38 | Keskuskatu 45                              |              45 |            NULL | No especifica | 25873         | Resende         | SP            | Brazil     | otro  |
|           39 | Kirchgasse 6                               |               6 |            NULL | No especifica | 59319         | Graz            | No especifica | Austria    | otro  |
|           40 | Luisenstr. 48                              |              78 |            NULL | No especifica | 32205         | Mnster          | No especifica | Germany    | otro  |
|           41 | Magazinweg 7                               |               7 |            NULL | No especifica | 69129         | Frankfurt a.M.  | 1900-01-00    | Germany    | otro  |
+--------------+--------------------------------------------+-----------------+-----------------+---------------+---------------+-----------------+---------------+------------+-------+
40 rows in set (0.0006 sec)
 MySQL  localhost:3306 ssl  hospital  SQL > select * from empleados;
+--------------+-----------+--------------+--------------+--------------------+------------------+-------+
| empleados_id | nombre    | apellido_pat | apellido_mat | titulo             | fecha_nacimiento | otros |
+--------------+-----------+--------------+--------------+--------------------+------------------+-------+
|            1 | Alejandro | McAlpine     | McAlpine     | Senior Engineer    | 1953-09-19       | NULL  |
|            2 | Breannda  | Billingsley  | Billingsley  | Staff              | 1961-10-15       | NULL  |
|            3 | Tse       | Herber       | Herber       | Senior Engineer    | 1962-10-19       | NULL  |
|            4 | Anoosh    | Peyn         | Peyn         | Engineer           | 1961-11-02       | NULL  |
|            5 | Gino      | Leonhardt    | Leonhardt    | Senior Engineer    | 1952-08-06       | NULL  |
|            6 | Udi       | Jansch       | Jansch       | Senior Staff       | 1959-04-07       | NULL  |
|            7 | Satosi    | Awdeh        | Awdeh        | Staff              | 1963-04-14       | NULL  |
|            8 | Kwee      | Schusler     | Schusler     | Senior Engineer    | 1952-11-13       | NULL  |
|            9 | Claudi    | Stavenow     | Stavenow     | Senior Staff       | 1953-01-07       | NULL  |
|           10 | Charlene  | Brattka      | Brattka      | Staff              | 1962-11-26       | NULL  |
|           11 | Margareta | Bierman      | Bierman      | Assistant Engineer | 1960-09-06       | NULL  |
|           12 | Reuven    | Garigliano   | Garigliano   | Assistant Engineer | 1955-08-20       | NULL  |
|           13 | Hisao     | Lipner       | Lipner       | Engineer           | 1958-01-21       | NULL  |
|           14 | Hironoby  | Sidou        | Sidou        | Senior Engineer    | 1952-05-15       | NULL  |
|           15 | Shir      | McClurg      | McClurg      | Engineer           | 1954-02-23       | NULL  |
|           16 | Mokhtar   | Bernatsky    | Bernatsky    | Staff              | 1955-08-28       | NULL  |
|           17 | Gao       | Dolinsky     | Dolinsky     | Engineer           | 1960-03-09       | NULL  |
|           18 | Erez      | Ritzmann     | Ritzmann     | Senior Engineer    | 1952-06-13       | NULL  |
|           19 | Mona      | Azuma        | Azuma        | Senior Staff       | 1964-04-18       | NULL  |
|           20 | Danel     | Mondadori    | Mondadori    | Engineer           | 1959-12-25       | NULL  |
|           21 | Kshitij   | Gils         | Gils         | Senior Staff       | 1961-10-05       | NULL  |
|           22 | Premal    | Baek         | Baek         | Staff              | 1957-12-03       | NULL  |
|           23 | Zhongwei  | Rosen        | Rosen        | Senior Staff       | 1960-12-17       | NULL  |
|           24 | Parviz    | Lortz        | Lortz        | Staff              | 1963-09-09       | NULL  |
|           25 | Vishv     | Zockler      | Zockler      | Engineer           | 1959-07-23       | NULL  |
|           26 | Tuval     | Kalloufi     | Kalloufi     | Senior Engineer    | 1960-05-25       | NULL  |
|           27 | Kenroku   | Malabarba    | Malabarba    | Staff              | 1962-11-07       | NULL  |
|           28 | Somnath   | Foote        | Foote        | Engineer           | 1962-11-19       | NULL  |
|           29 | Xinglin   | Eugenio      | Eugenio      | Technique Leader   | 1959-07-23       | NULL  |
|           30 | Jungsoon  | Syrzycki     | Syrzycki     | Engineer           | 1954-02-25       | NULL  |
+--------------+-----------+--------------+--------------+--------------------+------------------+-------+
30 rows in set (0.0030 sec)
 MySQL  localhost:3306 ssl  hospital  SQL > select * from direcciones;
+--------------+--------------------------------------------+-----------------+-----------------+---------------+---------------+-----------------+---------------+------------+-------+
| direccion_id | calle                                      | numero_exterior | numero_interior | colonia       | codigo_postal | ciudad          | estado        | pais       | otros |
+--------------+--------------------------------------------+-----------------+-----------------+---------------+---------------+-----------------+---------------+------------+-------+
|            1 | 1 rue Alsace-Lorraine                      |               1 |            NULL | No especifica | 40620         | Toulouse        | No especifica | France     | otro  |
|            3 | 12 Orchestra Terrace                       |              12 |            NULL | No especifica | 72299         | Walla Walla     | WA            | USA        | otro  |
|            4 | 12, rue des Bouchers                       |              12 |            NULL | No especifica | 10368         | Marseille       | No especifica | France     | otro  |
|            5 | 120 Hanover Sq.                            |             120 |            NULL | No especifica | 60155         | London          | No especifica | UK         | otro  |
|            6 | 184, chausse de Tournai                    |             184 |            NULL | No especifica | 55769         | Lille           | No especifica | France     | otro  |
|            7 | 187 Suffolk Ln.                            |             187 |            NULL | No especifica | 78271         | Boise           | ID            | USA        | otro  |
|            8 | 1900 Oak St.                               |            1900 |            NULL | No especifica | 85240         | Vancouver       | BC            | Canada     | otro  |
|            9 | 2, rue du Commerce                         |               2 |            NULL | No especifica | 46913         | Helsinki        | No especifica | 1900-01-00 | otro  |
|           10 | 23 Tsawassen Blvd.                         |              23 |            NULL | No especifica | 31994         | Tsawassen       | BC            | Canada     | otro  |
|           11 | 24, place Klber                            |              24 |            NULL | No especifica | 72584         | Strasbourg      | No especifica | France     | otro  |
|           12 | 25, rue Lauriston                          |              25 |            NULL | No especifica | 43635         | Paris           | No especifica | France     | otro  |
|           13 | 265, boulevard Charonne                    |             265 |            NULL | No especifica | 26346         | Paris           | No especifica | France     | otro  |
|           14 | 2732 Baker Blvd.                           |            2732 |            NULL | No especifica | 87535         | Eugene          | OR            | USA        | otro  |
|           15 | 2743 Bering St.                            |            2743 |            NULL | No especifica | 79901         | Anchorage       | AK            | USA        | otro  |
|           16 | 2817 Milton Dr.                            |            2817 |            NULL | No especifica | 85182         | Albuquerque     | NM            | USA        | otro  |
|           17 | 305 - 14th Ave. S. Suite 3B                |             305 |               3 | No especifica | 62245         | Oulu            | No especifica | Finland    | otro  |
|           18 | Avda. Azteca 123                           |             123 |            NULL | No especifica | 78040         | Mxico D.F.      | Mxico D.F.    | Mexico     | otro  |
|           19 | Avda. de la Constitucin 2222               |            2222 |            NULL | No especifica | 71760         | Mxico D.F.      | Mxico D.F.    | Mexico     | otro  |
|           20 | Ave. 5 de Mayo Porlamar                    |               5 |            NULL | No especifica | 20768         | I. de Margarita | Nueva Esparta | Venezuela  | otro  |
|           21 | Carrera 22 con Ave. Carlos Soublette #8-35 |              22 |               8 | No especifica | 50156         | San Cristbal    | Tchira        | Venezuela  | otro  |
|           22 | Rua da Panificadora, 12                    |              12 |            NULL | No especifica | 37964         | Rio de Janeiro  | RJ            | Brazil     | otro  |
|           23 | Rua do Mercado, 12                         |              12 |            NULL | No especifica | 10549         | Stuttgart       | No especifica | Germany    | otro  |
|           24 | Rua do Pao, 67                             |              67 |            NULL | No especifica | 22071         | Rio de Janeiro  | RJ            | Brazil     | otro  |
|           25 | Rua Ors, 92                                |              92 |            NULL | No especifica | 16799         | Sao Paulo       | SP            | Brazil     | otro  |
|           26 | Rue Joseph-Bens 532                        |             532 |            NULL | No especifica | 32742         | Bruxelles       | No especifica | Belgium    | otro  |
|           27 | Sierras de Granada 9993                    |            9993 |            NULL | No especifica | 45792         | Mxico D.F.      | No especifica | Mexico     | otro  |
|           28 | Smagsloget 45                              |              45 |            NULL | No especifica | 88442         | rhus            | No especifica | Denmark    | otro  |
|           29 | South House 300 Queensbridginsert into direcciones_empleados (empleado_id, direccion_id) values (1,1);         | London          | No especifica | UK         | otro  |
ERROR: 1054 (42S22): Unknown column 'empleado_id' in 'field list'es_empleados (empleado_id, direccion_id) values (1,1);         | Reggio Emilia   | No especifica | Italy      | otro  |
 MySQL  localhost:3306 ssl  hospital  SQL > insert into direcciones_empleados (empleado_id, direccion_id) values (2,3);         | Cunewalde       | No especifica | Germany    | otro  |
ERROR: 1054 (42S22): Unknown column 'empleado_id' in 'field list'es_empleados (empleado_id, direccion_id) values (1,147         | Reims           | No especifica | France     | otro  |
 MySQL  localhost:3306 ssl  hospital  SQL > insert into direcciones_empleados (empleado_id, direccion_id) values (3,4);         | Seattle         | WA            | USA        | otro  |
ERROR: 1054 (42S22): Unknown column 'empleado_id' in 'field list'es_empleados (empleado_id, direccion_id) values (12459         | Bergamo         | No especifica | Italy      | otro  |
 MySQL  localhost:3306 ssl  hospital  SQL > insert into direcciones_empleados (empleado_id, direccion_id) values (4,5);         | Buenos Aires    | No especifica | Argentina  | otro  |
ERROR: 1054 (42S22): Unknown column 'empleado_id' in 'field list'es_empleados (empleado_id, direccion_id) values  87099         | Lisboa          | No especifica | Portugal   | otro  |
 MySQL  localhost:3306 ssl  hospital  SQL > insert into direcciones_empleados (empleado_id, direccion_id) values (5,6);         | Brcke           | No especifica | Sweden     | otro  |
ERROR: 1054 (42S22): Unknown column 'empleado_id' in 'field list'es_empleados (empleado_id, direccion_id) value | 25873         | Resende         | SP            | Brazil     | otro  |
 MySQL  localhost:3306 ssl  hospital  SQL > insert into direcciones_empleados (empleado_id, direccion_id) values (6,7);         | Graz            | No especifica | Austria    | otro  |
ERROR: 1054 (42S22): Unknown column 'empleado_id' in 'field list'es_empleados (empleado_id, direccion_id) valca | 32205         | Mnster          | No especifica | Germany    | otro  |
 MySQL  localhost:3306 ssl  hospital  SQL > insert into direcciones_empleados (empleado_id, direccion_id) values (7,8);         | Frankfurt a.M.  | 1900-01-00    | Germany    | otro  |
ERROR: 1054 (42S22): Unknown column 'empleado_id' in 'field list'es_empleados (empleado_id, direccion_id) v-----+---------------+-----------------+---------------+------------+-------+
 MySQL  localhost:3306 ssl  hospital  SQL > insert into direcciones_empleados (empleado_id, direccion_id) values (8,9);
ERROR: 1054 (42S22): Unknown column 'empleado_id' in 'field list'es_empleados (empleado_id, direccion_id)
 MySQL  localhost:3306 ssl  hospital  SQL > insert into direcciones_empleados (empleado_id, direccion_id) values (9,10);
ERROR: 1054 (42S22): Unknown column 'empleado_id' in 'field list'
 MySQL  localhost:3306 ssl  hospital  SQL > insert into direcciones_empleados (empleado_id, direccion_id) values (10,11);
ERROR: 1054 (42S22): Unknown column 'empleado_id' in 'field list'
 MySQL  localhost:3306 ssl  hospital  SQL > insert into direcciones_empleados (empleado_id, direccion_id) values (11,12);
ERROR: 1054 (42S22): Unknown column 'empleado_id' in 'field list'
 MySQL  localhost:3306 ssl  hospital  SQL > insert into direcciones_empleados (empleado_id, direccion_id) values (12,13);
ERROR: 1054 (42S22): Unknown column 'empleado_id' in 'field list'
 MySQL  localhost:3306 ssl  hospital  SQL > insert into direcciones_empleados (empleado_id, direccion_id) values (13,14);
ERROR: 1054 (42S22): Unknown column 'empleado_id' in 'field list'
 MySQL  localhost:3306 ssl  hospital  SQL > insert into direcciones_empleados (empleado_id, direccion_id) values (14,15);
ERROR: 1054 (42S22): Unknown column 'empleado_id' in 'field list'
 MySQL  localhost:3306 ssl  hospital  SQL > insert into direcciones_empleados (empleado_id, direccion_id) values (15,16);
ERROR: 1054 (42S22): Unknown column 'empleado_id' in 'field list'
 MySQL  localhost:3306 ssl  hospital  SQL > insert into direcciones_empleados (empleado_id, direccion_id) values (16,17);
ERROR: 1054 (42S22): Unknown column 'empleado_id' in 'field list'
 MySQL  localhost:3306 ssl  hospital  SQL > insert into direcciones_empleados (empleado_id, direccion_id) values (17,18);
ERROR: 1054 (42S22): Unknown column 'empleado_id' in 'field list'
 MySQL  localhost:3306 ssl  hospital  SQL > insert into direcciones_empleados (empleado_id, direccion_id) values (18,19);
ERROR: 1054 (42S22): Unknown column 'empleado_id' in 'field list'
 MySQL  localhost:3306 ssl  hospital  SQL > insert into direcciones_empleados (empleado_id, direccion_id) values (19,20);
ERROR: 1054 (42S22): Unknown column 'empleado_id' in 'field list'
 MySQL  localhost:3306 ssl  hospital  SQL > insert into direcciones_empleados (empleado_id, direccion_id) values (20,21);
ERROR: 1054 (42S22): Unknown column 'empleado_id' in 'field list'
 MySQL  localhost:3306 ssl  hospital  SQL > insert into direcciones_empleados (empleado_id, direccion_id) values (21,22);
ERROR: 1054 (42S22): Unknown column 'empleado_id' in 'field list'
 MySQL  localhost:3306 ssl  hospital  SQL > insert into direcciones_empleados (empleado_id, direccion_id) values (22,23);
ERROR: 1054 (42S22): Unknown column 'empleado_id' in 'field list'
 MySQL  localhost:3306 ssl  hospital  SQL > insert into direcciones_empleados (empleado_id, direccion_id) values (23,24);
ERROR: 1054 (42S22): Unknown column 'empleado_id' in 'field list'
 MySQL  localhost:3306 ssl  hospital  SQL > insert into direcciones_empleados (empleado_id, direccion_id) values (24,25);
ERROR: 1054 (42S22): Unknown column 'empleado_id' in 'field list'
 MySQL  localhost:3306 ssl  hospital  SQL > insert into direcciones_empleados (empleado_id, direccion_id) values (25,26);
ERROR: 1054 (42S22): Unknown column 'empleado_id' in 'field list'
 MySQL  localhost:3306 ssl  hospital  SQL > insert into direcciones_empleados (empleado_id, direccion_id) values (26,27);
ERROR: 1054 (42S22): Unknown column 'empleado_id' in 'field list'
 MySQL  localhost:3306 ssl  hospital  SQL > insert into direcciones_empleados (empleado_id, direccion_id) values (27,28);
ERROR: 1054 (42S22): Unknown column 'empleado_id' in 'field list'
 MySQL  localhost:3306 ssl  hospital  SQL > insert into direcciones_empleados (empleado_id, direccion_id) values (28,29);
ERROR: 1054 (42S22): Unknown column 'empleado_id' in 'field list'
 MySQL  localhost:3306 ssl  hospital  SQL > insert into direcciones_empleados (empleado_id, direccion_id) values (29,30);
ERROR: 1054 (42S22): Unknown column 'empleado_id' in 'field list'
 MySQL  localhost:3306 ssl  hospital  SQL > insert into direcciones_empleados (empleado_id, direccion_id) values (30,31);
ERROR: 1054 (42S22): Unknown column 'empleado_id' in 'field list'
 MySQL  localhost:3306 ssl  hospital  SQL > insert into direcciones_empleados (empleado_id, direccion_id) values (31,32);
ERROR: 1054 (42S22): Unknown column 'empleado_id' in 'field list'
 MySQL  localhost:3306 ssl  hospital  SQL > insert into direcciones_empleados (empleado_id, direccion_id) values (32,33);
ERROR: 1054 (42S22): Unknown column 'empleado_id' in 'field list'
 MySQL  localhost:3306 ssl  hospital  SQL > insert into direcciones_empleados (empleado_id, direccion_id) values (33,34);
ERROR: 1054 (42S22): Unknown column 'empleado_id' in 'field list'
 MySQL  localhost:3306 ssl  hospital  SQL > insert into direcciones_empleados (empleado_id, direccion_id) values (34,35);
ERROR: 1054 (42S22): Unknown column 'empleado_id' in 'field list'
 MySQL  localhost:3306 ssl  hospital  SQL > insert into direcciones_empleados (empleado_id, direccion_id) values (35,36);
ERROR: 1054 (42S22): Unknown column 'empleado_id' in 'field list'
 MySQL  localhost:3306 ssl  hospital  SQL > insert into direcciones_empleados (empleado_id, direccion_id) values (36,37);
ERROR: 1054 (42S22): Unknown column 'empleado_id' in 'field list'
 MySQL  localhost:3306 ssl  hospital  SQL > insert into direcciones_empleados (empleado_id, direccion_id) values (37,38);
ERROR: 1054 (42S22): Unknown column 'empleado_id' in 'field list'
 MySQL  localhost:3306 ssl  hospital  SQL > insert into direcciones_empleados (empleado_id, direccion_id) values (38,39);
ERROR: 1054 (42S22): Unknown column 'empleado_id' in 'field list'
 MySQL  localhost:3306 ssl  hospital  SQL > insert into direcciones_empleados (empleado_id, direccion_id) values (39,40);
ERROR: 1054 (42S22): Unknown column 'empleado_id' in 'field list'
 MySQL  localhost:3306 ssl  hospital  SQL > insert into direcciones_empleados (empleado_id, direccion_id) values (40,41);
ERROR: 1054 (42S22): Unknown column 'empleado_id' in 'field list'
 MySQL  localhost:3306 ssl  hospital  SQL > desc direcciones_empleados;
+-----------------------+------+------+-----+---------+----------------+
| Field                 | Type | Null | Key | Default | Extra          |
+-----------------------+------+------+-----+---------+----------------+
| direccion_empledos_id | int  | NO   | PRI | NULL    | auto_increment |
| empleados_id          | int  | YES  | MUL | NULL    |                |
| direccion_id          | int  | YES  | MUL | NULL    |                |
+-----------------------+------+------+-----+---------+----------------+
3 rows in set (0.0011 sec)
 MySQL  localhost:3306 ssl  hospital  SQL > insert into direcciones_empleados (empleados_id, direccion_id) values (1,1);
Query OK, 1 row affected (0.0408 sec)
 MySQL  localhost:3306 ssl  hospital  SQL > insert into direcciones_empleados (empleados_id, direccion_id) values (2,3);
Query OK, 1 row affected (0.0009 sec)
 MySQL  localhost:3306 ssl  hospital  SQL > insert into direcciones_empleados (empleados_id, direccion_id) values (3,4);
Query OK, 1 row affected (0.0008 sec)
 MySQL  localhost:3306 ssl  hospital  SQL > insert into direcciones_empleados (empleados_id, direccion_id) values (4,5);
Query OK, 1 row affected (0.0015 sec)
 MySQL  localhost:3306 ssl  hospital  SQL > insert into direcciones_empleados (empleados_id, direccion_id) values (5,6);
Query OK, 1 row affected (0.0008 sec)
 MySQL  localhost:3306 ssl  hospital  SQL > insert into direcciones_empleados (empleados_id, direccion_id) values (6,7);
Query OK, 1 row affected (0.0008 sec)
 MySQL  localhost:3306 ssl  hospital  SQL > insert into direcciones_empleados (empleados_id, direccion_id) values (7,8);
Query OK, 1 row affected (0.0012 sec)
 MySQL  localhost:3306 ssl  hospital  SQL > insert into direcciones_empleados (empleados_id, direccion_id) values (8,9);
Query OK, 1 row affected (0.0010 sec)
 MySQL  localhost:3306 ssl  hospital  SQL > insert into direcciones_empleados (empleados_id, direccion_id) values (9,10);
Query OK, 1 row affected (0.0010 sec)
 MySQL  localhost:3306 ssl  hospital  SQL > insert into direcciones_empleados (empleados_id, direccion_id) values (10,11);
Query OK, 1 row affected (0.0010 sec)
 MySQL  localhost:3306 ssl  hospital  SQL > insert into direcciones_empleados (empleados_id, direccion_id) values (11,12);
Query OK, 1 row affected (0.0010 sec)
 MySQL  localhost:3306 ssl  hospital  SQL > insert into direcciones_empleados (empleados_id, direccion_id) values (12,13);
Query OK, 1 row affected (0.0010 sec)
 MySQL  localhost:3306 ssl  hospital  SQL > insert into direcciones_empleados (empleados_id, direccion_id) values (13,14);
Query OK, 1 row affected (0.0014 sec)
 MySQL  localhost:3306 ssl  hospital  SQL > insert into direcciones_empleados (empleados_id, direccion_id) values (14,15);
Query OK, 1 row affected (0.0012 sec)
 MySQL  localhost:3306 ssl  hospital  SQL > insert into direcciones_empleados (empleados_id, direccion_id) values (15,16);
Query OK, 1 row affected (0.0009 sec)
 MySQL  localhost:3306 ssl  hospital  SQL > insert into direcciones_empleados (empleados_id, direccion_id) values (16,17);
Query OK, 1 row affected (0.0014 sec)
 MySQL  localhost:3306 ssl  hospital  SQL > insert into direcciones_empleados (empleados_id, direccion_id) values (17,18);
Query OK, 1 row affected (0.0009 sec)
 MySQL  localhost:3306 ssl  hospital  SQL > insert into direcciones_empleados (empleados_id, direccion_id) values (18,19);
Query OK, 1 row affected (0.0010 sec)
 MySQL  localhost:3306 ssl  hospital  SQL > insert into direcciones_empleados (empleados_id, direccion_id) values (19,20);
Query OK, 1 row affected (0.0009 sec)
 MySQL  localhost:3306 ssl  hospital  SQL > insert into direcciones_empleados (empleados_id, direccion_id) values (20,21);
Query OK, 1 row affected (0.0010 sec)
 MySQL  localhost:3306 ssl  hospital  SQL > insert into direcciones_empleados (empleados_id, direccion_id) values (21,22);
Query OK, 1 row affected (0.0010 sec)
 MySQL  localhost:3306 ssl  hospital  SQL > insert into direcciones_empleados (empleados_id, direccion_id) values (22,23);
Query OK, 1 row affected (0.0009 sec)
 MySQL  localhost:3306 ssl  hospital  SQL > insert into direcciones_empleados (empleados_id, direccion_id) values (23,24);
Query OK, 1 row affected (0.0009 sec)
 MySQL  localhost:3306 ssl  hospital  SQL > insert into direcciones_empleados (empleados_id, direccion_id) values (24,25);
Query OK, 1 row affected (0.0009 sec)
 MySQL  localhost:3306 ssl  hospital  SQL > insert into direcciones_empleados (empleados_id, direccion_id) values (25,26);
Query OK, 1 row affected (0.0011 sec)
 MySQL  localhost:3306 ssl  hospital  SQL > insert into direcciones_empleados (empleados_id, direccion_id) values (26,27);
Query OK, 1 row affected (0.0010 sec)
 MySQL  localhost:3306 ssl  hospital  SQL > insert into direcciones_empleados (empleados_id, direccion_id) values (27,28);
Query OK, 1 row affected (0.0010 sec)
 MySQL  localhost:3306 ssl  hospital  SQL > insert into direcciones_empleados (empleados_id, direccion_id) values (28,29);
Query OK, 1 row affected (0.0009 sec)
 MySQL  localhost:3306 ssl  hospital  SQL > insert into direcciones_empleados (empleados_id, direccion_id) values (29,30);
Query OK, 1 row affected (0.0012 sec)
 MySQL  localhost:3306 ssl  hospital  SQL > insert into direcciones_empleados (empleados_id, direccion_id) values (30,31);
Query OK, 1 row affected (0.0010 sec)
 MySQL  localhost:3306 ssl  hospital  SQL > insert into direcciones_empleados (empleados_id, direccion_id) values (31,32);
ERROR: 1452 (23000): Cannot add or update a child row: a foreign key constraint fails (`hospital`.`direcciones_empleados`, CONSTRAINT `direcciones_empleados_ibfk_1` FOREIGN KEY (`empleados_id`) REFERENCES `empleados` (`empleados_id`) ON DELETE RESTRICT ON UPDATE CASCADE)
 MySQL  localhost:3306 ssl  hospital  SQL > insert into direcciones_empleados (empleados_id, direccion_id) values (32,33);
ERROR: 1452 (23000): Cannot add or update a child row: a foreign key constraint fails (`hospital`.`direcciones_empleados`, CONSTRAINT `direcciones_empleados_ibfk_1` FOREIGN KEY (`empleados_id`) REFERENCES `empleados` (`empleados_id`) ON DELETE RESTRICT ON UPDATE CASCADE)
 MySQL  localhost:3306 ssl  hospital  SQL > insert into direcciones_empleados (empleados_id, direccion_id) values (33,34);
ERROR: 1452 (23000): Cannot add or update a child row: a foreign key constraint fails (`hospital`.`direcciones_empleados`, CONSTRAINT `direcciones_empleados_ibfk_1` FOREIGN KEY (`empleados_id`) REFERENCES `empleados` (`empleados_id`) ON DELETE RESTRICT ON UPDATE CASCADE)
 MySQL  localhost:3306 ssl  hospital  SQL > insert into direcciones_empleados (empleados_id, direccion_id) values (34,35);
ERROR: 1452 (23000): Cannot add or update a child row: a foreign key constraint fails (`hospital`.`direcciones_empleados`, CONSTRAINT `direcciones_empleados_ibfk_1` FOREIGN KEY (`empleados_id`) REFERENCES `empleados` (`empleados_id`) ON DELETE RESTRICT ON UPDATE CASCADE)
 MySQL  localhost:3306 ssl  hospital  SQL > insert into direcciones_empleados (empleados_id, direccion_id) values (35,36);
ERROR: 1452 (23000): Cannot add or update a child row: a foreign key constraint fails (`hospital`.`direcciones_empleados`, CONSTRAINT `direcciones_empleados_ibfk_1` FOREIGN KEY (`empleados_id`) REFERENCES `empleados` (`empleados_id`) ON DELETE RESTRICT ON UPDATE CASCADE)
 MySQL  localhost:3306 ssl  hospital  SQL > insert into direcciones_empleados (empleados_id, direccion_id) values (36,37);
ERROR: 1452 (23000): Cannot add or update a child row: a foreign key constraint fails (`hospital`.`direcciones_empleados`, CONSTRAINT `direcciones_empleados_ibfk_1` FOREIGN KEY (`empleados_id`) REFERENCES `empleados` (`empleados_id`) ON DELETE RESTRICT ON UPDATE CASCADE)
 MySQL  localhost:3306 ssl  hospital  SQL > insert into direcciones_empleados (empleados_id, direccion_id) values (37,38);
ERROR: 1452 (23000): Cannot add or update a child row: a foreign key constraint fails (`hospital`.`direcciones_empleados`, CONSTRAINT `direcciones_empleados_ibfk_1` FOREIGN KEY (`empleados_id`) REFERENCES `empleados` (`empleados_id`) ON DELETE RESTRICT ON UPDATE CASCADE)
 MySQL  localhost:3306 ssl  hospital  SQL > insert into direcciones_empleados (empleados_id, direccion_id) values (38,39);
ERROR: 1452 (23000): Cannot add or update a child row: a foreign key constraint fails (`hospital`.`direcciones_empleados`, CONSTRAINT `direcciones_empleados_ibfk_1` FOREIGN KEY (`empleados_id`) REFERENCES `empleados` (`empleados_id`) ON DELETE RESTRICT ON UPDATE CASCADE)
 MySQL  localhost:3306 ssl  hospital  SQL > insert into direcciones_empleados (empleados_id, direccion_id) values (39,40);
ERROR: 1452 (23000): Cannot add or update a child row: a foreign key constraint fails (`hospital`.`direcciones_empleados`, CONSTRAINT `direcciones_empleados_ibfk_1` FOREIGN KEY (`empleados_id`) REFERENCES `empleados` (`empleados_id`) ON DELETE RESTRICT ON UPDATE CASCADE)
 MySQL  localhost:3306 ssl  hospital  SQL > insert into direcciones_empleados (empleados_id, direccion_id) values (40,41);
ERROR: 1452 (23000): Cannot add or update a child row: a foreign key constraint fails (`hospital`.`direcciones_empleados`, CONSTRAINT `direcciones_empleados_ibfk_1` FOREIGN KEY (`empleados_id`) REFERENCES `empleados` (`empleados_id`) ON DELETE RESTRICT ON UPDATE CASCADE)
 MySQL  localhost:3306 ssl  hospital  SQL > select *  from paciente;
ERROR: 1146 (42S02): Table 'hospital.paciente' doesn't exist
 MySQL  localhost:3306 ssl  hospital  SQL > select *  from pacientes;
+-------------+------------+--------------+--------------+------------------+------+--------+----------------------+--------+---------------+------------------+----------------+-------+
| paciente_id | nombre     | apellido_pat | apellido_mat | fecha_nacimiento | peso | altura | numero_seguro_social | genero | telefono_casa | telefono_trabajo | telefono_movil | otros |
+-------------+------------+--------------+--------------+------------------+------+--------+----------------------+--------+---------------+------------------+----------------+-------+
|           1 | Georgi     | Facello      | Facello      | 1960-02-20       |   93 |   1.99 | 10001                | M      | NULL          | NULL             | NULL           | NULL  |
|           2 | Bezalel    | Simmel       | Simmel       | 1952-07-08       |   88 |   1.69 | 10002                | F      | NULL          | NULL             | NULL           | NULL  |
|           3 | Parto      | Bamford      | Bamford      | 1953-09-29       |   62 |   1.88 | 10003                | M      | NULL          | NULL             | NULL           | NULL  |
|           4 | Chirstian  | Koblick      | Koblick      | 1958-09-05       |   93 |   1.84 | 10004                | M      | NULL          | NULL             | NULL           | NULL  |
|           5 | Kyoichi    | Maliniak     | Maliniak     | 1958-10-31       |   86 |   1.89 | 10005                | M      | NULL          | NULL             | NULL           | NULL  |
|           6 | Anneke     | Preusig      | Preusig      | 1953-04-03       |   86 |   1.54 | 10006                | F      | NULL          | NULL             | NULL           | NULL  |
|           7 | Tzvetan    | Zielinski    | Zielinski    | 1962-07-10       |   56 |   1.77 | 10007                | F      | NULL          | NULL             | NULL           | NULL  |
|           8 | Saniya     | Kalloufi     | Kalloufi     | 1963-11-26       |   78 |   1.82 | 10008                | M      | NULL          | NULL             | NULL           | NULL  |
|           9 | Sumant     | Peac         | Peac         | 1956-12-13       |   85 |   1.64 | 10009                | F      | NULL          | NULL             | NULL           | NULL  |
|          10 | Duangkaew  | Piveteau     | Piveteau     | 1958-07-14       |   92 |   1.71 | 10010                | F      | NULL          | NULL             | NULL           | NULL  |
|          11 | Mary       | Sluis        | Sluis        | 1959-01-27       |   96 |   1.96 | 10011                | F      | NULL          | NULL             | NULL           | NULL  |
|          12 | Patricio   | Bridgland    | Bridgland    | 1960-08-09       |   63 |    1.9 | 10012                | M      | NULL          | NULL             | NULL           | NULL  |
|          13 | Eberhardt  | Terkki       | Terkki       | 1956-11-14       |   81 |   1.64 | 10013                | M      | NULL          | NULL             | NULL           | NULL  |
|          14 | Berni      | Genin        | Genin        | 1962-12-29       |   67 |   1.74 | 10014                | M      | NULL          | NULL             | NULL           | NULL  |
|          15 | Guoxiang   | Nooteboom    | Nooteboom    | 1953-02-08       |   60 |   1.55 | 10015                | M      | NULL          | NULL             | NULL           | NULL  |
|          16 | Kazuhito   | Cappelletti  | Cappelletti  | 1959-08-10       |   97 |   1.71 | 10016                | M      | NULL          | NULL             | NULL           | NULL  |
|          17 | Cristinel  | Bouloucos    | Bouloucos    | 1963-07-22       |   66 |   1.91 | 10017                | F      | NULL          | NULL             | NULL           | NULL  |
|          18 | Kazuhide   | Peha         | Peha         | 1960-07-20       |   88 |   1.51 | 10018                | F      | NULL          | NULL             | NULL           | NULL  |
|          19 | Lillian    | Haddadi      | Haddadi      | 1959-10-01       |   85 |   1.61 | 10019                | M      | NULL          | NULL             | NULL           | NULL  |
|          20 | Mayuko     | Warwick      | Warwick      | 1959-09-13       |   96 |   1.78 | 10020                | M      | NULL          | NULL             | NULL           | NULL  |
|          21 | Ramzi      | Erde         | Erde         | 1959-08-27       |   91 |   1.61 | 10021                | M      | NULL          | NULL             | NULL           | NULL  |
|          22 | Shahaf     | Famili       | Famili       | 1956-02-26       |   70 |   1.81 | 10022                | M      | NULL          | NULL             | NULL           | NULL  |
|          23 | Bojan      | Montemayor   | Montemayor   | 1960-09-19       |   86 |    1.8 | 10023                | F      | NULL          | NULL             | NULL           | NULL  |
|          24 | Suzette    | Pettey       | Pettey       | 1961-09-21       |   79 |   1.74 | 10024                | F      | NULL          | NULL             | NULL           | NULL  |
|          25 | Prasadram  | Heyers       | Heyers       | 1957-08-14       |   91 |   1.95 | 10025                | M      | NULL          | NULL             | NULL           | NULL  |
|          26 | Yongqiao   | Berztiss     | Berztiss     | 1960-07-23       |   75 |   1.91 | 10026                | M      | NULL          | NULL             | NULL           | NULL  |
|          27 | Divier     | Reistad      | Reistad      | 1952-06-29       |   57 |    1.6 | 10027                | F      | NULL          | NULL             | NULL           | NULL  |
|          28 | Domenick   | Tempesti     | Tempesti     | 1963-07-11       |   62 |   1.72 | 10028                | M      | NULL          | NULL             | NULL           | NULL  |
|          29 | Otmar      | Herbst       | Herbst       | 1961-04-24       |   77 |    1.6 | 10029                | M      | NULL          | NULL             | NULL           | NULL  |
|          30 | Elvis      | Demeyer      | Demeyer      | 1958-05-21       |   93 |   1.64 | 10030                | M      | NULL          | NULL             | NULL           | NULL  |
|          31 | Karsten    | Joslin       | Joslin       | 1953-07-28       |   95 |   1.52 | 10031                | M      | NULL          | NULL             | NULL           | NULL  |
|          32 | Jeong      | Reistad      | Reistad      | 1961-02-26       |   84 |    1.6 | 10032                | F      | NULL          | NULL             | NULL           | NULL  |
|          33 | Arif       | Merlo        | Merlo        | 1954-09-13       |   92 |   1.77 | 10033                | M      | NULL          | NULL             | NULL           | NULL  |
|          34 | Bader      | Swan         | Swan         | 1957-04-04       |   69 |   1.56 | 10034                | M      | NULL          | NULL             | NULL           | NULL  |
|          35 | Alain      | Chappelet    | Chappelet    | 1956-06-06       |   57 |   1.55 | 10035                | M      | NULL          | NULL             | NULL           | NULL  |
|          36 | Adamantios | Portugali    | Portugali    | 1961-09-01       |   62 |   1.99 | 10036                | M      | NULL          | NULL             | NULL           | NULL  |
|          37 | Pradeep    | Makrucki     | Makrucki     | 1954-05-30       |   60 |   1.75 | 10037                | M      | NULL          | NULL             | NULL           | NULL  |
|          38 | Huan       | Lortz        | Lortz        | 1954-10-01       |   97 |   1.88 | 10038                | M      | NULL          | NULL             | NULL           | NULL  |
|          39 | Alejandro  | Brender      | Brender      | 1959-10-01       |   92 |   1.78 | 10039                | M      | NULL          | NULL             | NULL           | NULL  |
|          40 | Weiyi      | Meriste      | Meriste      | 1959-09-13       |   97 |   1.84 | 10040                | F      | NULL          | NULL             | NULL           | NULL  |
|          41 | Uri        | Lenart       | Lenart       | 1959-08-27       |   80 |    1.9 | 10041                | F      | NULL          | NULL             | NULL           | NULL  |
|          42 | Magy       | Stamatiou    | Stamatiou    | 1956-02-26       |   69 |   1.91 | 10042                | F      | NULL          | NULL             | NULL           | NULL  |
|          43 | Yishay     | Tzvieli      | Tzvieli      | 1960-09-19       |   65 |   1.95 | 10043                | M      | NULL          | NULL             | NULL           | NULL  |
|          44 | Mingsen    | Casley       | Casley       | 1961-09-21       |   90 |    1.8 | 10044                | F      | NULL          | NULL             | NULL           | NULL  |
|          45 | Moss       | Shanbhogue   | Shanbhogue   | 1957-08-14       |   90 |   1.97 | 10045                | M      | NULL          | NULL             | NULL           | NULL  |
|          46 | Lucien     | Rosenbaum    | Rosenbaum    | 1960-07-23       |   85 |   1.53 | 10046                | M      | NULL          | NULL             | NULL           | NULL  |
|          47 | Zvonko     | Nyanchama    | Nyanchama    | 1952-06-29       |   78 |   1.65 | 10047                | M      | NULL          | NULL             | NULL           | NULL  |
|          48 | Florian    | Syrotiuk     | Syrotiuk     | 1963-07-11       |   76 |   1.58 | 10048                | M      | NULL          | NULL             | NULL           | NULL  |
|          49 | Basil      | Tramer       | Tramer       | 1961-04-24       |   99 |   1.55 | 10049                | F      | NULL          | NULL             | NULL           | NULL  |
|          50 | Yinghua    | Dredge       | Dredge       | 1958-05-21       |   78 |   1.54 | 10050                | M      | NULL          | NULL             | NULL           | NULL  |
|          51 | Hidefumi   | Caine        | Caine        | 1953-07-28       |   54 |   1.84 | 10051                | M      | NULL          | NULL             | NULL           | NULL  |
|          52 | Heping     | Nitsch       | Nitsch       | 1961-02-26       |   85 |   1.59 | 10052                | M      | NULL          | NULL             | NULL           | NULL  |
|          53 | Sanjiv     | Zschoche     | Zschoche     | 1954-09-13       |   52 |   1.53 | 10053                | F      | NULL          | NULL             | NULL           | NULL  |
|          54 | Mayumi     | Schueller    | Schueller    | 1957-04-04       |   75 |   1.72 | 10054                | M      | NULL          | NULL             | NULL           | NULL  |
|          55 | Georgy     | Dredge       | Dredge       | 1956-06-06       |   97 |   1.61 | 10055                | M      | NULL          | NULL             | NULL           | NULL  |
|          56 | Brendon    | Bernini      | Bernini      | 1961-09-01       |   91 |   1.63 | 10056                | F      | NULL          | NULL             | NULL           | NULL  |
|          57 | Ebbe       | Callaway     | Callaway     | 1954-05-30       |   91 |   1.96 | 10057                | F      | NULL          | NULL             | NULL           | NULL  |
|          58 | Berhard    | McFarlin     | McFarlin     | 1954-10-01       |   99 |   1.96 | 10058                | M      | NULL          | NULL             | NULL           | NULL  |
+-------------+------------+--------------+--------------+------------------+------+--------+----------------------+--------+---------------+------------------+----------------+-------+
58 rows in set (0.0004 sec)
 MySQL  localhost:3306 ssl  hospital  SQL > select * from direcciones;
+--------------+--------------------------------------------+-----------------+-----------------+---------------+---------------+-----------------+---------------+------------+-------+
| direccion_id | calle                                      | numero_exterior | numero_interior | colonia       | codigo_postal | ciudad          | estado        | pais       | otros |
+--------------+--------------------------------------------+-----------------+-----------------+---------------+---------------+-----------------+---------------+------------+-------+
|            1 | 1 rue Alsace-Lorraine                      |               1 |            NULL | No especifica | 40620         | Toulouse        | No especifica | France     | otro  |
|            3 | 12 Orchestra Terrace                       |              12 |            NULL | No especifica | 72299         | Walla Walla     | WA            | USA        | otro  |
|            4 | 12, rue des Bouchers                       |              12 |            NULL | No especifica | 10368         | Marseille       | No especifica | France     | otro  |
|            5 | 120 Hanover Sq.                            |             120 |            NULL | No especifica | 60155         | London          | No especifica | UK         | otro  |
|            6 | 184, chausse de Tournai                    |             184 |            NULL | No especifica | 55769         | Lille           | No especifica | France     | otro  |
|            7 | 187 Suffolk Ln.                            |             187 |            NULL | No especifica | 78271         | Boise           | ID            | USA        | otro  |
|            8 | 1900 Oak St.                               |            1900 |            NULL | No especifica | 85240         | Vancouver       | BC            | Canada     | otro  |
|            9 | 2, rue du Commerce                         |               2 |            NULL | No especifica | 46913         | Helsinki        | No especifica | 1900-01-00 | otro  |
|           10 | 23 Tsawassen Blvd.                         |              23 |            NULL | No especifica | 31994         | Tsawassen       | BC            | Canada     | otro  |
|           11 | 24, place Klber                            |              24 |            NULL | No especifica | 72584         | Strasbourg      | No especifica | France     | otro  |
|           12 | 25, rue Lauriston                          |              25 |            NULL | No especifica | 43635         | Paris           | No especifica | France     | otro  |
|           13 | 265, boulevard Charonne                    |             265 |            NULL | No especifica | 26346         | Paris           | No especifica | France     | otro  |
|           14 | 2732 Baker Blvd.                           |            2732 |            NULL | No especifica | 87535         | Eugene          | OR            | USA        | otro  |
|           15 | 2743 Bering St.                            |            2743 |            NULL | No especifica | 79901         | Anchorage       | AK            | USA        | otro  |
|           16 | 2817 Milton Dr.                            |            2817 |            NULL | No especifica | 85182         | Albuquerque     | NM            | USA        | otro  |
|           17 | 305 - 14th Ave. S. Suite 3B                |             305 |               3 | No especifica | 62245         | Oulu            | No especifica | Finland    | otro  |
|           18 | Avda. Azteca 123                           |             123 |            NULL | No especifica | 78040         | Mxico D.F.      | Mxico D.F.    | Mexico     | otro  |
|           19 | Avda. de la Constitucin 2222               |            2222 |            NULL | No especifica | 71760         | Mxico D.F.      | Mxico D.F.    | Mexico     | otro  |
|           20 | Ave. 5 de Mayo Porlamar                    |               5 |            NULL | No especifica | 20768         | I. de Margarita | Nueva Esparta | Venezuela  | otro  |
|           21 | Carrera 22 con Ave. Carlos Soublette #8-35 |              22 |               8 | No especifica | 50156         | San Cristbal    | Tchira        | Venezuela  | otro  |
|           22 | Rua da Panificadora, 12                    |              12 |            NULL | No especifica | 37964         | Rio de Janeiro  | RJ            | Brazil     | otro  |
|           23 | Rua do Mercado, 12                         |              12 |            NULL | No especifica | 10549         | Stuttgart       | No especifica | Germany    | otro  |
|           24 | Rua do Pao, 67                             |              67 |            NULL | No especifica | 22071         | Rio de Janeiro  | RJ            | Brazil     | otro  |
|           25 | Rua Ors, 92                                |              92 |            NULL | No especifica | 16799         | Sao Paulo       | SP            | Brazil     | otro  |
|           26 | Rue Joseph-Bens 532                        |             532 |            NULL | No especifica | 32742         | Bruxelles       | No especifica | Belgium    | otro  |
|           27 | Sierras de Granada 9993                    |            9993 |            NULL | No especifica | 45792         | Mxico D.F.      | No especifica | Mexico     | otro  |
|           28 | Smagsloget 45                              |              45 |            NULL | No especifica | 88442         | rhus            | No especifica | Denmark    | otro  |
|           29 | South House 300 Queensbridge               |             300 |            NULL | No especifica | 77552         | London          | No especifica | UK         | otro  |
|           30 | Strada Provinciale 124                     |             124 |            NULL | No especifica | 47511         | Reggio Emilia   | No especifica | Italy      | otro  |
|           31 | Taucherstrae 10                            |              10 |            NULL | No especifica | 86041         | Cunewalde       | No especifica | Germany    | otro  |
|           32 | Torikatu 38                                |              38 |            NULL | No especifica | 18047         | Reims           | No especifica | France     | otro  |
|           33 | ul. Filtrowa 6+B7:B928                     |              68 |            NULL | No especifica | 33192         | Seattle         | WA            | USA        | otro  |
|           34 | Via Ludovico il Moro 22                    |              22 |            NULL | No especifica | 82459         | Bergamo         | No especifica | Italy      | otro  |
|           35 | Ing. Gustavo Moncada 8585 Piso 20-A        |            8585 |              20 | No especifica | 83428         | Buenos Aires    | No especifica | Argentina  | otro  |
|           36 | Jardim das rosas n. 32                     |              32 |            NULL | No especifica | 87099         | Lisboa          | No especifica | Portugal   | otro  |
|           37 | kergatan 24                                |              24 |            NULL | No especifica | 83154         | Brcke           | No especifica | Sweden     | otro  |
|           38 | Keskuskatu 45                              |              45 |            NULL | No especifica | 25873         | Resende         | SP            | Brazil     | otro  |
|           39 | Kirchgasse 6                               |               6 |            NULL | No especifica | 59319         | Graz            | No especifica | Austria    | otro  |
|           40 | Luisenstr. 48                              |              78 |            NULL | No especifica | 32205         | Mnster          | No especifica | Germany    | otro  |
|           41 | Magazinweg 7                               |               7 |            NULL | No especifica | 69129         | Frankfurt a.M.  | 1900-01-00    | Germany    | otro  |
+--------------+--------------------------------------------+-----------------+-----------------+---------------+---------------+-----------------+---------------+------------+-------+
40 rows in set (0.0005 sec)
 MySQL  localhost:3306 ssl  hospital  SQL > insert into direcciones_pacientes (paciente_id,direccion_id) values (1,1);
Query OK, 1 row affected (0.0390 sec)
 MySQL  localhost:3306 ssl  hospital  SQL > insert into direcciones_pacientes (paciente_id,direccion_id) values (2,3);
Query OK, 1 row affected (0.0009 sec)
 MySQL  localhost:3306 ssl  hospital  SQL > insert into direcciones_pacientes (paciente_id,direccion_id) values (3,4);
Query OK, 1 row affected (0.0007 sec)
 MySQL  localhost:3306 ssl  hospital  SQL > insert into direcciones_pacientes (paciente_id,direccion_id) values (4,5);
Query OK, 1 row affected (0.0008 sec)
 MySQL  localhost:3306 ssl  hospital  SQL > insert into direcciones_pacientes (paciente_id,direccion_id) values (5,6);
Query OK, 1 row affected (0.0007 sec)
 MySQL  localhost:3306 ssl  hospital  SQL > insert into direcciones_pacientes (paciente_id,direccion_id) values (6,7);
Query OK, 1 row affected (0.0009 sec)
 MySQL  localhost:3306 ssl  hospital  SQL > insert into direcciones_pacientes (paciente_id,direccion_id) values (7,8);
Query OK, 1 row affected (0.0009 sec)
 MySQL  localhost:3306 ssl  hospital  SQL > insert into direcciones_pacientes (paciente_id,direccion_id) values (8,9);
Query OK, 1 row affected (0.0009 sec)
 MySQL  localhost:3306 ssl  hospital  SQL > insert into direcciones_pacientes (paciente_id,direccion_id) values (9,10);
Query OK, 1 row affected (0.0007 sec)
 MySQL  localhost:3306 ssl  hospital  SQL > insert into direcciones_pacientes (paciente_id,direccion_id) values (10,11);
Query OK, 1 row affected (0.0009 sec)
 MySQL  localhost:3306 ssl  hospital  SQL > insert into direcciones_pacientes (paciente_id,direccion_id) values (11,12);
Query OK, 1 row affected (0.0007 sec)
 MySQL  localhost:3306 ssl  hospital  SQL > insert into direcciones_pacientes (paciente_id,direccion_id) values (12,13);
Query OK, 1 row affected (0.0008 sec)
 MySQL  localhost:3306 ssl  hospital  SQL > insert into direcciones_pacientes (paciente_id,direccion_id) values (13,14);
Query OK, 1 row affected (0.0008 sec)
 MySQL  localhost:3306 ssl  hospital  SQL > insert into direcciones_pacientes (paciente_id,direccion_id) values (14,15);
Query OK, 1 row affected (0.0008 sec)
 MySQL  localhost:3306 ssl  hospital  SQL > insert into direcciones_pacientes (paciente_id,direccion_id) values (15,16);
Query OK, 1 row affected (0.0008 sec)
 MySQL  localhost:3306 ssl  hospital  SQL > insert into direcciones_pacientes (paciente_id,direccion_id) values (16,17);
Query OK, 1 row affected (0.0008 sec)
 MySQL  localhost:3306 ssl  hospital  SQL > insert into direcciones_pacientes (paciente_id,direccion_id) values (17,18);
Query OK, 1 row affected (0.0009 sec)
 MySQL  localhost:3306 ssl  hospital  SQL > insert into direcciones_pacientes (paciente_id,direccion_id) values (18,19);
Query OK, 1 row affected (0.0008 sec)
 MySQL  localhost:3306 ssl  hospital  SQL > insert into direcciones_pacientes (paciente_id,direccion_id) values (19,20);
Query OK, 1 row affected (0.0008 sec)
 MySQL  localhost:3306 ssl  hospital  SQL > insert into direcciones_pacientes (paciente_id,direccion_id) values (20,21);
Query OK, 1 row affected (0.0012 sec)
 MySQL  localhost:3306 ssl  hospital  SQL > insert into direcciones_pacientes (paciente_id,direccion_id) values (21,22);
Query OK, 1 row affected (0.0013 sec)
 MySQL  localhost:3306 ssl  hospital  SQL > insert into direcciones_pacientes (paciente_id,direccion_id) values (22,23);
Query OK, 1 row affected (0.0010 sec)
 MySQL  localhost:3306 ssl  hospital  SQL > insert into direcciones_pacientes (paciente_id,direccion_id) values (23,24);
Query OK, 1 row affected (0.0011 sec)
 MySQL  localhost:3306 ssl  hospital  SQL > insert into direcciones_pacientes (paciente_id,direccion_id) values (24,25);
Query OK, 1 row affected (0.0010 sec)
 MySQL  localhost:3306 ssl  hospital  SQL > insert into direcciones_pacientes (paciente_id,direccion_id) values (25,26);
Query OK, 1 row affected (0.0009 sec)
 MySQL  localhost:3306 ssl  hospital  SQL > insert into direcciones_pacientes (paciente_id,direccion_id) values (26,27);
Query OK, 1 row affected (0.0011 sec)
 MySQL  localhost:3306 ssl  hospital  SQL > insert into direcciones_pacientes (paciente_id,direccion_id) values (27,28);
Query OK, 1 row affected (0.0010 sec)
 MySQL  localhost:3306 ssl  hospital  SQL > insert into direcciones_pacientes (paciente_id,direccion_id) values (28,29);
Query OK, 1 row affected (0.0009 sec)
 MySQL  localhost:3306 ssl  hospital  SQL > insert into direcciones_pacientes (paciente_id,direccion_id) values (29,30);
Query OK, 1 row affected (0.0010 sec)
 MySQL  localhost:3306 ssl  hospital  SQL > insert into direcciones_pacientes (paciente_id,direccion_id) values (30,31);
Query OK, 1 row affected (0.0010 sec)
 MySQL  localhost:3306 ssl  hospital  SQL > insert into direcciones_pacientes (paciente_id,direccion_id) values (31,32);
Query OK, 1 row affected (0.0009 sec)
 MySQL  localhost:3306 ssl  hospital  SQL > insert into direcciones_pacientes (paciente_id,direccion_id) values (32,33);
Query OK, 1 row affected (0.0009 sec)
 MySQL  localhost:3306 ssl  hospital  SQL > insert into direcciones_pacientes (paciente_id,direccion_id) values (33,34);
Query OK, 1 row affected (0.0011 sec)
 MySQL  localhost:3306 ssl  hospital  SQL > insert into direcciones_pacientes (paciente_id,direccion_id) values (34,35);
Query OK, 1 row affected (0.0011 sec)
 MySQL  localhost:3306 ssl  hospital  SQL > insert into direcciones_pacientes (paciente_id,direccion_id) values (35,36);
Query OK, 1 row affected (0.0015 sec)
 MySQL  localhost:3306 ssl  hospital  SQL > insert into direcciones_pacientes (paciente_id,direccion_id) values (36,37);
Query OK, 1 row affected (0.0010 sec)
 MySQL  localhost:3306 ssl  hospital  SQL > insert into direcciones_pacientes (paciente_id,direccion_id) values (37,38);
Query OK, 1 row affected (0.0009 sec)
 MySQL  localhost:3306 ssl  hospital  SQL > insert into direcciones_pacientes (paciente_id,direccion_id) values (38,39);
Query OK, 1 row affected (0.0010 sec)
 MySQL  localhost:3306 ssl  hospital  SQL > insert into direcciones_pacientes (paciente_id,direccion_id) values (39,40);
Query OK, 1 row affected (0.0010 sec)
 MySQL  localhost:3306 ssl  hospital  SQL > insert into direcciones_pacientes (paciente_id,direccion_id) values (40,41);
Query OK, 1 row affected (0.0011 sec)
 MySQL  localhost:3306 ssl  hospital  SQL > insert into direcciones_pacientes (paciente_id,direccion_id) values (41,42);
ERROR: 1452 (23000): Cannot add or update a child row: a foreign key constraint fails (`hospital`.`direcciones_pacientes`, CONSTRAINT `direcciones_pacientes_ibfk_2` FOREIGN KEY (`direccion_id`) REFERENCES `direcciones` (`direccion_id`) ON DELETE CASCADE ON UPDATE CASCADE)
 MySQL  localhost:3306 ssl  hospital  SQL > insert into direcciones_pacientes (paciente_id,direccion_id) values (42,43);
ERROR: 1452 (23000): Cannot add or update a child row: a foreign key constraint fails (`hospital`.`direcciones_pacientes`, CONSTRAINT `direcciones_pacientes_ibfk_2` FOREIGN KEY (`direccion_id`) REFERENCES `direcciones` (`direccion_id`) ON DELETE CASCADE ON UPDATE CASCADE)
 MySQL  localhost:3306 ssl  hospital  SQL > insert into direcciones_pacientes (paciente_id,direccion_id) values (43,44);
ERROR: 1452 (23000): Cannot add or update a child row: a foreign key constraint fails (`hospital`.`direcciones_pacientes`, CONSTRAINT `direcciones_pacientes_ibfk_2` FOREIGN KEY (`direccion_id`) REFERENCES `direcciones` (`direccion_id`) ON DELETE CASCADE ON UPDATE CASCADE)
 MySQL  localhost:3306 ssl  hospital  SQL > insert into direcciones_pacientes (paciente_id,direccion_id) values (44,45);
ERROR: 1452 (23000): Cannot add or update a child row: a foreign key constraint fails (`hospital`.`direcciones_pacientes`, CONSTRAINT `direcciones_pacientes_ibfk_2` FOREIGN KEY (`direccion_id`) REFERENCES `direcciones` (`direccion_id`) ON DELETE CASCADE ON UPDATE CASCADE)
 MySQL  localhost:3306 ssl  hospital  SQL > insert into direcciones_pacientes (paciente_id,direccion_id) values (45,46);
ERROR: 1452 (23000): Cannot add or update a child row: a foreign key constraint fails (`hospital`.`direcciones_pacientes`, CONSTRAINT `direcciones_pacientes_ibfk_2` FOREIGN KEY (`direccion_id`) REFERENCES `direcciones` (`direccion_id`) ON DELETE CASCADE ON UPDATE CASCADE)
 MySQL  localhost:3306 ssl  hospital  SQL > insert into direcciones_pacientes (paciente_id,direccion_id) values (46,47);
ERROR: 1452 (23000): Cannot add or update a child row: a foreign key constraint fails (`hospital`.`direcciones_pacientes`, CONSTRAINT `direcciones_pacientes_ibfk_2` FOREIGN KEY (`direccion_id`) REFERENCES `direcciones` (`direccion_id`) ON DELETE CASCADE ON UPDATE CASCADE)
 MySQL  localhost:3306 ssl  hospital  SQL > insert into direcciones_pacientes (paciente_id,direccion_id) values (47,48);
ERROR: 1452 (23000): Cannot add or update a child row: a foreign key constraint fails (`hospital`.`direcciones_pacientes`, CONSTRAINT `direcciones_pacientes_ibfk_2` FOREIGN KEY (`direccion_id`) REFERENCES `direcciones` (`direccion_id`) ON DELETE CASCADE ON UPDATE CASCADE)
 MySQL  localhost:3306 ssl  hospital  SQL > insert into direcciones_pacientes (paciente_id,direccion_id) values (48,49);
ERROR: 1452 (23000): Cannot add or update a child row: a foreign key constraint fails (`hospital`.`direcciones_pacientes`, CONSTRAINT `direcciones_pacientes_ibfk_2` FOREIGN KEY (`direccion_id`) REFERENCES `direcciones` (`direccion_id`) ON DELETE CASCADE ON UPDATE CASCADE)
 MySQL  localhost:3306 ssl  hospital  SQL > insert into direcciones_pacientes (paciente_id,direccion_id) values (49,50);
ERROR: 1452 (23000): Cannot add or update a child row: a foreign key constraint fails (`hospital`.`direcciones_pacientes`, CONSTRAINT `direcciones_pacientes_ibfk_2` FOREIGN KEY (`direccion_id`) REFERENCES `direcciones` (`direccion_id`) ON DELETE CASCADE ON UPDATE CASCADE)
 MySQL  localhost:3306 ssl  hospital  SQL > insert into direcciones_pacientes (paciente_id,direccion_id) values (50,51);
ERROR: 1452 (23000): Cannot add or update a child row: a foreign key constraint fails (`hospital`.`direcciones_pacientes`, CONSTRAINT `direcciones_pacientes_ibfk_2` FOREIGN KEY (`direccion_id`) REFERENCES `direcciones` (`direccion_id`) ON DELETE CASCADE ON UPDATE CASCADE)
 MySQL  localhost:3306 ssl  hospital  SQL > insert into direcciones_pacientes (paciente_id,direccion_id) values (51,52);
ERROR: 1452 (23000): Cannot add or update a child row: a foreign key constraint fails (`hospital`.`direcciones_pacientes`, CONSTRAINT `direcciones_pacientes_ibfk_2` FOREIGN KEY (`direccion_id`) REFERENCES `direcciones` (`direccion_id`) ON DELETE CASCADE ON UPDATE CASCADE)
 MySQL  localhost:3306 ssl  hospital  SQL > insert into direcciones_pacientes (paciente_id,direccion_id) values (52,53);
ERROR: 1452 (23000): Cannot add or update a child row: a foreign key constraint fails (`hospital`.`direcciones_pacientes`, CONSTRAINT `direcciones_pacientes_ibfk_2` FOREIGN KEY (`direccion_id`) REFERENCES `direcciones` (`direccion_id`) ON DELETE CASCADE ON UPDATE CASCADE)
 MySQL  localhost:3306 ssl  hospital  SQL > insert into direcciones_pacientes (paciente_id,direccion_id) values (53,54);
ERROR: 1452 (23000): Cannot add or update a child row: a foreign key constraint fails (`hospital`.`direcciones_pacientes`, CONSTRAINT `direcciones_pacientes_ibfk_2` FOREIGN KEY (`direccion_id`) REFERENCES `direcciones` (`direccion_id`) ON DELETE CASCADE ON UPDATE CASCADE)
 MySQL  localhost:3306 ssl  hospital  SQL > insert into direcciones_pacientes (paciente_id,direccion_id) values (54,55);
ERROR: 1452 (23000): Cannot add or update a child row: a foreign key constraint fails (`hospital`.`direcciones_pacientes`, CONSTRAINT `direcciones_pacientes_ibfk_2` FOREIGN KEY (`direccion_id`) REFERENCES `direcciones` (`direccion_id`) ON DELETE CASCADE ON UPDATE CASCADE)
 MySQL  localhost:3306 ssl  hospital  SQL > insert into direcciones_pacientes (paciente_id,direccion_id) values (55,56);
ERROR: 1452 (23000): Cannot add or update a child row: a foreign key constraint fails (`hospital`.`direcciones_pacientes`, CONSTRAINT `direcciones_pacientes_ibfk_2` FOREIGN KEY (`direccion_id`) REFERENCES `direcciones` (`direccion_id`) ON DELETE CASCADE ON UPDATE CASCADE)
 MySQL  localhost:3306 ssl  hospital  SQL > insert into direcciones_pacientes (paciente_id,direccion_id) values (56,57);
ERROR: 1452 (23000): Cannot add or update a child row: a foreign key constraint fails (`hospital`.`direcciones_pacientes`, CONSTRAINT `direcciones_pacientes_ibfk_2` FOREIGN KEY (`direccion_id`) REFERENCES `direcciones` (`direccion_id`) ON DELETE CASCADE ON UPDATE CASCADE)
 MySQL  localhost:3306 ssl  hospital  SQL > insert into direcciones_pacientes (paciente_id,direccion_id) values (57,58);
ERROR: 1452 (23000): Cannot add or update a child row: a foreign key constraint fails (`hospital`.`direcciones_pacientes`, CONSTRAINT `direcciones_pacientes_ibfk_2` FOREIGN KEY (`direccion_id`) REFERENCES `direcciones` (`direccion_id`) ON DELETE CASCADE ON UPDATE CASCADE)
 MySQL  localhost:3306 ssl  hospital  SQL > insert into direcciones_pacientes (paciente_id,direccion_id) values (58,59);
ERROR: 1452 (23000): Cannot add or update a child row: a foreign key constraint fails (`hospital`.`direcciones_pacientes`, CONSTRAINT `direcciones_pacientes_ibfk_2` FOREIGN KEY (`direccion_id`) REFERENCES `direcciones` (`direccion_id`) ON DELETE CASCADE ON UPDATE CASCADE)
 MySQL  localhost:3306 ssl  hospital  SQL > insert into forma de pago(forma_pago) values ('EFECTIVO')
                                         -> insert into forma de pago(forma_pago) values ('TARJETA CRÉDITO')
                                         -> insert into forma de pago(forma_pago) values ('TARJETA DEBITO')
                                         -> insert into forma de pago(forma_pago) values ('SEGURO')
                                         -> insert into forma de pago(forma_pago) values ('CHEQUE')
                                         -> ^C
 MySQL  localhost:3306 ssl  hospital  SQL > insert into forma de pago(forma_pago) values ('EFECTIVO');
ERROR: 1064 (42000): You have an error in your SQL syntax; check the manual that corresponds to your MySQL server version for the right syntax to use near 'de pago(forma_pago) values ('EFECTIVO')' at line 1
 MySQL  localhost:3306 ssl  hospital  SQL > insert into forma de pago(forma_pago) values ('TARJETA CRÉDITO');
ERROR: 1064 (42000): You have an error in your SQL syntax; check the manual that corresponds to your MySQL server version for the right syntax to use near 'de pago(forma_pago) values ('TARJETA CRÉDITO')' at line 1
 MySQL  localhost:3306 ssl  hospital  SQL > insert into forma de pago(forma_pago) values ('TARJETA DEBITO');
ERROR: 1064 (42000): You have an error in your SQL syntax; check the manual that corresponds to your MySQL server version for the right syntax to use near 'de pago(forma_pago) values ('TARJETA DEBITO')' at line 1
 MySQL  localhost:3306 ssl  hospital  SQL > insert into forma de pago(forma_pago) values ('SEGURO');
ERROR: 1064 (42000): You have an error in your SQL syntax; check the manual that corresponds to your MySQL server version for the right syntax to use near 'de pago(forma_pago) values ('SEGURO')' at line 1
 MySQL  localhost:3306 ssl  hospital  SQL > insert into forma de pago(forma_pago) values ('CHEQUE');
ERROR: 1064 (42000): You have an error in your SQL syntax; check the manual that corresponds to your MySQL server version for the right syntax to use near 'de pago(forma_pago) values ('CHEQUE')' at line 1
 MySQL  localhost:3306 ssl  hospital  SQL > insert into forma_pago(forma_pago) values ('EFECTIVO');
ERROR: 1146 (42S02): Table 'hospital.forma_pago' doesn't exist
 MySQL  localhost:3306 ssl  hospital  SQL > insert into forma_pago(forma_pago) values ('TARJETA CRÉDITO');
ERROR: 1146 (42S02): Table 'hospital.forma_pago' doesn't exist
 MySQL  localhost:3306 ssl  hospital  SQL > insert into forma_pago(forma_pago) values ('TARJETA DEBITO');
ERROR: 1146 (42S02): Table 'hospital.forma_pago' doesn't exist
 MySQL  localhost:3306 ssl  hospital  SQL > insert into forma_pago(forma_pago) values ('SEGURO');
ERROR: 1146 (42S02): Table 'hospital.forma_pago' doesn't exist
 MySQL  localhost:3306 ssl  hospital  SQL > insert into forma_pago(forma_pago) values ('CHEQUE');
ERROR: 1146 (42S02): Table 'hospital.forma_pago' doesn't exist
 MySQL  localhost:3306 ssl  hospital  SQL > show tables;
+----------------------------+
| Tables_in_hospital         |
+----------------------------+
| cuartos                    |
| cuentas_pacientes          |
| cuentas_pacientes_detalles |
| direcciones                |
| direcciones_empleados      |
| direcciones_pacientes      |
| empleados                  |
| formas_pago                |
| formas_pago_pacientes      |
| pacientes                  |
| registro_pacientes         |
+----------------------------+
11 rows in set (0.0013 sec)
 MySQL  localhost:3306 ssl  hospital  SQL > insert into formas_pago(forma_pago) values ('EFECTIVO');
Query OK, 1 row affected (0.0012 sec)
 MySQL  localhost:3306 ssl  hospital  SQL > insert into formas_pago(forma_pago) values ('TARJETA CRÉDITO');
Query OK, 1 row affected (0.0009 sec)
 MySQL  localhost:3306 ssl  hospital  SQL > insert into formas_pago(forma_pago) values ('TARJETA DEBITO');
Query OK, 1 row affected (0.0008 sec)
 MySQL  localhost:3306 ssl  hospital  SQL > insert into formas_pago(forma_pago) values ('SEGURO');
Query OK, 1 row affected (0.0013 sec)
 MySQL  localhost:3306 ssl  hospital  SQL > insert into formas_pago(forma_pago) values ('CHEQUE');
Query OK, 1 row affected (0.0011 sec)
 MySQL  localhost:3306 ssl  hospital  SQL > insert into formas_pago_paciente(paciente_id) values (1);
ERROR: 1146 (42S02): Table 'hospital.formas_pago_paciente' doesn't exist
 MySQL  localhost:3306 ssl  hospital  SQL > insert into formas_pago_paciente(paciente_id) values (2);
ERROR: 1146 (42S02): Table 'hospital.formas_pago_paciente' doesn't exist
 MySQL  localhost:3306 ssl  hospital  SQL > insert into formas_pago_paciente(paciente_id) values (3);
ERROR: 1146 (42S02): Table 'hospital.formas_pago_paciente' doesn't exist
 MySQL  localhost:3306 ssl  hospital  SQL > insert into formas_pago_paciente(paciente_id) values (4);
ERROR: 1146 (42S02): Table 'hospital.formas_pago_paciente' doesn't exist
 MySQL  localhost:3306 ssl  hospital  SQL > insert into formas_pago_paciente(paciente_id) values (5);
ERROR: 1146 (42S02): Table 'hospital.formas_pago_paciente' doesn't exist
 MySQL  localhost:3306 ssl  hospital  SQL > insert into formas_pago_paciente(paciente_id) values (6);
ERROR: 1146 (42S02): Table 'hospital.formas_pago_paciente' doesn't exist
 MySQL  localhost:3306 ssl  hospital  SQL > insert into formas_pago_paciente(paciente_id) values (7);
ERROR: 1146 (42S02): Table 'hospital.formas_pago_paciente' doesn't exist
 MySQL  localhost:3306 ssl  hospital  SQL > insert into formas_pago_paciente(paciente_id) values (8);
ERROR: 1146 (42S02): Table 'hospital.formas_pago_paciente' doesn't exist
 MySQL  localhost:3306 ssl  hospital  SQL > insert into formas_pago_paciente(paciente_id) values (9);
ERROR: 1146 (42S02): Table 'hospital.formas_pago_paciente' doesn't exist
 MySQL  localhost:3306 ssl  hospital  SQL > insert into formas_pago_paciente(paciente_id) values (10);
ERROR: 1146 (42S02): Table 'hospital.formas_pago_paciente' doesn't exist
 MySQL  localhost:3306 ssl  hospital  SQL > insert into formas_pago_paciente(paciente_id) values (11);
ERROR: 1146 (42S02): Table 'hospital.formas_pago_paciente' doesn't exist
 MySQL  localhost:3306 ssl  hospital  SQL > insert into formas_pago_paciente(paciente_id) values (12);
ERROR: 1146 (42S02): Table 'hospital.formas_pago_paciente' doesn't exist
 MySQL  localhost:3306 ssl  hospital  SQL > insert into formas_pago_paciente(paciente_id) values (13);
ERROR: 1146 (42S02): Table 'hospital.formas_pago_paciente' doesn't exist
 MySQL  localhost:3306 ssl  hospital  SQL > insert into formas_pago_paciente(paciente_id) values (14);
ERROR: 1146 (42S02): Table 'hospital.formas_pago_paciente' doesn't exist
 MySQL  localhost:3306 ssl  hospital  SQL > insert into formas_pago_paciente(paciente_id) values (15);
ERROR: 1146 (42S02): Table 'hospital.formas_pago_paciente' doesn't exist
 MySQL  localhost:3306 ssl  hospital  SQL > insert into formas_pago_paciente(paciente_id) values (16);
ERROR: 1146 (42S02): Table 'hospital.formas_pago_paciente' doesn't exist
 MySQL  localhost:3306 ssl  hospital  SQL > insert into formas_pago_paciente(paciente_id) values (17);
ERROR: 1146 (42S02): Table 'hospital.formas_pago_paciente' doesn't exist
 MySQL  localhost:3306 ssl  hospital  SQL > insert into formas_pago_paciente(paciente_id) values (18);
ERROR: 1146 (42S02): Table 'hospital.formas_pago_paciente' doesn't exist
 MySQL  localhost:3306 ssl  hospital  SQL > insert into formas_pago_paciente(paciente_id) values (19);
ERROR: 1146 (42S02): Table 'hospital.formas_pago_paciente' doesn't exist
 MySQL  localhost:3306 ssl  hospital  SQL > insert into formas_pago_paciente(paciente_id) values (20);
ERROR: 1146 (42S02): Table 'hospital.formas_pago_paciente' doesn't exist
 MySQL  localhost:3306 ssl  hospital  SQL > insert into formas_pago_paciente(paciente_id) values (21);
ERROR: 1146 (42S02): Table 'hospital.formas_pago_paciente' doesn't exist
 MySQL  localhost:3306 ssl  hospital  SQL > insert into formas_pago_paciente(paciente_id) values (22);
ERROR: 1146 (42S02): Table 'hospital.formas_pago_paciente' doesn't exist
 MySQL  localhost:3306 ssl  hospital  SQL > insert into formas_pago_paciente(paciente_id) values (23);
ERROR: 1146 (42S02): Table 'hospital.formas_pago_paciente' doesn't exist
 MySQL  localhost:3306 ssl  hospital  SQL > insert into formas_pago_paciente(paciente_id) values (24);
ERROR: 1146 (42S02): Table 'hospital.formas_pago_paciente' doesn't exist
 MySQL  localhost:3306 ssl  hospital  SQL > insert into formas_pago_paciente(paciente_id) values (25);
ERROR: 1146 (42S02): Table 'hospital.formas_pago_paciente' doesn't exist
 MySQL  localhost:3306 ssl  hospital  SQL > insert into formas_pago_paciente(paciente_id) values (26);
ERROR: 1146 (42S02): Table 'hospital.formas_pago_paciente' doesn't exist
 MySQL  localhost:3306 ssl  hospital  SQL > insert into formas_pago_paciente(paciente_id) values (27);
ERROR: 1146 (42S02): Table 'hospital.formas_pago_paciente' doesn't exist
 MySQL  localhost:3306 ssl  hospital  SQL > insert into formas_pago_paciente(paciente_id) values (28);
ERROR: 1146 (42S02): Table 'hospital.formas_pago_paciente' doesn't exist
 MySQL  localhost:3306 ssl  hospital  SQL > insert into formas_pago_paciente(paciente_id) values (29);
ERROR: 1146 (42S02): Table 'hospital.formas_pago_paciente' doesn't exist
 MySQL  localhost:3306 ssl  hospital  SQL > insert into formas_pago_paciente(paciente_id) values (30);
ERROR: 1146 (42S02): Table 'hospital.formas_pago_paciente' doesn't exist
 MySQL  localhost:3306 ssl  hospital  SQL > insert into formas_pago_paciente(paciente_id) values (31);
ERROR: 1146 (42S02): Table 'hospital.formas_pago_paciente' doesn't exist
 MySQL  localhost:3306 ssl  hospital  SQL > insert into formas_pago_paciente(paciente_id) values (32);
ERROR: 1146 (42S02): Table 'hospital.formas_pago_paciente' doesn't exist
 MySQL  localhost:3306 ssl  hospital  SQL > insert into formas_pago_paciente(paciente_id) values (33);
ERROR: 1146 (42S02): Table 'hospital.formas_pago_paciente' doesn't exist
 MySQL  localhost:3306 ssl  hospital  SQL > insert into formas_pago_paciente(paciente_id) values (34);
ERROR: 1146 (42S02): Table 'hospital.formas_pago_paciente' doesn't exist
 MySQL  localhost:3306 ssl  hospital  SQL > insert into formas_pago_paciente(paciente_id) values (35);
ERROR: 1146 (42S02): Table 'hospital.formas_pago_paciente' doesn't exist
 MySQL  localhost:3306 ssl  hospital  SQL > insert into formas_pago_paciente(paciente_id) values (36);
ERROR: 1146 (42S02): Table 'hospital.formas_pago_paciente' doesn't exist
 MySQL  localhost:3306 ssl  hospital  SQL > insert into formas_pago_paciente(paciente_id) values (37);
ERROR: 1146 (42S02): Table 'hospital.formas_pago_paciente' doesn't exist
 MySQL  localhost:3306 ssl  hospital  SQL > insert into formas_pago_paciente(paciente_id) values (38);
ERROR: 1146 (42S02): Table 'hospital.formas_pago_paciente' doesn't exist
 MySQL  localhost:3306 ssl  hospital  SQL > insert into formas_pago_paciente(paciente_id) values (39);
ERROR: 1146 (42S02): Table 'hospital.formas_pago_paciente' doesn't exist
 MySQL  localhost:3306 ssl  hospital  SQL > insert into formas_pago_paciente(paciente_id) values (40);
ERROR: 1146 (42S02): Table 'hospital.formas_pago_paciente' doesn't exist
 MySQL  localhost:3306 ssl  hospital  SQL > insert into formas_pago_paciente(paciente_id) values (41);
ERROR: 1146 (42S02): Table 'hospital.formas_pago_paciente' doesn't exist
 MySQL  localhost:3306 ssl  hospital  SQL > insert into formas_pago_paciente(paciente_id) values (42);
ERROR: 1146 (42S02): Table 'hospital.formas_pago_paciente' doesn't exist
 MySQL  localhost:3306 ssl  hospital  SQL > insert into formas_pago_paciente(paciente_id) values (43);
ERROR: 1146 (42S02): Table 'hospital.formas_pago_paciente' doesn't exist
 MySQL  localhost:3306 ssl  hospital  SQL > insert into formas_pago_paciente(paciente_id) values (44);
ERROR: 1146 (42S02): Table 'hospital.formas_pago_paciente' doesn't exist
 MySQL  localhost:3306 ssl  hospital  SQL > insert into formas_pago_paciente(paciente_id) values (45);
ERROR: 1146 (42S02): Table 'hospital.formas_pago_paciente' doesn't exist
 MySQL  localhost:3306 ssl  hospital  SQL > insert into formas_pago_paciente(paciente_id) values (46);
ERROR: 1146 (42S02): Table 'hospital.formas_pago_paciente' doesn't exist
 MySQL  localhost:3306 ssl  hospital  SQL > insert into formas_pago_paciente(paciente_id) values (47);
ERROR: 1146 (42S02): Table 'hospital.formas_pago_paciente' doesn't exist
 MySQL  localhost:3306 ssl  hospital  SQL > insert into formas_pago_paciente(paciente_id) values (48);
ERROR: 1146 (42S02): Table 'hospital.formas_pago_paciente' doesn't exist
 MySQL  localhost:3306 ssl  hospital  SQL > insert into formas_pago_paciente(paciente_id) values (49);
ERROR: 1146 (42S02): Table 'hospital.formas_pago_paciente' doesn't exist
 MySQL  localhost:3306 ssl  hospital  SQL > insert into formas_pago_paciente(paciente_id) values (50);
ERROR: 1146 (42S02): Table 'hospital.formas_pago_paciente' doesn't exist
 MySQL  localhost:3306 ssl  hospital  SQL > insert into formas_pago_paciente(paciente_id) values (51);
ERROR: 1146 (42S02): Table 'hospital.formas_pago_paciente' doesn't exist
 MySQL  localhost:3306 ssl  hospital  SQL > insert into formas_pago_paciente(paciente_id) values (52);
ERROR: 1146 (42S02): Table 'hospital.formas_pago_paciente' doesn't exist
 MySQL  localhost:3306 ssl  hospital  SQL > insert into formas_pago_paciente(paciente_id) values (53);
ERROR: 1146 (42S02): Table 'hospital.formas_pago_paciente' doesn't exist
 MySQL  localhost:3306 ssl  hospital  SQL > insert into formas_pago_paciente(paciente_id) values (54);
ERROR: 1146 (42S02): Table 'hospital.formas_pago_paciente' doesn't exist
 MySQL  localhost:3306 ssl  hospital  SQL > insert into formas_pago_paciente(paciente_id) values (55);
ERROR: 1146 (42S02): Table 'hospital.formas_pago_paciente' doesn't exist
 MySQL  localhost:3306 ssl  hospital  SQL > insert into formas_pago_paciente(paciente_id) values (56);
ERROR: 1146 (42S02): Table 'hospital.formas_pago_paciente' doesn't exist
 MySQL  localhost:3306 ssl  hospital  SQL > insert into formas_pago_paciente(paciente_id) values (57);
ERROR: 1146 (42S02): Table 'hospital.formas_pago_paciente' doesn't exist
 MySQL  localhost:3306 ssl  hospital  SQL > insert into formas_pago_paciente(paciente_id) values (58);
ERROR: 1146 (42S02): Table 'hospital.formas_pago_paciente' doesn't exist
 MySQL  localhost:3306 ssl  hospital  SQL > show tables;
+----------------------------+
| Tables_in_hospital         |
+----------------------------+
| cuartos                    |
| cuentas_pacientes          |
| cuentas_pacientes_detalles |
| direcciones                |
| direcciones_empleados      |
| direcciones_pacientes      |
| empleados                  |
| formas_pago                |
| formas_pago_pacientes      |
| pacientes                  |
| registro_pacientes         |
+----------------------------+
11 rows in set (0.0048 sec)
 MySQL  localhost:3306 ssl  hospital  SQL > insert into formas_pago_pacientes(paciente_id) values (1);
Query OK, 1 row affected (0.0012 sec)
 MySQL  localhost:3306 ssl  hospital  SQL > insert into formas_pago_pacientes(paciente_id) values (2);
Query OK, 1 row affected (0.0011 sec)
 MySQL  localhost:3306 ssl  hospital  SQL > insert into formas_pago_pacientes(paciente_id) values (3);
Query OK, 1 row affected (0.0009 sec)
 MySQL  localhost:3306 ssl  hospital  SQL > insert into formas_pago_pacientes(paciente_id) values (4);
Query OK, 1 row affected (0.0009 sec)
 MySQL  localhost:3306 ssl  hospital  SQL > insert into formas_pago_pacientes(paciente_id) values (5);
Query OK, 1 row affected (0.0009 sec)
 MySQL  localhost:3306 ssl  hospital  SQL > insert into formas_pago_pacientes(paciente_id) values (6);
Query OK, 1 row affected (0.0009 sec)
 MySQL  localhost:3306 ssl  hospital  SQL > insert into formas_pago_pacientes(paciente_id) values (7);
Query OK, 1 row affected (0.0010 sec)
 MySQL  localhost:3306 ssl  hospital  SQL > insert into formas_pago_pacientes(paciente_id) values (8);
Query OK, 1 row affected (0.0009 sec)
 MySQL  localhost:3306 ssl  hospital  SQL > insert into formas_pago_pacientes(paciente_id) values (9);
Query OK, 1 row affected (0.0009 sec)
 MySQL  localhost:3306 ssl  hospital  SQL > insert into formas_pago_pacientes(paciente_id) values (10);
Query OK, 1 row affected (0.0010 sec)
 MySQL  localhost:3306 ssl  hospital  SQL > insert into formas_pago_pacientes(paciente_id) values (11);
Query OK, 1 row affected (0.0010 sec)
 MySQL  localhost:3306 ssl  hospital  SQL > insert into formas_pago_pacientes(paciente_id) values (12);
Query OK, 1 row affected (0.0010 sec)
 MySQL  localhost:3306 ssl  hospital  SQL > insert into formas_pago_pacientes(paciente_id) values (13);
Query OK, 1 row affected (0.0010 sec)
 MySQL  localhost:3306 ssl  hospital  SQL > insert into formas_pago_pacientes(paciente_id) values (14);
Query OK, 1 row affected (0.0010 sec)
 MySQL  localhost:3306 ssl  hospital  SQL > insert into formas_pago_pacientes(paciente_id) values (15);
Query OK, 1 row affected (0.0009 sec)
 MySQL  localhost:3306 ssl  hospital  SQL > insert into formas_pago_pacientes(paciente_id) values (16);
Query OK, 1 row affected (0.0012 sec)
 MySQL  localhost:3306 ssl  hospital  SQL > insert into formas_pago_pacientes(paciente_id) values (17);
Query OK, 1 row affected (0.0010 sec)
 MySQL  localhost:3306 ssl  hospital  SQL > insert into formas_pago_pacientes(paciente_id) values (18);
Query OK, 1 row affected (0.0012 sec)
 MySQL  localhost:3306 ssl  hospital  SQL > insert into formas_pago_pacientes(paciente_id) values (19);
Query OK, 1 row affected (0.0009 sec)
 MySQL  localhost:3306 ssl  hospital  SQL > insert into formas_pago_pacientes(paciente_id) values (20);
Query OK, 1 row affected (0.0010 sec)
 MySQL  localhost:3306 ssl  hospital  SQL > insert into formas_pago_pacientes(paciente_id) values (21);
Query OK, 1 row affected (0.0009 sec)
 MySQL  localhost:3306 ssl  hospital  SQL > insert into formas_pago_pacientes(paciente_id) values (22);
Query OK, 1 row affected (0.0009 sec)
 MySQL  localhost:3306 ssl  hospital  SQL > insert into formas_pago_pacientes(paciente_id) values (23);
Query OK, 1 row affected (0.0009 sec)
 MySQL  localhost:3306 ssl  hospital  SQL > insert into formas_pago_pacientes(paciente_id) values (24);
Query OK, 1 row affected (0.0009 sec)
 MySQL  localhost:3306 ssl  hospital  SQL > insert into formas_pago_pacientes(paciente_id) values (25);
Query OK, 1 row affected (0.0010 sec)
 MySQL  localhost:3306 ssl  hospital  SQL > insert into formas_pago_pacientes(paciente_id) values (26);
Query OK, 1 row affected (0.0009 sec)
 MySQL  localhost:3306 ssl  hospital  SQL > insert into formas_pago_pacientes(paciente_id) values (27);
Query OK, 1 row affected (0.0010 sec)
 MySQL  localhost:3306 ssl  hospital  SQL > insert into formas_pago_pacientes(paciente_id) values (28);
Query OK, 1 row affected (0.0009 sec)
 MySQL  localhost:3306 ssl  hospital  SQL > insert into formas_pago_pacientes(paciente_id) values (29);
Query OK, 1 row affected (0.0008 sec)
 MySQL  localhost:3306 ssl  hospital  SQL > insert into formas_pago_pacientes(paciente_id) values (30);
Query OK, 1 row affected (0.0009 sec)
 MySQL  localhost:3306 ssl  hospital  SQL > insert into formas_pago_pacientes(paciente_id) values (31);
Query OK, 1 row affected (0.0009 sec)
 MySQL  localhost:3306 ssl  hospital  SQL > insert into formas_pago_pacientes(paciente_id) values (32);
Query OK, 1 row affected (0.0014 sec)
 MySQL  localhost:3306 ssl  hospital  SQL > insert into formas_pago_pacientes(paciente_id) values (33);
Query OK, 1 row affected (0.0010 sec)
 MySQL  localhost:3306 ssl  hospital  SQL > insert into formas_pago_pacientes(paciente_id) values (34);
Query OK, 1 row affected (0.0009 sec)
 MySQL  localhost:3306 ssl  hospital  SQL > insert into formas_pago_pacientes(paciente_id) values (35);
Query OK, 1 row affected (0.0014 sec)
 MySQL  localhost:3306 ssl  hospital  SQL > insert into formas_pago_pacientes(paciente_id) values (36);
Query OK, 1 row affected (0.0010 sec)
 MySQL  localhost:3306 ssl  hospital  SQL > insert into formas_pago_pacientes(paciente_id) values (37);
Query OK, 1 row affected (0.0011 sec)
 MySQL  localhost:3306 ssl  hospital  SQL > insert into formas_pago_pacientes(paciente_id) values (38);
Query OK, 1 row affected (0.0010 sec)
 MySQL  localhost:3306 ssl  hospital  SQL > insert into formas_pago_pacientes(paciente_id) values (39);
Query OK, 1 row affected (0.0011 sec)
 MySQL  localhost:3306 ssl  hospital  SQL > insert into formas_pago_pacientes(paciente_id) values (40);
Query OK, 1 row affected (0.0012 sec)
 MySQL  localhost:3306 ssl  hospital  SQL > insert into formas_pago_pacientes(paciente_id) values (41);
Query OK, 1 row affected (0.0009 sec)
 MySQL  localhost:3306 ssl  hospital  SQL > insert into formas_pago_pacientes(paciente_id) values (42);
Query OK, 1 row affected (0.0009 sec)
 MySQL  localhost:3306 ssl  hospital  SQL > insert into formas_pago_pacientes(paciente_id) values (43);
Query OK, 1 row affected (0.0009 sec)
 MySQL  localhost:3306 ssl  hospital  SQL > insert into formas_pago_pacientes(paciente_id) values (44);
Query OK, 1 row affected (0.0009 sec)
 MySQL  localhost:3306 ssl  hospital  SQL > insert into formas_pago_pacientes(paciente_id) values (45);
Query OK, 1 row affected (0.0009 sec)
 MySQL  localhost:3306 ssl  hospital  SQL > insert into formas_pago_pacientes(paciente_id) values (46);
Query OK, 1 row affected (0.0009 sec)
 MySQL  localhost:3306 ssl  hospital  SQL > insert into formas_pago_pacientes(paciente_id) values (47);
Query OK, 1 row affected (0.0010 sec)
 MySQL  localhost:3306 ssl  hospital  SQL > insert into formas_pago_pacientes(paciente_id) values (48);
Query OK, 1 row affected (0.0010 sec)
 MySQL  localhost:3306 ssl  hospital  SQL > insert into formas_pago_pacientes(paciente_id) values (49);
Query OK, 1 row affected (0.0010 sec)
 MySQL  localhost:3306 ssl  hospital  SQL > insert into formas_pago_pacientes(paciente_id) values (50);
Query OK, 1 row affected (0.0010 sec)
 MySQL  localhost:3306 ssl  hospital  SQL > insert into formas_pago_pacientes(paciente_id) values (51);
Query OK, 1 row affected (0.0009 sec)
 MySQL  localhost:3306 ssl  hospital  SQL > insert into formas_pago_pacientes(paciente_id) values (52);
Query OK, 1 row affected (0.0009 sec)
 MySQL  localhost:3306 ssl  hospital  SQL > insert into formas_pago_pacientes(paciente_id) values (53);
Query OK, 1 row affected (0.0009 sec)
 MySQL  localhost:3306 ssl  hospital  SQL > insert into formas_pago_pacientes(paciente_id) values (54);
Query OK, 1 row affected (0.0009 sec)
 MySQL  localhost:3306 ssl  hospital  SQL > insert into formas_pago_pacientes(paciente_id) values (55);
Query OK, 1 row affected (0.0011 sec)
 MySQL  localhost:3306 ssl  hospital  SQL > insert into formas_pago_pacientes(paciente_id) values (56);
Query OK, 1 row affected (0.0010 sec)
 MySQL  localhost:3306 ssl  hospital  SQL > insert into formas_pago_pacientes(paciente_id) values (57);
Query OK, 1 row affected (0.0010 sec)
 MySQL  localhost:3306 ssl  hospital  SQL > insert into formas_pago_pacientes(paciente_id) values (58);
Query OK, 1 row affected (0.0011 sec)
 MySQL  localhost:3306 ssl  hospital  SQL > insert into cuentas_pacientes(paciente_id, fecha_emision) values (1,'2017-04-20');
Query OK, 1 row affected (0.0400 sec)
 MySQL  localhost:3306 ssl  hospital  SQL > insert into cuentas_pacientes(paciente_id, fecha_emision) values (2,'2017-04-17');
Query OK, 1 row affected (0.0009 sec)
 MySQL  localhost:3306 ssl  hospital  SQL > insert into cuentas_pacientes(paciente_id, fecha_emision) values (3,'2017-04-20');
Query OK, 1 row affected (0.0009 sec)
 MySQL  localhost:3306 ssl  hospital  SQL > insert into cuentas_pacientes(paciente_id, fecha_emision) values (4,'2017-04-22');
Query OK, 1 row affected (0.0009 sec)
 MySQL  localhost:3306 ssl  hospital  SQL > insert into cuentas_pacientes(paciente_id, fecha_emision) values (5,'2017-04-21');
Query OK, 1 row affected (0.0009 sec)
 MySQL  localhost:3306 ssl  hospital  SQL > insert into cuentas_pacientes(paciente_id, fecha_emision) values (6,'2017-04-18');
Query OK, 1 row affected (0.0010 sec)
 MySQL  localhost:3306 ssl  hospital  SQL > insert into cuentas_pacientes(paciente_id, fecha_emision) values (7,'2017-04-24');
Query OK, 1 row affected (0.0012 sec)
 MySQL  localhost:3306 ssl  hospital  SQL > insert into cuentas_pacientes(paciente_id, fecha_emision) values (8,'2017-04-27');
Query OK, 1 row affected (0.0009 sec)
 MySQL  localhost:3306 ssl  hospital  SQL > insert into cuentas_pacientes(paciente_id, fecha_emision) values (9,'2017-04-28');
Query OK, 1 row affected (0.0009 sec)
 MySQL  localhost:3306 ssl  hospital  SQL > insert into cuentas_pacientes(paciente_id, fecha_emision) values (10,'2017-04-27');
Query OK, 1 row affected (0.0010 sec)
 MySQL  localhost:3306 ssl  hospital  SQL > insert into cuentas_pacientes(paciente_id, fecha_emision) values (11,'2017-04-28');
Query OK, 1 row affected (0.0009 sec)
 MySQL  localhost:3306 ssl  hospital  SQL > insert into cuentas_pacientes(paciente_id, fecha_emision) values (12,'2017-04-28');
Query OK, 1 row affected (0.0009 sec)
 MySQL  localhost:3306 ssl  hospital  SQL > insert into cuentas_pacientes(paciente_id, fecha_emision) values (13,'2017-04-29');
Query OK, 1 row affected (0.0010 sec)
 MySQL  localhost:3306 ssl  hospital  SQL > insert into cuentas_pacientes(paciente_id, fecha_emision) values (14,'2017-04-26');
Query OK, 1 row affected (0.0009 sec)
 MySQL  localhost:3306 ssl  hospital  SQL > insert into cuentas_pacientes(paciente_id, fecha_emision) values (15,'2017-05-05');
Query OK, 1 row affected (0.0009 sec)
 MySQL  localhost:3306 ssl  hospital  SQL > insert into cuentas_pacientes(paciente_id, fecha_emision) values (16,'2017-05-02');
Query OK, 1 row affected (0.0009 sec)
 MySQL  localhost:3306 ssl  hospital  SQL > insert into cuentas_pacientes(paciente_id, fecha_emision) values (17,'2017-05-01');
Query OK, 1 row affected (0.0009 sec)
 MySQL  localhost:3306 ssl  hospital  SQL > insert into cuentas_pacientes(paciente_id, fecha_emision) values (18,'2017-05-12');
Query OK, 1 row affected (0.0009 sec)
 MySQL  localhost:3306 ssl  hospital  SQL > insert into cuentas_pacientes(paciente_id, fecha_emision) values (19,'2017-05-03');
Query OK, 1 row affected (0.0009 sec)
 MySQL  localhost:3306 ssl  hospital  SQL > insert into cuentas_pacientes(paciente_id, fecha_emision) values (20,'2017-05-09');
Query OK, 1 row affected (0.0009 sec)
 MySQL  localhost:3306 ssl  hospital  SQL > insert into cuentas_pacientes(paciente_id, fecha_emision) values (21,'2017-05-08');
Query OK, 1 row affected (0.0010 sec)
 MySQL  localhost:3306 ssl  hospital  SQL > insert into cuentas_pacientes(paciente_id, fecha_emision) values (22,'2017-05-14');
Query OK, 1 row affected (0.0009 sec)
 MySQL  localhost:3306 ssl  hospital  SQL > insert into cuentas_pacientes(paciente_id, fecha_emision) values (23,'2017-05-12');
Query OK, 1 row affected (0.0010 sec)
 MySQL  localhost:3306 ssl  hospital  SQL > insert into cuentas_pacientes(paciente_id, fecha_emision) values (24,'2017-05-05');
Query OK, 1 row affected (0.0009 sec)
 MySQL  localhost:3306 ssl  hospital  SQL > insert into cuentas_pacientes(paciente_id, fecha_emision) values (25,'2017-05-19');
Query OK, 1 row affected (0.0010 sec)
 MySQL  localhost:3306 ssl  hospital  SQL > insert into cuentas_pacientes(paciente_id, fecha_emision) values (26,'2017-05-14');
Query OK, 1 row affected (0.0009 sec)
 MySQL  localhost:3306 ssl  hospital  SQL > insert into cuentas_pacientes(paciente_id, fecha_emision) values (27,'2017-05-12');
Query OK, 1 row affected (0.0009 sec)
 MySQL  localhost:3306 ssl  hospital  SQL > insert into cuentas_pacientes(paciente_id, fecha_emision) values (28,'2017-05-15');
Query OK, 1 row affected (0.0009 sec)
 MySQL  localhost:3306 ssl  hospital  SQL > insert into cuentas_pacientes(paciente_id, fecha_emision) values (29,'2017-05-13');
Query OK, 1 row affected (0.0009 sec)
 MySQL  localhost:3306 ssl  hospital  SQL > insert into cuentas_pacientes(paciente_id, fecha_emision) values (30,'2017-05-18');
Query OK, 1 row affected (0.0009 sec)
 MySQL  localhost:3306 ssl  hospital  SQL > insert into cuentas_pacientes(paciente_id, fecha_emision) values (31,'2017-05-20');
Query OK, 1 row affected (0.0009 sec)
 MySQL  localhost:3306 ssl  hospital  SQL > insert into cuentas_pacientes(paciente_id, fecha_emision) values (32,'2017-05-26');
Query OK, 1 row affected (0.0009 sec)
 MySQL  localhost:3306 ssl  hospital  SQL > insert into cuentas_pacientes(paciente_id, fecha_emision) values (33,'2017-05-22');
Query OK, 1 row affected (0.0009 sec)
 MySQL  localhost:3306 ssl  hospital  SQL > insert into cuentas_pacientes(paciente_id, fecha_emision) values (34,'2017-05-21');
Query OK, 1 row affected (0.0009 sec)
 MySQL  localhost:3306 ssl  hospital  SQL > insert into cuentas_pacientes(paciente_id, fecha_emision) values (35,'2017-05-16');
Query OK, 1 row affected (0.0009 sec)
 MySQL  localhost:3306 ssl  hospital  SQL > insert into cuentas_pacientes(paciente_id, fecha_emision) values (36,'2017-05-20');
Query OK, 1 row affected (0.0009 sec)
 MySQL  localhost:3306 ssl  hospital  SQL > insert into cuentas_pacientes(paciente_id, fecha_emision) values (37,'2017-05-27');
Query OK, 1 row affected (0.0009 sec)
 MySQL  localhost:3306 ssl  hospital  SQL > insert into cuentas_pacientes(paciente_id, fecha_emision) values (38,'2017-05-21');
Query OK, 1 row affected (0.0011 sec)
 MySQL  localhost:3306 ssl  hospital  SQL > insert into cuentas_pacientes(paciente_id, fecha_emision) values (39,'2017-05-26');
Query OK, 1 row affected (0.0009 sec)
 MySQL  localhost:3306 ssl  hospital  SQL > insert into cuentas_pacientes(paciente_id, fecha_emision) values (40,'2017-05-31');
Query OK, 1 row affected (0.0009 sec)
 MySQL  localhost:3306 ssl  hospital  SQL > insert into cuentas_pacientes(paciente_id, fecha_emision) values (41,'2017-05-31');
Query OK, 1 row affected (0.0010 sec)
 MySQL  localhost:3306 ssl  hospital  SQL > insert into cuentas_pacientes(paciente_id, fecha_emision) values (42,'2017-06-01');
Query OK, 1 row affected (0.0013 sec)
 MySQL  localhost:3306 ssl  hospital  SQL > insert into cuentas_pacientes(paciente_id, fecha_emision) values (43,'2017-05-27');
Query OK, 1 row affected (0.0009 sec)
 MySQL  localhost:3306 ssl  hospital  SQL > insert into cuentas_pacientes(paciente_id, fecha_emision) values (44,'2017-06-07');
Query OK, 1 row affected (0.0016 sec)
 MySQL  localhost:3306 ssl  hospital  SQL > insert into cuentas_pacientes(paciente_id, fecha_emision) values (45,'2017-06-04');
Query OK, 1 row affected (0.0009 sec)
 MySQL  localhost:3306 ssl  hospital  SQL > insert into cuentas_pacientes(paciente_id, fecha_emision) values (46,'2017-06-07');
Query OK, 1 row affected (0.0011 sec)
 MySQL  localhost:3306 ssl  hospital  SQL > insert into cuentas_pacientes(paciente_id, fecha_emision) values (47,'2017-05-31');
Query OK, 1 row affected (0.0009 sec)
 MySQL  localhost:3306 ssl  hospital  SQL > insert into cuentas_pacientes(paciente_id, fecha_emision) values (48,'2017-06-07');
Query OK, 1 row affected (0.0009 sec)
 MySQL  localhost:3306 ssl  hospital  SQL > insert into cuentas_pacientes(paciente_id, fecha_emision) values (49,'2017-05-31');
Query OK, 1 row affected (0.0009 sec)
 MySQL  localhost:3306 ssl  hospital  SQL > insert into cuentas_pacientes(paciente_id, fecha_emision) values (50,'2017-06-03');
Query OK, 1 row affected (0.0009 sec)
 MySQL  localhost:3306 ssl  hospital  SQL > insert into cuentas_pacientes(paciente_id, fecha_emision) values (51,'2017-06-03');
Query OK, 1 row affected (0.0009 sec)
 MySQL  localhost:3306 ssl  hospital  SQL > insert into cuentas_pacientes(paciente_id, fecha_emision) values (52,'2017-06-10');
Query OK, 1 row affected (0.0009 sec)
 MySQL  localhost:3306 ssl  hospital  SQL > insert into cuentas_pacientes(paciente_id, fecha_emision) values (53,'2017-06-14');
Query OK, 1 row affected (0.0011 sec)
 MySQL  localhost:3306 ssl  hospital  SQL > insert into cuentas_pacientes(paciente_id, fecha_emision) values (54,'2017-06-09');
Query OK, 1 row affected (0.0009 sec)
 MySQL  localhost:3306 ssl  hospital  SQL > insert into cuentas_pacientes(paciente_id, fecha_emision) values (55,'2017-06-14');
Query OK, 1 row affected (0.0009 sec)
 MySQL  localhost:3306 ssl  hospital  SQL > insert into cuentas_pacientes(paciente_id, fecha_emision) values (56,'2017-06-17');
Query OK, 1 row affected (0.0009 sec)
 MySQL  localhost:3306 ssl  hospital  SQL > insert into cuentas_pacientes(paciente_id, fecha_emision) values (57,'2017-06-16');
Query OK, 1 row affected (0.0011 sec)
 MySQL  localhost:3306 ssl  hospital  SQL > insert into cuentas_pacientes(paciente_id, fecha_emision) values (58,'2017-06-15');
Query OK, 1 row affected (0.0010 sec)
 MySQL  localhost:3306 ssl  hospital  SQL > select * from cuentas_pacientes;
+----------------------+-------------+-------------------+---------------+-------+
| cuentas_pacientes_id | paciente_id | forma_pago_pac_id | fecha_emision | otros |
+----------------------+-------------+-------------------+---------------+-------+
|                    1 |           1 |              NULL | 2017-04-20    | NULL  |
|                    2 |           2 |              NULL | 2017-04-17    | NULL  |
|                    3 |           3 |              NULL | 2017-04-20    | NULL  |
|                    4 |           4 |              NULL | 2017-04-22    | NULL  |
|                    5 |           5 |              NULL | 2017-04-21    | NULL  |
|                    6 |           6 |              NULL | 2017-04-18    | NULL  |
|                    7 |           7 |              NULL | 2017-04-24    | NULL  |
|                    8 |           8 |              NULL | 2017-04-27    | NULL  |
|                    9 |           9 |              NULL | 2017-04-28    | NULL  |
|                   10 |          10 |              NULL | 2017-04-27    | NULL  |
|                   11 |          11 |              NULL | 2017-04-28    | NULL  |
|                   12 |          12 |              NULL | 2017-04-28    | NULL  |
|                   13 |          13 |              NULL | 2017-04-29    | NULL  |
|                   14 |          14 |              NULL | 2017-04-26    | NULL  |
|                   15 |          15 |              NULL | 2017-05-05    | NULL  |
|                   16 |          16 |              NULL | 2017-05-02    | NULL  |
|                   17 |          17 |              NULL | 2017-05-01    | NULL  |
|                   18 |          18 |              NULL | 2017-05-12    | NULL  |
|                   19 |          19 |              NULL | 2017-05-03    | NULL  |
|                   20 |          20 |              NULL | 2017-05-09    | NULL  |
|                   21 |          21 |              NULL | 2017-05-08    | NULL  |
|                   22 |          22 |              NULL | 2017-05-14    | NULL  |
|                   23 |          23 |              NULL | 2017-05-12    | NULL  |
|                   24 |          24 |              NULL | 2017-05-05    | NULL  |
|                   25 |          25 |              NULL | 2017-05-19    | NULL  |
|                   26 |          26 |              NULL | 2017-05-14    | NULL  |
|                   27 |          27 |              NULL | 2017-05-12    | NULL  |
|                   28 |          28 |              NULL | 2017-05-15    | NULL  |
|                   29 |          29 |              NULL | 2017-05-13    | NULL  |
|                   30 |          30 |              NULL | 2017-05-18    | NULL  |
|                   31 |          31 |              NULL | 2017-05-20    | NULL  |
|                   32 |          32 |              NULL | 2017-05-26    | NULL  |
|                   33 |          33 |              NULL | 2017-05-22    | NULL  |
|                   34 |          34 |              NULL | 2017-05-21    | NULL  |
|                   35 |          35 |              NULL | 2017-05-16    | NULL  |
|                   36 |          36 |              NULL | 2017-05-20    | NULL  |
|                   37 |          37 |              NULL | 2017-05-27    | NULL  |
|                   38 |          38 |              NULL | 2017-05-21    | NULL  |
|                   39 |          39 |              NULL | 2017-05-26    | NULL  |
|                   40 |          40 |              NULL | 2017-05-31    | NULL  |
|                   41 |          41 |              NULL | 2017-05-31    | NULL  |
|                   42 |          42 |              NULL | 2017-06-01    | NULL  |
|                   43 |          43 |              NULL | 2017-05-27    | NULL  |
|                   44 |          44 |              NULL | 2017-06-07    | NULL  |
|                   45 |          45 |              NULL | 2017-06-04    | NULL  |
|                   46 |          46 |              NULL | 2017-06-07    | NULL  |
|                   47 |          47 |              NULL | 2017-05-31    | NULL  |
|                   48 |          48 |              NULL | 2017-06-07    | NULL  |
|                   49 |          49 |              NULL | 2017-05-31    | NULL  |
|                   50 |          50 |              NULL | 2017-06-03    | NULL  |
|                   51 |          51 |              NULL | 2017-06-03    | NULL  |
|                   52 |          52 |              NULL | 2017-06-10    | NULL  |
|                   53 |          53 |              NULL | 2017-06-14    | NULL  |
|                   54 |          54 |              NULL | 2017-06-09    | NULL  |
|                   55 |          55 |              NULL | 2017-06-14    | NULL  |
|                   56 |          56 |              NULL | 2017-06-17    | NULL  |
|                   57 |          57 |              NULL | 2017-06-16    | NULL  |
|                   58 |          58 |              NULL | 2017-06-15    | NULL  |
+----------------------+-------------+-------------------+---------------+-------+
58 rows in set (0.0021 sec)
 MySQL  localhost:3306 ssl  hospital  SQL > insert into cuentas_pacientes_detalles (cuentas_pacientes_id, cantidad, costo_total) values (1,3, $151,347.00 );
ERROR: 1136 (21S01): Column count doesn't match value count at row 1
 MySQL  localhost:3306 ssl  hospital  SQL > insert into cuentas_pacientes_detalles (cuentas_pacientes_id, cantidad, costo_total) values (2,3, $50,299.00 );
ERROR: 1136 (21S01): Column count doesn't match value count at row 1
 MySQL  localhost:3306 ssl  hospital  SQL > insert into cuentas_pacientes_detalles (cuentas_pacientes_id, cantidad, costo_total) values (3,2, $335,363.00 );
ERROR: 1136 (21S01): Column count doesn't match value count at row 1
 MySQL  localhost:3306 ssl  hospital  SQL > insert into cuentas_pacientes_detalles (cuentas_pacientes_id, cantidad, costo_total) values (4,3, $336,904.00 );
ERROR: 1136 (21S01): Column count doesn't match value count at row 1
 MySQL  localhost:3306 ssl  hospital  SQL > insert into cuentas_pacientes_detalles (cuentas_pacientes_id, cantidad, costo_total) values (5,1, $284,730.00 );
ERROR: 1136 (21S01): Column count doesn't match value count at row 1
 MySQL  localhost:3306 ssl  hospital  SQL > insert into cuentas_pacientes_detalles (cuentas_pacientes_id, cantidad, costo_total) values (6,1, $692,302.00 );
ERROR: 1136 (21S01): Column count doesn't match value count at row 1
 MySQL  localhost:3306 ssl  hospital  SQL > insert into cuentas_pacientes_detalles (cuentas_pacientes_id, cantidad, costo_total) values (7,1, $191,741.00 );
ERROR: 1136 (21S01): Column count doesn't match value count at row 1
 MySQL  localhost:3306 ssl  hospital  SQL > insert into cuentas_pacientes_detalles (cuentas_pacientes_id, cantidad, costo_total) values (8,1, $744,675.00 );
ERROR: 1136 (21S01): Column count doesn't match value count at row 1
 MySQL  localhost:3306 ssl  hospital  SQL > insert into cuentas_pacientes_detalles (cuentas_pacientes_id, cantidad, costo_total) values (9,1, $859,558.00 );
ERROR: 1136 (21S01): Column count doesn't match value count at row 1
 MySQL  localhost:3306 ssl  hospital  SQL > insert into cuentas_pacientes_detalles (cuentas_pacientes_id, cantidad, costo_total) values (10,1, $507,315.00 );
ERROR: 1136 (21S01): Column count doesn't match value count at row 1
 MySQL  localhost:3306 ssl  hospital  SQL > insert into cuentas_pacientes_detalles (cuentas_pacientes_id, cantidad, costo_total) values (11,2, $189,576.00 );
ERROR: 1136 (21S01): Column count doesn't match value count at row 1
 MySQL  localhost:3306 ssl  hospital  SQL > insert into cuentas_pacientes_detalles (cuentas_pacientes_id, cantidad, costo_total) values (12,3, $615,740.00 );
ERROR: 1136 (21S01): Column count doesn't match value count at row 1
 MySQL  localhost:3306 ssl  hospital  SQL > insert into cuentas_pacientes_detalles (cuentas_pacientes_id, cantidad, costo_total) values (13,2, $251,751.00 );
ERROR: 1136 (21S01): Column count doesn't match value count at row 1
 MySQL  localhost:3306 ssl  hospital  SQL > insert into cuentas_pacientes_detalles (cuentas_pacientes_id, cantidad, costo_total) values (14,3, $289,314.00 );
ERROR: 1136 (21S01): Column count doesn't match value count at row 1
 MySQL  localhost:3306 ssl  hospital  SQL > insert into cuentas_pacientes_detalles (cuentas_pacientes_id, cantidad, costo_total) values (15,2, $346,244.00 );
ERROR: 1136 (21S01): Column count doesn't match value count at row 1
 MySQL  localhost:3306 ssl  hospital  SQL > insert into cuentas_pacientes_detalles (cuentas_pacientes_id, cantidad, costo_total) values (16,1, $321,521.00 );
ERROR: 1136 (21S01): Column count doesn't match value count at row 1
 MySQL  localhost:3306 ssl  hospital  SQL > insert into cuentas_pacientes_detalles (cuentas_pacientes_id, cantidad, costo_total) values (17,3, $729,192.00 );
ERROR: 1136 (21S01): Column count doesn't match value count at row 1
 MySQL  localhost:3306 ssl  hospital  SQL > insert into cuentas_pacientes_detalles (cuentas_pacientes_id, cantidad, costo_total) values (18,2, $654,777.00 );
ERROR: 1136 (21S01): Column count doesn't match value count at row 1
 MySQL  localhost:3306 ssl  hospital  SQL > insert into cuentas_pacientes_detalles (cuentas_pacientes_id, cantidad, costo_total) values (19,2, $141,906.00 );
ERROR: 1136 (21S01): Column count doesn't match value count at row 1
 MySQL  localhost:3306 ssl  hospital  SQL > insert into cuentas_pacientes_detalles (cuentas_pacientes_id, cantidad, costo_total) values (20,1, $749,107.00 );
ERROR: 1136 (21S01): Column count doesn't match value count at row 1
 MySQL  localhost:3306 ssl  hospital  SQL > insert into cuentas_pacientes_detalles (cuentas_pacientes_id, cantidad, costo_total) values (21,1, $347,804.00 );
ERROR: 1136 (21S01): Column count doesn't match value count at row 1
 MySQL  localhost:3306 ssl  hospital  SQL > insert into cuentas_pacientes_detalles (cuentas_pacientes_id, cantidad, costo_total) values (22,2, $824,953.00 );
ERROR: 1136 (21S01): Column count doesn't match value count at row 1
 MySQL  localhost:3306 ssl  hospital  SQL > insert into cuentas_pacientes_detalles (cuentas_pacientes_id, cantidad, costo_total) values (23,3, $966,042.00 );
ERROR: 1136 (21S01): Column count doesn't match value count at row 1
 MySQL  localhost:3306 ssl  hospital  SQL > insert into cuentas_pacientes_detalles (cuentas_pacientes_id, cantidad, costo_total) values (24,1, $376,164.00 );
ERROR: 1136 (21S01): Column count doesn't match value count at row 1
 MySQL  localhost:3306 ssl  hospital  SQL > insert into cuentas_pacientes_detalles (cuentas_pacientes_id, cantidad, costo_total) values (25,3, $376,236.00 );
ERROR: 1136 (21S01): Column count doesn't match value count at row 1
 MySQL  localhost:3306 ssl  hospital  SQL > insert into cuentas_pacientes_detalles (cuentas_pacientes_id, cantidad, costo_total) values (26,1, $255,123.00 );
ERROR: 1136 (21S01): Column count doesn't match value count at row 1
 MySQL  localhost:3306 ssl  hospital  SQL > insert into cuentas_pacientes_detalles (cuentas_pacientes_id, cantidad, costo_total) values (27,3, $317,412.00 );
ERROR: 1136 (21S01): Column count doesn't match value count at row 1
 MySQL  localhost:3306 ssl  hospital  SQL > insert into cuentas_pacientes_detalles (cuentas_pacientes_id, cantidad, costo_total) values (28,3, $766,565.00 );
ERROR: 1136 (21S01): Column count doesn't match value count at row 1
 MySQL  localhost:3306 ssl  hospital  SQL > insert into cuentas_pacientes_detalles (cuentas_pacientes_id, cantidad, costo_total) values (29,3, $230,187.00 );
ERROR: 1136 (21S01): Column count doesn't match value count at row 1
 MySQL  localhost:3306 ssl  hospital  SQL > insert into cuentas_pacientes_detalles (cuentas_pacientes_id, cantidad, costo_total) values (30,2, $973,681.00 );
ERROR: 1136 (21S01): Column count doesn't match value count at row 1
 MySQL  localhost:3306 ssl  hospital  SQL > insert into cuentas_pacientes_detalles (cuentas_pacientes_id, cantidad, costo_total) values (31,3, $556,224.00 );
ERROR: 1136 (21S01): Column count doesn't match value count at row 1
 MySQL  localhost:3306 ssl  hospital  SQL > insert into cuentas_pacientes_detalles (cuentas_pacientes_id, cantidad, costo_total) values (32,1, $789,826.00 );
ERROR: 1136 (21S01): Column count doesn't match value count at row 1
 MySQL  localhost:3306 ssl  hospital  SQL > insert into cuentas_pacientes_detalles (cuentas_pacientes_id, cantidad, costo_total) values (33,3, $797,003.00 );
ERROR: 1136 (21S01): Column count doesn't match value count at row 1
 MySQL  localhost:3306 ssl  hospital  SQL > insert into cuentas_pacientes_detalles (cuentas_pacientes_id, cantidad, costo_total) values (34,3, $896,987.00 );
ERROR: 1136 (21S01): Column count doesn't match value count at row 1
 MySQL  localhost:3306 ssl  hospital  SQL > insert into cuentas_pacientes_detalles (cuentas_pacientes_id, cantidad, costo_total) values (35,1, $645,401.00 );
ERROR: 1136 (21S01): Column count doesn't match value count at row 1
 MySQL  localhost:3306 ssl  hospital  SQL > insert into cuentas_pacientes_detalles (cuentas_pacientes_id, cantidad, costo_total) values (36,3, $732,868.00 );
ERROR: 1136 (21S01): Column count doesn't match value count at row 1
 MySQL  localhost:3306 ssl  hospital  SQL > insert into cuentas_pacientes_detalles (cuentas_pacientes_id, cantidad, costo_total) values (37,1, $707,681.00 );
ERROR: 1136 (21S01): Column count doesn't match value count at row 1
 MySQL  localhost:3306 ssl  hospital  SQL > insert into cuentas_pacientes_detalles (cuentas_pacientes_id, cantidad, costo_total) values (38,3, $110,331.00 );
ERROR: 1136 (21S01): Column count doesn't match value count at row 1
 MySQL  localhost:3306 ssl  hospital  SQL > insert into cuentas_pacientes_detalles (cuentas_pacientes_id, cantidad, costo_total) values (39,3, $158,256.00 );
ERROR: 1136 (21S01): Column count doesn't match value count at row 1
 MySQL  localhost:3306 ssl  hospital  SQL > insert into cuentas_pacientes_detalles (cuentas_pacientes_id, cantidad, costo_total) values (40,2, $81,944.00 );
ERROR: 1136 (21S01): Column count doesn't match value count at row 1
 MySQL  localhost:3306 ssl  hospital  SQL > insert into cuentas_pacientes_detalles (cuentas_pacientes_id, cantidad, costo_total) values (41,2, $881,690.00 );
ERROR: 1136 (21S01): Column count doesn't match value count at row 1
 MySQL  localhost:3306 ssl  hospital  SQL > insert into cuentas_pacientes_detalles (cuentas_pacientes_id, cantidad, costo_total) values (42,2, $602,980.00 );
ERROR: 1136 (21S01): Column count doesn't match value count at row 1
 MySQL  localhost:3306 ssl  hospital  SQL > insert into cuentas_pacientes_detalles (cuentas_pacientes_id, cantidad, costo_total) values (43,1, $268,138.00 );
ERROR: 1136 (21S01): Column count doesn't match value count at row 1
 MySQL  localhost:3306 ssl  hospital  SQL > insert into cuentas_pacientes_detalles (cuentas_pacientes_id, cantidad, costo_total) values (44,3, $379,874.00 );
ERROR: 1136 (21S01): Column count doesn't match value count at row 1
 MySQL  localhost:3306 ssl  hospital  SQL > insert into cuentas_pacientes_detalles (cuentas_pacientes_id, cantidad, costo_total) values (45,1, $153,311.00 );
ERROR: 1136 (21S01): Column count doesn't match value count at row 1
 MySQL  localhost:3306 ssl  hospital  SQL > insert into cuentas_pacientes_detalles (cuentas_pacientes_id, cantidad, costo_total) values (46,3, $863,400.00 );
ERROR: 1136 (21S01): Column count doesn't match value count at row 1
 MySQL  localhost:3306 ssl  hospital  SQL > insert into cuentas_pacientes_detalles (cuentas_pacientes_id, cantidad, costo_total) values (47,2, $860,995.00 );
ERROR: 1136 (21S01): Column count doesn't match value count at row 1
 MySQL  localhost:3306 ssl  hospital  SQL > insert into cuentas_pacientes_detalles (cuentas_pacientes_id, cantidad, costo_total) values (48,3, $149,290.00 );
ERROR: 1136 (21S01): Column count doesn't match value count at row 1
 MySQL  localhost:3306 ssl  hospital  SQL > insert into cuentas_pacientes_detalles (cuentas_pacientes_id, cantidad, costo_total) values (49,1, $267,026.00 );
ERROR: 1136 (21S01): Column count doesn't match value count at row 1
 MySQL  localhost:3306 ssl  hospital  SQL > insert into cuentas_pacientes_detalles (cuentas_pacientes_id, cantidad, costo_total) values (50,1, $834,540.00 );
ERROR: 1136 (21S01): Column count doesn't match value count at row 1
 MySQL  localhost:3306 ssl  hospital  SQL > insert into cuentas_pacientes_detalles (cuentas_pacientes_id, cantidad, costo_total) values (51,3, $153,439.00 );
ERROR: 1136 (21S01): Column count doesn't match value count at row 1
 MySQL  localhost:3306 ssl  hospital  SQL > insert into cuentas_pacientes_detalles (cuentas_pacientes_id, cantidad, costo_total) values (52,3, $236,628.00 );
ERROR: 1136 (21S01): Column count doesn't match value count at row 1
 MySQL  localhost:3306 ssl  hospital  SQL > insert into cuentas_pacientes_detalles (cuentas_pacientes_id, cantidad, costo_total) values (53,3, $871,864.00 );
ERROR: 1136 (21S01): Column count doesn't match value count at row 1
 MySQL  localhost:3306 ssl  hospital  SQL > insert into cuentas_pacientes_detalles (cuentas_pacientes_id, cantidad, costo_total) values (54,3, $680,413.00 );
ERROR: 1136 (21S01): Column count doesn't match value count at row 1
 MySQL  localhost:3306 ssl  hospital  SQL > insert into cuentas_pacientes_detalles (cuentas_pacientes_id, cantidad, costo_total) values (55,3, $343,354.00 );
ERROR: 1136 (21S01): Column count doesn't match value count at row 1
 MySQL  localhost:3306 ssl  hospital  SQL > insert into cuentas_pacientes_detalles (cuentas_pacientes_id, cantidad, costo_total) values (56,3, $57,805.00 );
ERROR: 1136 (21S01): Column count doesn't match value count at row 1
 MySQL  localhost:3306 ssl  hospital  SQL > insert into cuentas_pacientes_detalles (cuentas_pacientes_id, cantidad, costo_total) values (57,3, $308,184.00 );
ERROR: 1136 (21S01): Column count doesn't match value count at row 1
 MySQL  localhost:3306 ssl  hospital  SQL > insert into cuentas_pacientes_detalles (cuentas_pacientes_id, cantidad, costo_total) values (58,2, $453,174.00 );
ERROR: 1136 (21S01): Column count doesn't match value count at row 1
 MySQL  localhost:3306 ssl  hospital  SQL > insert into cuentas_pacientes_detalles (cuentas_pacientes_id, cantidad, costo_total) values (1,3, $151,347.00 );
ERROR: 1136 (21S01): Column count doesn't match value count at row 1
 MySQL  localhost:3306 ssl  hospital  SQL > insert into cuentas_pacientes_detalles (cuentas_pacientes_id, cantidad, costo_total) values (1,3,151,347.00 );
ERROR: 1136 (21S01): Column count doesn't match value count at row 1
 MySQL  localhost:3306 ssl  hospital  SQL > insert into cuentas_pacientes_detalles (cuentas_pacientes_id, cantidad, costo_total) values (2,3,50,299.00 );
ERROR: 1136 (21S01): Column count doesn't match value count at row 1
 MySQL  localhost:3306 ssl  hospital  SQL > insert into cuentas_pacientes_detalles (cuentas_pacientes_id, cantidad, costo_total) values (3,2,335,363.00 );
ERROR: 1136 (21S01): Column count doesn't match value count at row 1
 MySQL  localhost:3306 ssl  hospital  SQL > insert into cuentas_pacientes_detalles (cuentas_pacientes_id, cantidad, costo_total) values (4,3,336,904.00 );
ERROR: 1136 (21S01): Column count doesn't match value count at row 1
 MySQL  localhost:3306 ssl  hospital  SQL > insert into cuentas_pacientes_detalles (cuentas_pacientes_id, cantidad, costo_total) values (5,1,284,730.00 );
ERROR: 1136 (21S01): Column count doesn't match value count at row 1
 MySQL  localhost:3306 ssl  hospital  SQL > insert into cuentas_pacientes_detalles (cuentas_pacientes_id, cantidad, costo_total) values (6,1,692,302.00 );
ERROR: 1136 (21S01): Column count doesn't match value count at row 1
 MySQL  localhost:3306 ssl  hospital  SQL > insert into cuentas_pacientes_detalles (cuentas_pacientes_id, cantidad, costo_total) values (7,1,191,741.00 );
ERROR: 1136 (21S01): Column count doesn't match value count at row 1
 MySQL  localhost:3306 ssl  hospital  SQL > insert into cuentas_pacientes_detalles (cuentas_pacientes_id, cantidad, costo_total) values (8,1,744,675.00 );
ERROR: 1136 (21S01): Column count doesn't match value count at row 1
 MySQL  localhost:3306 ssl  hospital  SQL > insert into cuentas_pacientes_detalles (cuentas_pacientes_id, cantidad, costo_total) values (9,1,859,558.00 );
ERROR: 1136 (21S01): Column count doesn't match value count at row 1
 MySQL  localhost:3306 ssl  hospital  SQL > insert into cuentas_pacientes_detalles (cuentas_pacientes_id, cantidad, costo_total) values (10,1,507,315.00 );
ERROR: 1136 (21S01): Column count doesn't match value count at row 1
 MySQL  localhost:3306 ssl  hospital  SQL > insert into cuentas_pacientes_detalles (cuentas_pacientes_id, cantidad, costo_total) values (11,2,189,576.00 );
ERROR: 1136 (21S01): Column count doesn't match value count at row 1
 MySQL  localhost:3306 ssl  hospital  SQL > insert into cuentas_pacientes_detalles (cuentas_pacientes_id, cantidad, costo_total) values (12,3,615,740.00 );
ERROR: 1136 (21S01): Column count doesn't match value count at row 1
 MySQL  localhost:3306 ssl  hospital  SQL > insert into cuentas_pacientes_detalles (cuentas_pacientes_id, cantidad, costo_total) values (13,2,251,751.00 );
ERROR: 1136 (21S01): Column count doesn't match value count at row 1
 MySQL  localhost:3306 ssl  hospital  SQL > insert into cuentas_pacientes_detalles (cuentas_pacientes_id, cantidad, costo_total) values (14,3,289,314.00 );
ERROR: 1136 (21S01): Column count doesn't match value count at row 1
 MySQL  localhost:3306 ssl  hospital  SQL > insert into cuentas_pacientes_detalles (cuentas_pacientes_id, cantidad, costo_total) values (15,2,346,244.00 );
ERROR: 1136 (21S01): Column count doesn't match value count at row 1
 MySQL  localhost:3306 ssl  hospital  SQL > insert into cuentas_pacientes_detalles (cuentas_pacientes_id, cantidad, costo_total) values (16,1,321,521.00 );
ERROR: 1136 (21S01): Column count doesn't match value count at row 1
 MySQL  localhost:3306 ssl  hospital  SQL > insert into cuentas_pacientes_detalles (cuentas_pacientes_id, cantidad, costo_total) values (17,3,729,192.00 );
ERROR: 1136 (21S01): Column count doesn't match value count at row 1
 MySQL  localhost:3306 ssl  hospital  SQL > insert into cuentas_pacientes_detalles (cuentas_pacientes_id, cantidad, costo_total) values (18,2,654,777.00 );
ERROR: 1136 (21S01): Column count doesn't match value count at row 1
 MySQL  localhost:3306 ssl  hospital  SQL > insert into cuentas_pacientes_detalles (cuentas_pacientes_id, cantidad, costo_total) values (19,2,141,906.00 );
ERROR: 1136 (21S01): Column count doesn't match value count at row 1
 MySQL  localhost:3306 ssl  hospital  SQL > insert into cuentas_pacientes_detalles (cuentas_pacientes_id, cantidad, costo_total) values (20,1,749,107.00 );
ERROR: 1136 (21S01): Column count doesn't match value count at row 1
 MySQL  localhost:3306 ssl  hospital  SQL > insert into cuentas_pacientes_detalles (cuentas_pacientes_id, cantidad, costo_total) values (21,1,347,804.00 );
ERROR: 1136 (21S01): Column count doesn't match value count at row 1
 MySQL  localhost:3306 ssl  hospital  SQL > insert into cuentas_pacientes_detalles (cuentas_pacientes_id, cantidad, costo_total) values (22,2,824,953.00 );
ERROR: 1136 (21S01): Column count doesn't match value count at row 1
 MySQL  localhost:3306 ssl  hospital  SQL > insert into cuentas_pacientes_detalles (cuentas_pacientes_id, cantidad, costo_total) values (23,3,966,042.00 );
ERROR: 1136 (21S01): Column count doesn't match value count at row 1
 MySQL  localhost:3306 ssl  hospital  SQL > insert into cuentas_pacientes_detalles (cuentas_pacientes_id, cantidad, costo_total) values (24,1,376,164.00 );
ERROR: 1136 (21S01): Column count doesn't match value count at row 1
 MySQL  localhost:3306 ssl  hospital  SQL > insert into cuentas_pacientes_detalles (cuentas_pacientes_id, cantidad, costo_total) values (25,3,376,236.00 );
ERROR: 1136 (21S01): Column count doesn't match value count at row 1
 MySQL  localhost:3306 ssl  hospital  SQL > insert into cuentas_pacientes_detalles (cuentas_pacientes_id, cantidad, costo_total) values (26,1,255,123.00 );
ERROR: 1136 (21S01): Column count doesn't match value count at row 1
 MySQL  localhost:3306 ssl  hospital  SQL > insert into cuentas_pacientes_detalles (cuentas_pacientes_id, cantidad, costo_total) values (27,3,317,412.00 );
ERROR: 1136 (21S01): Column count doesn't match value count at row 1
 MySQL  localhost:3306 ssl  hospital  SQL > insert into cuentas_pacientes_detalles (cuentas_pacientes_id, cantidad, costo_total) values (28,3,766,565.00 );
ERROR: 1136 (21S01): Column count doesn't match value count at row 1
 MySQL  localhost:3306 ssl  hospital  SQL > insert into cuentas_pacientes_detalles (cuentas_pacientes_id, cantidad, costo_total) values (29,3,230,187.00 );
ERROR: 1136 (21S01): Column count doesn't match value count at row 1
 MySQL  localhost:3306 ssl  hospital  SQL > insert into cuentas_pacientes_detalles (cuentas_pacientes_id, cantidad, costo_total) values (30,2,973,681.00 );
ERROR: 1136 (21S01): Column count doesn't match value count at row 1
 MySQL  localhost:3306 ssl  hospital  SQL > insert into cuentas_pacientes_detalles (cuentas_pacientes_id, cantidad, costo_total) values (31,3,556,224.00 );
ERROR: 1136 (21S01): Column count doesn't match value count at row 1
 MySQL  localhost:3306 ssl  hospital  SQL > insert into cuentas_pacientes_detalles (cuentas_pacientes_id, cantidad, costo_total) values (32,1,789,826.00 );
ERROR: 1136 (21S01): Column count doesn't match value count at row 1
 MySQL  localhost:3306 ssl  hospital  SQL > insert into cuentas_pacientes_detalles (cuentas_pacientes_id, cantidad, costo_total) values (33,3,797,003.00 );
ERROR: 1136 (21S01): Column count doesn't match value count at row 1
 MySQL  localhost:3306 ssl  hospital  SQL > insert into cuentas_pacientes_detalles (cuentas_pacientes_id, cantidad, costo_total) values (34,3,896,987.00 );
ERROR: 1136 (21S01): Column count doesn't match value count at row 1
 MySQL  localhost:3306 ssl  hospital  SQL > insert into cuentas_pacientes_detalles (cuentas_pacientes_id, cantidad, costo_total) values (35,1,645,401.00 );
ERROR: 1136 (21S01): Column count doesn't match value count at row 1
 MySQL  localhost:3306 ssl  hospital  SQL > insert into cuentas_pacientes_detalles (cuentas_pacientes_id, cantidad, costo_total) values (36,3,732,868.00 );
ERROR: 1136 (21S01): Column count doesn't match value count at row 1
 MySQL  localhost:3306 ssl  hospital  SQL > insert into cuentas_pacientes_detalles (cuentas_pacientes_id, cantidad, costo_total) values (37,1,707,681.00 );
ERROR: 1136 (21S01): Column count doesn't match value count at row 1
 MySQL  localhost:3306 ssl  hospital  SQL > insert into cuentas_pacientes_detalles (cuentas_pacientes_id, cantidad, costo_total) values (38,3,110,331.00 );
ERROR: 1136 (21S01): Column count doesn't match value count at row 1
 MySQL  localhost:3306 ssl  hospital  SQL > insert into cuentas_pacientes_detalles (cuentas_pacientes_id, cantidad, costo_total) values (39,3,158,256.00 );
ERROR: 1136 (21S01): Column count doesn't match value count at row 1
 MySQL  localhost:3306 ssl  hospital  SQL > insert into cuentas_pacientes_detalles (cuentas_pacientes_id, cantidad, costo_total) values (40,2,81,944.00 );
ERROR: 1136 (21S01): Column count doesn't match value count at row 1
 MySQL  localhost:3306 ssl  hospital  SQL > insert into cuentas_pacientes_detalles (cuentas_pacientes_id, cantidad, costo_total) values (41,2,881,690.00 );
ERROR: 1136 (21S01): Column count doesn't match value count at row 1
 MySQL  localhost:3306 ssl  hospital  SQL > insert into cuentas_pacientes_detalles (cuentas_pacientes_id, cantidad, costo_total) values (42,2,602,980.00 );
ERROR: 1136 (21S01): Column count doesn't match value count at row 1
 MySQL  localhost:3306 ssl  hospital  SQL > insert into cuentas_pacientes_detalles (cuentas_pacientes_id, cantidad, costo_total) values (43,1,268,138.00 );
ERROR: 1136 (21S01): Column count doesn't match value count at row 1
 MySQL  localhost:3306 ssl  hospital  SQL > insert into cuentas_pacientes_detalles (cuentas_pacientes_id, cantidad, costo_total) values (44,3,379,874.00 );
ERROR: 1136 (21S01): Column count doesn't match value count at row 1
 MySQL  localhost:3306 ssl  hospital  SQL > insert into cuentas_pacientes_detalles (cuentas_pacientes_id, cantidad, costo_total) values (45,1,153,311.00 );
ERROR: 1136 (21S01): Column count doesn't match value count at row 1
 MySQL  localhost:3306 ssl  hospital  SQL > insert into cuentas_pacientes_detalles (cuentas_pacientes_id, cantidad, costo_total) values (46,3,863,400.00 );
ERROR: 1136 (21S01): Column count doesn't match value count at row 1
 MySQL  localhost:3306 ssl  hospital  SQL > insert into cuentas_pacientes_detalles (cuentas_pacientes_id, cantidad, costo_total) values (47,2,860,995.00 );
ERROR: 1136 (21S01): Column count doesn't match value count at row 1
 MySQL  localhost:3306 ssl  hospital  SQL > insert into cuentas_pacientes_detalles (cuentas_pacientes_id, cantidad, costo_total) values (48,3,149,290.00 );
ERROR: 1136 (21S01): Column count doesn't match value count at row 1
 MySQL  localhost:3306 ssl  hospital  SQL > insert into cuentas_pacientes_detalles (cuentas_pacientes_id, cantidad, costo_total) values (49,1,267,026.00 );
ERROR: 1136 (21S01): Column count doesn't match value count at row 1
 MySQL  localhost:3306 ssl  hospital  SQL > insert into cuentas_pacientes_detalles (cuentas_pacientes_id, cantidad, costo_total) values (50,1,834,540.00 );
ERROR: 1136 (21S01): Column count doesn't match value count at row 1
 MySQL  localhost:3306 ssl  hospital  SQL > insert into cuentas_pacientes_detalles (cuentas_pacientes_id, cantidad, costo_total) values (51,3,153,439.00 );
ERROR: 1136 (21S01): Column count doesn't match value count at row 1
 MySQL  localhost:3306 ssl  hospital  SQL > insert into cuentas_pacientes_detalles (cuentas_pacientes_id, cantidad, costo_total) values (52,3,236,628.00 );
ERROR: 1136 (21S01): Column count doesn't match value count at row 1
 MySQL  localhost:3306 ssl  hospital  SQL > insert into cuentas_pacientes_detalles (cuentas_pacientes_id, cantidad, costo_total) values (53,3,871,864.00 );
ERROR: 1136 (21S01): Column count doesn't match value count at row 1
 MySQL  localhost:3306 ssl  hospital  SQL > insert into cuentas_pacientes_detalles (cuentas_pacientes_id, cantidad, costo_total) values (54,3,680,413.00 );
ERROR: 1136 (21S01): Column count doesn't match value count at row 1
 MySQL  localhost:3306 ssl  hospital  SQL > insert into cuentas_pacientes_detalles (cuentas_pacientes_id, cantidad, costo_total) values (55,3,343,354.00 );
ERROR: 1136 (21S01): Column count doesn't match value count at row 1
 MySQL  localhost:3306 ssl  hospital  SQL > insert into cuentas_pacientes_detalles (cuentas_pacientes_id, cantidad, costo_total) values (56,3,57,805.00 );
ERROR: 1136 (21S01): Column count doesn't match value count at row 1
 MySQL  localhost:3306 ssl  hospital  SQL > insert into cuentas_pacientes_detalles (cuentas_pacientes_id, cantidad, costo_total) values (57,3,308,184.00 );
ERROR: 1136 (21S01): Column count doesn't match value count at row 1
 MySQL  localhost:3306 ssl  hospital  SQL > insert into cuentas_pacientes_detalles (cuentas_pacientes_id, cantidad, costo_total) values (58,2,453,174.00 );
ERROR: 1136 (21S01): Column count doesn't match value count at row 1
 MySQL  localhost:3306 ssl  hospital  SQL > insert into cuentas_pacientes_detalles (cuentas_pacientes_id, cantidad, costo_total) values (1, 3, 151,347.00 );
ERROR: 1136 (21S01): Column count doesn't match value count at row 1
 MySQL  localhost:3306 ssl  hospital  SQL > insert into cuentas_pacientes_detalles (cuentas_pacientes_id, cantidad, costo_total) values (2, 3, 50,299.00 );
ERROR: 1136 (21S01): Column count doesn't match value count at row 1
 MySQL  localhost:3306 ssl  hospital  SQL > insert into cuentas_pacientes_detalles (cuentas_pacientes_id, cantidad, costo_total) values (3, 2, 335,363.00 );
ERROR: 1136 (21S01): Column count doesn't match value count at row 1
 MySQL  localhost:3306 ssl  hospital  SQL > insert into cuentas_pacientes_detalles (cuentas_pacientes_id, cantidad, costo_total) values (4, 3, 336,904.00 );
ERROR: 1136 (21S01): Column count doesn't match value count at row 1
 MySQL  localhost:3306 ssl  hospital  SQL > insert into cuentas_pacientes_detalles (cuentas_pacientes_id, cantidad, costo_total) values (5, 1, 284,730.00 );
ERROR: 1136 (21S01): Column count doesn't match value count at row 1
 MySQL  localhost:3306 ssl  hospital  SQL > insert into cuentas_pacientes_detalles (cuentas_pacientes_id, cantidad, costo_total) values (6, 1, 692,302.00 );
ERROR: 1136 (21S01): Column count doesn't match value count at row 1
 MySQL  localhost:3306 ssl  hospital  SQL > insert into cuentas_pacientes_detalles (cuentas_pacientes_id, cantidad, costo_total) values (7, 1, 191,741.00 );
ERROR: 1136 (21S01): Column count doesn't match value count at row 1
 MySQL  localhost:3306 ssl  hospital  SQL > insert into cuentas_pacientes_detalles (cuentas_pacientes_id, cantidad, costo_total) values (8, 1, 744,675.00 );
ERROR: 1136 (21S01): Column count doesn't match value count at row 1
 MySQL  localhost:3306 ssl  hospital  SQL > insert into cuentas_pacientes_detalles (cuentas_pacientes_id, cantidad, costo_total) values (9, 1, 859,558.00 );
ERROR: 1136 (21S01): Column count doesn't match value count at row 1
 MySQL  localhost:3306 ssl  hospital  SQL > insert into cuentas_pacientes_detalles (cuentas_pacientes_id, cantidad, costo_total) values (10, 1, 507,315.00 );
ERROR: 1136 (21S01): Column count doesn't match value count at row 1
 MySQL  localhost:3306 ssl  hospital  SQL > insert into cuentas_pacientes_detalles (cuentas_pacientes_id, cantidad, costo_total) values (11, 2, 189,576.00 );
ERROR: 1136 (21S01): Column count doesn't match value count at row 1
 MySQL  localhost:3306 ssl  hospital  SQL > insert into cuentas_pacientes_detalles (cuentas_pacientes_id, cantidad, costo_total) values (12, 3, 615,740.00 );
ERROR: 1136 (21S01): Column count doesn't match value count at row 1
 MySQL  localhost:3306 ssl  hospital  SQL > insert into cuentas_pacientes_detalles (cuentas_pacientes_id, cantidad, costo_total) values (13, 2, 251,751.00 );
ERROR: 1136 (21S01): Column count doesn't match value count at row 1
 MySQL  localhost:3306 ssl  hospital  SQL > insert into cuentas_pacientes_detalles (cuentas_pacientes_id, cantidad, costo_total) values (14, 3, 289,314.00 );
ERROR: 1136 (21S01): Column count doesn't match value count at row 1
 MySQL  localhost:3306 ssl  hospital  SQL > insert into cuentas_pacientes_detalles (cuentas_pacientes_id, cantidad, costo_total) values (15, 2, 346,244.00 );
ERROR: 1136 (21S01): Column count doesn't match value count at row 1
 MySQL  localhost:3306 ssl  hospital  SQL > insert into cuentas_pacientes_detalles (cuentas_pacientes_id, cantidad, costo_total) values (16, 1, 321,521.00 );
ERROR: 1136 (21S01): Column count doesn't match value count at row 1
 MySQL  localhost:3306 ssl  hospital  SQL > insert into cuentas_pacientes_detalles (cuentas_pacientes_id, cantidad, costo_total) values (17, 3, 729,192.00 );
ERROR: 1136 (21S01): Column count doesn't match value count at row 1
 MySQL  localhost:3306 ssl  hospital  SQL > insert into cuentas_pacientes_detalles (cuentas_pacientes_id, cantidad, costo_total) values (18, 2, 654,777.00 );
ERROR: 1136 (21S01): Column count doesn't match value count at row 1
 MySQL  localhost:3306 ssl  hospital  SQL > insert into cuentas_pacientes_detalles (cuentas_pacientes_id, cantidad, costo_total) values (19, 2, 141,906.00 );
ERROR: 1136 (21S01): Column count doesn't match value count at row 1
 MySQL  localhost:3306 ssl  hospital  SQL > insert into cuentas_pacientes_detalles (cuentas_pacientes_id, cantidad, costo_total) values (20, 1, 749,107.00 );
ERROR: 1136 (21S01): Column count doesn't match value count at row 1
 MySQL  localhost:3306 ssl  hospital  SQL > insert into cuentas_pacientes_detalles (cuentas_pacientes_id, cantidad, costo_total) values (21, 1, 347,804.00 );
ERROR: 1136 (21S01): Column count doesn't match value count at row 1
 MySQL  localhost:3306 ssl  hospital  SQL > insert into cuentas_pacientes_detalles (cuentas_pacientes_id, cantidad, costo_total) values (22, 2, 824,953.00 );
ERROR: 1136 (21S01): Column count doesn't match value count at row 1
 MySQL  localhost:3306 ssl  hospital  SQL > insert into cuentas_pacientes_detalles (cuentas_pacientes_id, cantidad, costo_total) values (23, 3, 966,042.00 );
ERROR: 1136 (21S01): Column count doesn't match value count at row 1
 MySQL  localhost:3306 ssl  hospital  SQL > insert into cuentas_pacientes_detalles (cuentas_pacientes_id, cantidad, costo_total) values (24, 1, 376,164.00 );
ERROR: 1136 (21S01): Column count doesn't match value count at row 1
 MySQL  localhost:3306 ssl  hospital  SQL > insert into cuentas_pacientes_detalles (cuentas_pacientes_id, cantidad, costo_total) values (25, 3, 376,236.00 );
ERROR: 1136 (21S01): Column count doesn't match value count at row 1
 MySQL  localhost:3306 ssl  hospital  SQL > insert into cuentas_pacientes_detalles (cuentas_pacientes_id, cantidad, costo_total) values (26, 1, 255,123.00 );
ERROR: 1136 (21S01): Column count doesn't match value count at row 1
 MySQL  localhost:3306 ssl  hospital  SQL > insert into cuentas_pacientes_detalles (cuentas_pacientes_id, cantidad, costo_total) values (27, 3, 317,412.00 );
ERROR: 1136 (21S01): Column count doesn't match value count at row 1
 MySQL  localhost:3306 ssl  hospital  SQL > insert into cuentas_pacientes_detalles (cuentas_pacientes_id, cantidad, costo_total) values (28, 3, 766,565.00 );
ERROR: 1136 (21S01): Column count doesn't match value count at row 1
 MySQL  localhost:3306 ssl  hospital  SQL > insert into cuentas_pacientes_detalles (cuentas_pacientes_id, cantidad, costo_total) values (29, 3, 230,187.00 );
ERROR: 1136 (21S01): Column count doesn't match value count at row 1
 MySQL  localhost:3306 ssl  hospital  SQL > insert into cuentas_pacientes_detalles (cuentas_pacientes_id, cantidad, costo_total) values (30, 2, 973,681.00 );
ERROR: 1136 (21S01): Column count doesn't match value count at row 1
 MySQL  localhost:3306 ssl  hospital  SQL > insert into cuentas_pacientes_detalles (cuentas_pacientes_id, cantidad, costo_total) values (31, 3, 556,224.00 );
ERROR: 1136 (21S01): Column count doesn't match value count at row 1
 MySQL  localhost:3306 ssl  hospital  SQL > insert into cuentas_pacientes_detalles (cuentas_pacientes_id, cantidad, costo_total) values (32, 1, 789,826.00 );
ERROR: 1136 (21S01): Column count doesn't match value count at row 1
 MySQL  localhost:3306 ssl  hospital  SQL > insert into cuentas_pacientes_detalles (cuentas_pacientes_id, cantidad, costo_total) values (33, 3, 797,003.00 );
ERROR: 1136 (21S01): Column count doesn't match value count at row 1
 MySQL  localhost:3306 ssl  hospital  SQL > insert into cuentas_pacientes_detalles (cuentas_pacientes_id, cantidad, costo_total) values (34, 3, 896,987.00 );
ERROR: 1136 (21S01): Column count doesn't match value count at row 1
 MySQL  localhost:3306 ssl  hospital  SQL > insert into cuentas_pacientes_detalles (cuentas_pacientes_id, cantidad, costo_total) values (35, 1, 645,401.00 );
ERROR: 1136 (21S01): Column count doesn't match value count at row 1
 MySQL  localhost:3306 ssl  hospital  SQL > insert into cuentas_pacientes_detalles (cuentas_pacientes_id, cantidad, costo_total) values (36, 3, 732,868.00 );
ERROR: 1136 (21S01): Column count doesn't match value count at row 1
 MySQL  localhost:3306 ssl  hospital  SQL > insert into cuentas_pacientes_detalles (cuentas_pacientes_id, cantidad, costo_total) values (37, 1, 707,681.00 );
ERROR: 1136 (21S01): Column count doesn't match value count at row 1
 MySQL  localhost:3306 ssl  hospital  SQL > insert into cuentas_pacientes_detalles (cuentas_pacientes_id, cantidad, costo_total) values (38, 3, 110,331.00 );
ERROR: 1136 (21S01): Column count doesn't match value count at row 1
 MySQL  localhost:3306 ssl  hospital  SQL > insert into cuentas_pacientes_detalles (cuentas_pacientes_id, cantidad, costo_total) values (39, 3, 158,256.00 );
ERROR: 1136 (21S01): Column count doesn't match value count at row 1
 MySQL  localhost:3306 ssl  hospital  SQL > insert into cuentas_pacientes_detalles (cuentas_pacientes_id, cantidad, costo_total) values (40, 2, 81,944.00 );
ERROR: 1136 (21S01): Column count doesn't match value count at row 1
 MySQL  localhost:3306 ssl  hospital  SQL > insert into cuentas_pacientes_detalles (cuentas_pacientes_id, cantidad, costo_total) values (41, 2, 881,690.00 );
ERROR: 1136 (21S01): Column count doesn't match value count at row 1
 MySQL  localhost:3306 ssl  hospital  SQL > insert into cuentas_pacientes_detalles (cuentas_pacientes_id, cantidad, costo_total) values (42, 2, 602,980.00 );
ERROR: 1136 (21S01): Column count doesn't match value count at row 1
 MySQL  localhost:3306 ssl  hospital  SQL > insert into cuentas_pacientes_detalles (cuentas_pacientes_id, cantidad, costo_total) values (43, 1, 268,138.00 );
ERROR: 1136 (21S01): Column count doesn't match value count at row 1
 MySQL  localhost:3306 ssl  hospital  SQL > insert into cuentas_pacientes_detalles (cuentas_pacientes_id, cantidad, costo_total) values (44, 3, 379,874.00 );
ERROR: 1136 (21S01): Column count doesn't match value count at row 1
 MySQL  localhost:3306 ssl  hospital  SQL > insert into cuentas_pacientes_detalles (cuentas_pacientes_id, cantidad, costo_total) values (45, 1, 153,311.00 );
ERROR: 1136 (21S01): Column count doesn't match value count at row 1
 MySQL  localhost:3306 ssl  hospital  SQL > insert into cuentas_pacientes_detalles (cuentas_pacientes_id, cantidad, costo_total) values (46, 3, 863,400.00 );
ERROR: 1136 (21S01): Column count doesn't match value count at row 1
 MySQL  localhost:3306 ssl  hospital  SQL > insert into cuentas_pacientes_detalles (cuentas_pacientes_id, cantidad, costo_total) values (47, 2, 860,995.00 );
ERROR: 1136 (21S01): Column count doesn't match value count at row 1
 MySQL  localhost:3306 ssl  hospital  SQL > insert into cuentas_pacientes_detalles (cuentas_pacientes_id, cantidad, costo_total) values (48, 3, 149,290.00 );
ERROR: 1136 (21S01): Column count doesn't match value count at row 1
 MySQL  localhost:3306 ssl  hospital  SQL > insert into cuentas_pacientes_detalles (cuentas_pacientes_id, cantidad, costo_total) values (49, 1, 267,026.00 );
ERROR: 1136 (21S01): Column count doesn't match value count at row 1
 MySQL  localhost:3306 ssl  hospital  SQL > insert into cuentas_pacientes_detalles (cuentas_pacientes_id, cantidad, costo_total) values (50, 1, 834,540.00 );
ERROR: 1136 (21S01): Column count doesn't match value count at row 1
 MySQL  localhost:3306 ssl  hospital  SQL > insert into cuentas_pacientes_detalles (cuentas_pacientes_id, cantidad, costo_total) values (51, 3, 153,439.00 );
ERROR: 1136 (21S01): Column count doesn't match value count at row 1
 MySQL  localhost:3306 ssl  hospital  SQL > insert into cuentas_pacientes_detalles (cuentas_pacientes_id, cantidad, costo_total) values (52, 3, 236,628.00 );
ERROR: 1136 (21S01): Column count doesn't match value count at row 1
 MySQL  localhost:3306 ssl  hospital  SQL > insert into cuentas_pacientes_detalles (cuentas_pacientes_id, cantidad, costo_total) values (53, 3, 871,864.00 );
ERROR: 1136 (21S01): Column count doesn't match value count at row 1
 MySQL  localhost:3306 ssl  hospital  SQL > insert into cuentas_pacientes_detalles (cuentas_pacientes_id, cantidad, costo_total) values (54, 3, 680,413.00 );
ERROR: 1136 (21S01): Column count doesn't match value count at row 1
 MySQL  localhost:3306 ssl  hospital  SQL > insert into cuentas_pacientes_detalles (cuentas_pacientes_id, cantidad, costo_total) values (55, 3, 343,354.00 );
ERROR: 1136 (21S01): Column count doesn't match value count at row 1
 MySQL  localhost:3306 ssl  hospital  SQL > insert into cuentas_pacientes_detalles (cuentas_pacientes_id, cantidad, costo_total) values (56, 3, 57,805.00 );
ERROR: 1136 (21S01): Column count doesn't match value count at row 1
 MySQL  localhost:3306 ssl  hospital  SQL > insert into cuentas_pacientes_detalles (cuentas_pacientes_id, cantidad, costo_total) values (57, 3, 308,184.00 );
ERROR: 1136 (21S01): Column count doesn't match value count at row 1
 MySQL  localhost:3306 ssl  hospital  SQL > insert into cuentas_pacientes_detalles (cuentas_pacientes_id, cantidad, costo_total) values (58, 2, 453,174.00 );
ERROR: 1136 (21S01): Column count doesn't match value count at row 1
 MySQL  localhost:3306 ssl  hospital  SQL > insert into cuentas_pacientes_detalles (cuentas_pacientes_id, cantidad, costo_total) values (58, 2, 453,174.00 );^C
 MySQL  localhost:3306 ssl  hospital  SQL > ^C
 MySQL  localhost:3306 ssl  hospital  SQL > insert into cuentas_pacientes_detalles (cuentas_pacientes_id, cantidad, costo_total) values (1, 3, 151347.00 );
Query OK, 1 row affected (0.0397 sec)
 MySQL  localhost:3306 ssl  hospital  SQL > insert into cuentas_pacientes_detalles (cuentas_pacientes_id, cantidad, costo_total) values (2, 3, 50299.00 );
Query OK, 1 row affected (0.0009 sec)
 MySQL  localhost:3306 ssl  hospital  SQL > insert into cuentas_pacientes_detalles (cuentas_pacientes_id, cantidad, costo_total) values (3, 2, 335363.00 );
Query OK, 1 row affected (0.0008 sec)
 MySQL  localhost:3306 ssl  hospital  SQL > insert into cuentas_pacientes_detalles (cuentas_pacientes_id, cantidad, costo_total) values (4, 3, 336904.00 );
Query OK, 1 row affected (0.0008 sec)
 MySQL  localhost:3306 ssl  hospital  SQL > insert into cuentas_pacientes_detalles (cuentas_pacientes_id, cantidad, costo_total) values (5, 1, 284730.00 );
Query OK, 1 row affected (0.0010 sec)
 MySQL  localhost:3306 ssl  hospital  SQL > insert into cuentas_pacientes_detalles (cuentas_pacientes_id, cantidad, costo_total) values (6, 1, 692302.00 );
Query OK, 1 row affected (0.0009 sec)
 MySQL  localhost:3306 ssl  hospital  SQL > insert into cuentas_pacientes_detalles (cuentas_pacientes_id, cantidad, costo_total) values (7, 1, 191741.00 );
Query OK, 1 row affected (0.0009 sec)
 MySQL  localhost:3306 ssl  hospital  SQL > insert into cuentas_pacientes_detalles (cuentas_pacientes_id, cantidad, costo_total) values (8, 1, 744675.00 );
Query OK, 1 row affected (0.0009 sec)
 MySQL  localhost:3306 ssl  hospital  SQL > insert into cuentas_pacientes_detalles (cuentas_pacientes_id, cantidad, costo_total) values (9, 1, 859558.00 );
Query OK, 1 row affected (0.0009 sec)
 MySQL  localhost:3306 ssl  hospital  SQL > insert into cuentas_pacientes_detalles (cuentas_pacientes_id, cantidad, costo_total) values (10, 1, 507315.00 );
Query OK, 1 row affected (0.0009 sec)
 MySQL  localhost:3306 ssl  hospital  SQL > insert into cuentas_pacientes_detalles (cuentas_pacientes_id, cantidad, costo_total) values (11, 2, 189576.00 );
Query OK, 1 row affected (0.0009 sec)
 MySQL  localhost:3306 ssl  hospital  SQL > insert into cuentas_pacientes_detalles (cuentas_pacientes_id, cantidad, costo_total) values (12, 3, 615740.00 );
Query OK, 1 row affected (0.0014 sec)
 MySQL  localhost:3306 ssl  hospital  SQL > insert into cuentas_pacientes_detalles (cuentas_pacientes_id, cantidad, costo_total) values (13, 2, 251751.00 );
Query OK, 1 row affected (0.0010 sec)
 MySQL  localhost:3306 ssl  hospital  SQL > insert into cuentas_pacientes_detalles (cuentas_pacientes_id, cantidad, costo_total) values (14, 3, 289314.00 );
Query OK, 1 row affected (0.0012 sec)
 MySQL  localhost:3306 ssl  hospital  SQL > insert into cuentas_pacientes_detalles (cuentas_pacientes_id, cantidad, costo_total) values (15, 2, 346244.00 );
Query OK, 1 row affected (0.0011 sec)
 MySQL  localhost:3306 ssl  hospital  SQL > insert into cuentas_pacientes_detalles (cuentas_pacientes_id, cantidad, costo_total) values (16, 1, 321521.00 );
Query OK, 1 row affected (0.0012 sec)
 MySQL  localhost:3306 ssl  hospital  SQL > insert into cuentas_pacientes_detalles (cuentas_pacientes_id, cantidad, costo_total) values (17, 3, 729192.00 );
Query OK, 1 row affected (0.0012 sec)
 MySQL  localhost:3306 ssl  hospital  SQL > insert into cuentas_pacientes_detalles (cuentas_pacientes_id, cantidad, costo_total) values (18, 2, 654777.00 );
Query OK, 1 row affected (0.0012 sec)
 MySQL  localhost:3306 ssl  hospital  SQL > insert into cuentas_pacientes_detalles (cuentas_pacientes_id, cantidad, costo_total) values (19, 2, 141906.00 );
Query OK, 1 row affected (0.0010 sec)
 MySQL  localhost:3306 ssl  hospital  SQL > insert into cuentas_pacientes_detalles (cuentas_pacientes_id, cantidad, costo_total) values (20, 1, 749107.00 );
Query OK, 1 row affected (0.0010 sec)
 MySQL  localhost:3306 ssl  hospital  SQL > insert into cuentas_pacientes_detalles (cuentas_pacientes_id, cantidad, costo_total) values (21, 1, 347804.00 );
Query OK, 1 row affected (0.0009 sec)
 MySQL  localhost:3306 ssl  hospital  SQL > insert into cuentas_pacientes_detalles (cuentas_pacientes_id, cantidad, costo_total) values (22, 2, 824953.00 );
Query OK, 1 row affected (0.0009 sec)
 MySQL  localhost:3306 ssl  hospital  SQL > insert into cuentas_pacientes_detalles (cuentas_pacientes_id, cantidad, costo_total) values (23, 3, 966042.00 );
Query OK, 1 row affected (0.0012 sec)
 MySQL  localhost:3306 ssl  hospital  SQL > insert into cuentas_pacientes_detalles (cuentas_pacientes_id, cantidad, costo_total) values (24, 1, 376164.00 );
Query OK, 1 row affected (0.0009 sec)
 MySQL  localhost:3306 ssl  hospital  SQL > insert into cuentas_pacientes_detalles (cuentas_pacientes_id, cantidad, costo_total) values (25, 3, 376236.00 );
Query OK, 1 row affected (0.0010 sec)
 MySQL  localhost:3306 ssl  hospital  SQL > insert into cuentas_pacientes_detalles (cuentas_pacientes_id, cantidad, costo_total) values (26, 1, 255123.00 );
Query OK, 1 row affected (0.0014 sec)
 MySQL  localhost:3306 ssl  hospital  SQL > insert into cuentas_pacientes_detalles (cuentas_pacientes_id, cantidad, costo_total) values (27, 3, 317412.00 );
Query OK, 1 row affected (0.0009 sec)
 MySQL  localhost:3306 ssl  hospital  SQL > insert into cuentas_pacientes_detalles (cuentas_pacientes_id, cantidad, costo_total) values (28, 3, 766565.00 );
Query OK, 1 row affected (0.0011 sec)
 MySQL  localhost:3306 ssl  hospital  SQL > insert into cuentas_pacientes_detalles (cuentas_pacientes_id, cantidad, costo_total) values (29, 3, 230187.00 );
Query OK, 1 row affected (0.0009 sec)
 MySQL  localhost:3306 ssl  hospital  SQL > insert into cuentas_pacientes_detalles (cuentas_pacientes_id, cantidad, costo_total) values (30, 2, 973681.00 );
Query OK, 1 row affected (0.0009 sec)
 MySQL  localhost:3306 ssl  hospital  SQL > insert into cuentas_pacientes_detalles (cuentas_pacientes_id, cantidad, costo_total) values (31, 3, 556224.00 );
Query OK, 1 row affected (0.0009 sec)
 MySQL  localhost:3306 ssl  hospital  SQL > insert into cuentas_pacientes_detalles (cuentas_pacientes_id, cantidad, costo_total) values (32, 1, 789826.00 );
Query OK, 1 row affected (0.0013 sec)
 MySQL  localhost:3306 ssl  hospital  SQL > insert into cuentas_pacientes_detalles (cuentas_pacientes_id, cantidad, costo_total) values (33, 3, 797003.00 );
Query OK, 1 row affected (0.0009 sec)
 MySQL  localhost:3306 ssl  hospital  SQL > insert into cuentas_pacientes_detalles (cuentas_pacientes_id, cantidad, costo_total) values (34, 3, 896987.00 );
Query OK, 1 row affected (0.0009 sec)
 MySQL  localhost:3306 ssl  hospital  SQL > insert into cuentas_pacientes_detalles (cuentas_pacientes_id, cantidad, costo_total) values (35, 1, 645401.00 );
Query OK, 1 row affected (0.0009 sec)
 MySQL  localhost:3306 ssl  hospital  SQL > insert into cuentas_pacientes_detalles (cuentas_pacientes_id, cantidad, costo_total) values (36, 3, 732868.00 );
Query OK, 1 row affected (0.0009 sec)
 MySQL  localhost:3306 ssl  hospital  SQL > insert into cuentas_pacientes_detalles (cuentas_pacientes_id, cantidad, costo_total) values (37, 1, 707681.00 );
Query OK, 1 row affected (0.0009 sec)
 MySQL  localhost:3306 ssl  hospital  SQL > insert into cuentas_pacientes_detalles (cuentas_pacientes_id, cantidad, costo_total) values (38, 3, 110331.00 );
Query OK, 1 row affected (0.0009 sec)
 MySQL  localhost:3306 ssl  hospital  SQL > insert into cuentas_pacientes_detalles (cuentas_pacientes_id, cantidad, costo_total) values (39, 3, 158256.00 );
Query OK, 1 row affected (0.0010 sec)
 MySQL  localhost:3306 ssl  hospital  SQL > insert into cuentas_pacientes_detalles (cuentas_pacientes_id, cantidad, costo_total) values (40, 2, 81944.00 );
Query OK, 1 row affected (0.0011 sec)
 MySQL  localhost:3306 ssl  hospital  SQL > insert into cuentas_pacientes_detalles (cuentas_pacientes_id, cantidad, costo_total) values (41, 2, 881690.00 );
Query OK, 1 row affected (0.0010 sec)
 MySQL  localhost:3306 ssl  hospital  SQL > insert into cuentas_pacientes_detalles (cuentas_pacientes_id, cantidad, costo_total) values (42, 2, 602980.00 );
Query OK, 1 row affected (0.0011 sec)
 MySQL  localhost:3306 ssl  hospital  SQL > insert into cuentas_pacientes_detalles (cuentas_pacientes_id, cantidad, costo_total) values (43, 1, 268138.00 );
Query OK, 1 row affected (0.0012 sec)
 MySQL  localhost:3306 ssl  hospital  SQL > insert into cuentas_pacientes_detalles (cuentas_pacientes_id, cantidad, costo_total) values (44, 3, 379874.00 );
Query OK, 1 row affected (0.0010 sec)
 MySQL  localhost:3306 ssl  hospital  SQL > insert into cuentas_pacientes_detalles (cuentas_pacientes_id, cantidad, costo_total) values (45, 1, 153311.00 );
Query OK, 1 row affected (0.0010 sec)
 MySQL  localhost:3306 ssl  hospital  SQL > insert into cuentas_pacientes_detalles (cuentas_pacientes_id, cantidad, costo_total) values (46, 3, 863400.00 );
Query OK, 1 row affected (0.0010 sec)
 MySQL  localhost:3306 ssl  hospital  SQL > insert into cuentas_pacientes_detalles (cuentas_pacientes_id, cantidad, costo_total) values (47, 2, 860995.00 );
Query OK, 1 row affected (0.0012 sec)
 MySQL  localhost:3306 ssl  hospital  SQL > insert into cuentas_pacientes_detalles (cuentas_pacientes_id, cantidad, costo_total) values (48, 3, 149290.00 );
Query OK, 1 row affected (0.0010 sec)
 MySQL  localhost:3306 ssl  hospital  SQL > insert into cuentas_pacientes_detalles (cuentas_pacientes_id, cantidad, costo_total) values (49, 1, 267026.00 );
Query OK, 1 row affected (0.0009 sec)
 MySQL  localhost:3306 ssl  hospital  SQL > insert into cuentas_pacientes_detalles (cuentas_pacientes_id, cantidad, costo_total) values (50, 1, 834540.00 );
Query OK, 1 row affected (0.0013 sec)
 MySQL  localhost:3306 ssl  hospital  SQL > insert into cuentas_pacientes_detalles (cuentas_pacientes_id, cantidad, costo_total) values (51, 3, 153439.00 );
Query OK, 1 row affected (0.0011 sec)
 MySQL  localhost:3306 ssl  hospital  SQL > insert into cuentas_pacientes_detalles (cuentas_pacientes_id, cantidad, costo_total) values (52, 3, 236628.00 );
Query OK, 1 row affected (0.0009 sec)
 MySQL  localhost:3306 ssl  hospital  SQL > insert into cuentas_pacientes_detalles (cuentas_pacientes_id, cantidad, costo_total) values (53, 3, 871864.00 );
Query OK, 1 row affected (0.0010 sec)
 MySQL  localhost:3306 ssl  hospital  SQL > insert into cuentas_pacientes_detalles (cuentas_pacientes_id, cantidad, costo_total) values (54, 3, 680413.00 );
Query OK, 1 row affected (0.0010 sec)
 MySQL  localhost:3306 ssl  hospital  SQL > insert into cuentas_pacientes_detalles (cuentas_pacientes_id, cantidad, costo_total) values (55, 3, 343354.00 );
Query OK, 1 row affected (0.0009 sec)
 MySQL  localhost:3306 ssl  hospital  SQL > insert into cuentas_pacientes_detalles (cuentas_pacientes_id, cantidad, costo_total) values (56, 3, 57805.00 );
Query OK, 1 row affected (0.0009 sec)
 MySQL  localhost:3306 ssl  hospital  SQL > insert into cuentas_pacientes_detalles (cuentas_pacientes_id, cantidad, costo_total) values (57, 3, 308184.00 );
Query OK, 1 row affected (0.0009 sec)
 MySQL  localhost:3306 ssl  hospital  SQL > insert into cuentas_pacientes_detalles (cuentas_pacientes_id, cantidad, costo_total) values (58, 2, 453174.00 );
Query OK, 1 row affected (0.0010 sec)
 MySQL  localhost:3306 ssl  hospital  SQL > insert into registro_pacientes (paciente_id, registro_por_empleado_id, fecha_admision, condicion_medica) values (1,1,'08/04/2017', 'Abdominal Aortic Aneurysm');
ERROR: 1292 (22007): Incorrect date value: '08/04/2017' for column 'fecha_admision' at row 1
 MySQL  localhost:3306 ssl  hospital  SQL > insert into registro_pacientes (paciente_id, registro_por_empleado_id, fecha_admision, condicion_medica) values (2,2,'09/04/2017', 'Abdominal Cramps (Heat Cramps)');
ERROR: 1292 (22007): Incorrect date value: '09/04/2017' for column 'fecha_admision' at row 1
 MySQL  localhost:3306 ssl  hospital  SQL > insert into registro_pacientes (paciente_id, registro_por_empleado_id, fecha_admision, condicion_medica) values (3,3,'10/04/2017', 'Abdominal Hernia (Hernia Overview)');
ERROR: 1292 (22007): Incorrect date value: '10/04/2017' for column 'fecha_admision' at row 1
 MySQL  localhost:3306 ssl  hospital  SQL > insert into registro_pacientes (paciente_id, registro_por_empleado_id, fecha_admision, condicion_medica) values (4,4,'12/04/2017', 'Bacterial Vaginosis (Causes, Symptoms, Treatment)');
ERROR: 1292 (22007): Incorrect date value: '12/04/2017' for column 'fecha_admision' at row 1
 MySQL  localhost:3306 ssl  hospital  SQL > insert into registro_pacientes (paciente_id, registro_por_empleado_id, fecha_admision, condicion_medica) values (5,5,'12/04/2017', 'Bad Breath');
ERROR: 1292 (22007): Incorrect date value: '12/04/2017' for column 'fecha_admision' at row 1
 MySQL  localhost:3306 ssl  hospital  SQL > insert into registro_pacientes (paciente_id, registro_por_empleado_id, fecha_admision, condicion_medica) values (6,6,'14/04/2017', 'Bad Cholesterol Test (Cholesterol Test)');
ERROR: 1292 (22007): Incorrect date value: '14/04/2017' for column 'fecha_admision' at row 1
 MySQL  localhost:3306 ssl  hospital  SQL > insert into registro_pacientes (paciente_id, registro_por_empleado_id, fecha_admision, condicion_medica) values (7,7,'15/04/2017', 'Baker Cyst');
ERROR: 1292 (22007): Incorrect date value: '15/04/2017' for column 'fecha_admision' at row 1
 MySQL  localhost:3306 ssl  hospital  SQL > insert into registro_pacientes (paciente_id, registro_por_empleado_id, fecha_admision, condicion_medica) values (8,8,'15/04/2017', 'Farting (Intestinal Gas (Belching, Bloating, Flatulence))');
ERROR: 1292 (22007): Incorrect date value: '15/04/2017' for column 'fecha_admision' at row 1
 MySQL  localhost:3306 ssl  hospital  SQL > insert into registro_pacientes (paciente_id, registro_por_empleado_id, fecha_admision, condicion_medica) values (9,9,'16/04/2017', 'Fast Heart Beat (Palpitations Overview)');
ERROR: 1292 (22007): Incorrect date value: '16/04/2017' for column 'fecha_admision' at row 1
 MySQL  localhost:3306 ssl  hospital  SQL > insert into registro_pacientes (paciente_id, registro_por_empleado_id, fecha_admision, condicion_medica) values (10,10,'17/04/2017', 'Fatigue');
ERROR: 1292 (22007): Incorrect date value: '17/04/2017' for column 'fecha_admision' at row 1
 MySQL  localhost:3306 ssl  hospital  SQL > insert into registro_pacientes (paciente_id, registro_por_empleado_id, fecha_admision, condicion_medica) values (11,11,'18/04/2017', 'Fatigue From Cancer (Cancer Fatigue');
ERROR: 1292 (22007): Incorrect date value: '18/04/2017' for column 'fecha_admision' at row 1
 MySQL  localhost:3306 ssl  hospital  SQL > insert into registro_pacientes (paciente_id, registro_por_empleado_id, fecha_admision, condicion_medica) values (12,12,'19/04/2017', 'Lambliasis (Giardia Lamblia)');
ERROR: 1292 (22007): Incorrect date value: '19/04/2017' for column 'fecha_admision' at row 1
 MySQL  localhost:3306 ssl  hospital  SQL > insert into registro_pacientes (paciente_id, registro_por_empleado_id, fecha_admision, condicion_medica) values (13,13,'20/04/2017', 'Lambliosis (Giardia Lamblia)');
ERROR: 1292 (22007): Incorrect date value: '20/04/2017' for column 'fecha_admision' at row 1
 MySQL  localhost:3306 ssl  hospital  SQL > insert into registro_pacientes (paciente_id, registro_por_empleado_id, fecha_admision, condicion_medica) values (14,14,'22/04/2017', 'Landau-Kleffner Syndrome');
ERROR: 1292 (22007): Incorrect date value: '22/04/2017' for column 'fecha_admision' at row 1
 MySQL  localhost:3306 ssl  hospital  SQL > insert into registro_pacientes (paciente_id, registro_por_empleado_id, fecha_admision, condicion_medica) values (15,15,'22/04/2017', 'Lap Band Surgery (Gastric Banding)');
ERROR: 1292 (22007): Incorrect date value: '22/04/2017' for column 'fecha_admision' at row 1
 MySQL  localhost:3306 ssl  hospital  SQL > insert into registro_pacientes (paciente_id, registro_por_empleado_id, fecha_admision, condicion_medica) values (16,16,'24/04/2017', 'Laparoscopic Liver Biopsy (Liver Biopsy)');
ERROR: 1292 (22007): Incorrect date value: '24/04/2017' for column 'fecha_admision' at row 1
 MySQL  localhost:3306 ssl  hospital  SQL > insert into registro_pacientes (paciente_id, registro_por_empleado_id, fecha_admision, condicion_medica) values (17,17,'24/04/2017', 'Omega-3 Fatty Acids');
ERROR: 1292 (22007): Incorrect date value: '24/04/2017' for column 'fecha_admision' at row 1
 MySQL  localhost:3306 ssl  hospital  SQL > insert into registro_pacientes (paciente_id, registro_por_empleado_id, fecha_admision, condicion_medica) values (18,18,'25/04/2017', 'Onchocerciasis');
ERROR: 1292 (22007): Incorrect date value: '25/04/2017' for column 'fecha_admision' at row 1
 MySQL  localhost:3306 ssl  hospital  SQL > insert into registro_pacientes (paciente_id, registro_por_empleado_id, fecha_admision, condicion_medica) values (19,19,'27/04/2017', 'Onychocryptosis (Ingrown Toenail)');
ERROR: 1292 (22007): Incorrect date value: '27/04/2017' for column 'fecha_admision' at row 1
 MySQL  localhost:3306 ssl  hospital  SQL > insert into registro_pacientes (paciente_id, registro_por_empleado_id, fecha_admision, condicion_medica) values (20,20,'28/04/2017', 'Scarlatina)');
ERROR: 1292 (22007): Incorrect date value: '28/04/2017' for column 'fecha_admision' at row 1
 MySQL  localhost:3306 ssl  hospital  SQL > insert into registro_pacientes (paciente_id, registro_por_empleado_id, fecha_admision, condicion_medica) values (21,21,'28/04/2017', 'Scars');
ERROR: 1292 (22007): Incorrect date value: '28/04/2017' for column 'fecha_admision' at row 1
 MySQL  localhost:3306 ssl  hospital  SQL > insert into registro_pacientes (paciente_id, registro_por_empleado_id, fecha_admision, condicion_medica) values (22,22,'30/04/2017', 'Schatzki Ring');
ERROR: 1292 (22007): Incorrect date value: '30/04/2017' for column 'fecha_admision' at row 1
 MySQL  localhost:3306 ssl  hospital  SQL > insert into registro_pacientes (paciente_id, registro_por_empleado_id, fecha_admision, condicion_medica) values (23,23,'01/05/2017', 'Scheuermann's Kyphosis (Kyphosis)');
                                         '> insert into registro_pacientes (paciente_id, registro_por_empleado_id, fecha_admision, condicion_medica) values (24,24,'01/05/2017', 'Schistosoma guineensis (Schistosomiasis)');
                                         '> insert into registro_pacientes (paciente_id, registro_por_empleado_id, fecha_admision, condicion_medica) values (25,25,'02/05/2017', 'Schistosoma haematobium (Schistosomiasis)');
                                         '> insert into registro_pacientes (paciente_id, registro_por_empleado_id, fecha_admision, condicion_medica) values (26,26,'04/05/2017', 'Schistosoma japonicum (Schistosomiasis)');
                                         '> insert into registro_pacientes (paciente_id, registro_por_empleado_id, fecha_admision, condicion_medica) values (27,27,'04/05/2017', 'Tachycardia (Heart Rhythm Disorders)');
                                         '> insert into registro_pacientes (paciente_id, registro_por_empleado_id, fecha_admision, condicion_medica) values (28,28,'06/05/2017', 'Tachycardia, Paroxysmal Atrial (Paroxysmal Supraventricular Tachycardia (PSVT))');
                                         '> insert into registro_pacientes (paciente_id, registro_por_empleado_id, fecha_admision, condicion_medica) values (29,29,'07/05/2017', 'Tachycardia, Paroxysmal Supraventricular (Paroxysmal Supraventricular Tachycardia (PSVT))');
                                         '> insert into registro_pacientes (paciente_id, registro_por_empleado_id, fecha_admision, condicion_medica) values (30,30,'07/05/2017', 'Tailbone Pain (Coccydynia)');
                                         '> insert into registro_pacientes (paciente_id, registro_por_empleado_id, fecha_admision, condicion_medica) values (31,31,'09/05/2017', 'Tailor's Bunion (Bunions)');
ERROR: 1064 (42000): You have an error in your SQL syntax; check the manual that corresponds to your MySQL server version for the right syntax to use near 's Kyphosis (Kyphosis)');
insert into registro_pacientes (paciente_id, registro_p' at line 1
 MySQL  localhost:3306 ssl  hospital  SQL > insert into registro_pacientes (paciente_id, registro_por_empleado_id, fecha_admision, condicion_medica) values (32,32,'10/05/2017', 'Takayasu Arteritis (Takayasu Disease)');
ERROR: 1292 (22007): Incorrect date value: '10/05/2017' for column 'fecha_admision' at row 1
 MySQL  localhost:3306 ssl  hospital  SQL > insert into registro_pacientes (paciente_id, registro_por_empleado_id, fecha_admision, condicion_medica) values (33,33,'10/05/2017', 'Takayasu Disease');
ERROR: 1292 (22007): Incorrect date value: '10/05/2017' for column 'fecha_admision' at row 1
 MySQL  localhost:3306 ssl  hospital  SQL > insert into registro_pacientes (paciente_id, registro_por_empleado_id, fecha_admision, condicion_medica) values (34,34,'11/05/2017', 'Taking Dental Medications');
ERROR: 1292 (22007): Incorrect date value: '11/05/2017' for column 'fecha_admision' at row 1
 MySQL  localhost:3306 ssl  hospital  SQL > insert into registro_pacientes (paciente_id, registro_por_empleado_id, fecha_admision, condicion_medica) values (35,35,'13/05/2017', 'Tarry Stools (Stool Color Changes)');
ERROR: 1292 (22007): Incorrect date value: '13/05/2017' for column 'fecha_admision' at row 1
 MySQL  localhost:3306 ssl  hospital  SQL > insert into registro_pacientes (paciente_id, registro_por_empleado_id, fecha_admision, condicion_medica) values (36,36,'14/05/2017', 'Abdominal Aortic Aneurysm');
ERROR: 1292 (22007): Incorrect date value: '14/05/2017' for column 'fecha_admision' at row 1
 MySQL  localhost:3306 ssl  hospital  SQL > insert into registro_pacientes (paciente_id, registro_por_empleado_id, fecha_admision, condicion_medica) values (37,37,'14/05/2017', 'Abdominal Cramps (Heat Cramps)');
ERROR: 1292 (22007): Incorrect date value: '14/05/2017' for column 'fecha_admision' at row 1
 MySQL  localhost:3306 ssl  hospital  SQL > insert into registro_pacientes (paciente_id, registro_por_empleado_id, fecha_admision, condicion_medica) values (38,38,'15/05/2017', 'Abdominal Hernia (Hernia Overview)');
ERROR: 1292 (22007): Incorrect date value: '15/05/2017' for column 'fecha_admision' at row 1
 MySQL  localhost:3306 ssl  hospital  SQL > insert into registro_pacientes (paciente_id, registro_por_empleado_id, fecha_admision, condicion_medica) values (39,39,'16/05/2017', 'Bacterial Vaginosis (Causes, Symptoms, Treatment)');
ERROR: 1292 (22007): Incorrect date value: '16/05/2017' for column 'fecha_admision' at row 1
 MySQL  localhost:3306 ssl  hospital  SQL > insert into registro_pacientes (paciente_id, registro_por_empleado_id, fecha_admision, condicion_medica) values (40,40,'18/05/2017', 'Bad Breath');
ERROR: 1292 (22007): Incorrect date value: '18/05/2017' for column 'fecha_admision' at row 1
 MySQL  localhost:3306 ssl  hospital  SQL > insert into registro_pacientes (paciente_id, registro_por_empleado_id, fecha_admision, condicion_medica) values (41,41,'18/05/2017', 'Bad Cholesterol Test (Cholesterol Test)');
ERROR: 1292 (22007): Incorrect date value: '18/05/2017' for column 'fecha_admision' at row 1
 MySQL  localhost:3306 ssl  hospital  SQL > insert into registro_pacientes (paciente_id, registro_por_empleado_id, fecha_admision, condicion_medica) values (42,42,'20/05/2017', 'Baker Cyst');
ERROR: 1292 (22007): Incorrect date value: '20/05/2017' for column 'fecha_admision' at row 1
 MySQL  localhost:3306 ssl  hospital  SQL > insert into registro_pacientes (paciente_id, registro_por_empleado_id, fecha_admision, condicion_medica) values (43,43,'21/05/2017', 'Farting (Intestinal Gas (Belching, Bloating, Flatulence))');
ERROR: 1292 (22007): Incorrect date value: '21/05/2017' for column 'fecha_admision' at row 1
 MySQL  localhost:3306 ssl  hospital  SQL > insert into registro_pacientes (paciente_id, registro_por_empleado_id, fecha_admision, condicion_medica) values (44,44,'22/05/2017', 'Fast Heart Beat (Palpitations Overview)');
ERROR: 1292 (22007): Incorrect date value: '22/05/2017' for column 'fecha_admision' at row 1
 MySQL  localhost:3306 ssl  hospital  SQL > insert into registro_pacientes (paciente_id, registro_por_empleado_id, fecha_admision, condicion_medica) values (45,45,'23/05/2017', 'Fatigue');
ERROR: 1292 (22007): Incorrect date value: '23/05/2017' for column 'fecha_admision' at row 1
 MySQL  localhost:3306 ssl  hospital  SQL > insert into registro_pacientes (paciente_id, registro_por_empleado_id, fecha_admision, condicion_medica) values (46,46,'23/05/2017', 'Fatigue From Cancer (Cancer Fatigue');
ERROR: 1292 (22007): Incorrect date value: '23/05/2017' for column 'fecha_admision' at row 1
 MySQL  localhost:3306 ssl  hospital  SQL > insert into registro_pacientes (paciente_id, registro_por_empleado_id, fecha_admision, condicion_medica) values (47,47,'25/05/2017', 'Lambliasis (Giardia Lamblia)');
ERROR: 1292 (22007): Incorrect date value: '25/05/2017' for column 'fecha_admision' at row 1
 MySQL  localhost:3306 ssl  hospital  SQL > insert into registro_pacientes (paciente_id, registro_por_empleado_id, fecha_admision, condicion_medica) values (48,48,'25/05/2017', 'Lambliosis (Giardia Lamblia)');
ERROR: 1292 (22007): Incorrect date value: '25/05/2017' for column 'fecha_admision' at row 1
 MySQL  localhost:3306 ssl  hospital  SQL > insert into registro_pacientes (paciente_id, registro_por_empleado_id, fecha_admision, condicion_medica) values (49,49,'27/05/2017', 'Landau-Kleffner Syndrome');
ERROR: 1292 (22007): Incorrect date value: '27/05/2017' for column 'fecha_admision' at row 1
 MySQL  localhost:3306 ssl  hospital  SQL > insert into registro_pacientes (paciente_id, registro_por_empleado_id, fecha_admision, condicion_medica) values (50,50,'28/05/2017', 'Lap Band Surgery (Gastric Banding)');
ERROR: 1292 (22007): Incorrect date value: '28/05/2017' for column 'fecha_admision' at row 1
 MySQL  localhost:3306 ssl  hospital  SQL > insert into registro_pacientes (paciente_id, registro_por_empleado_id, fecha_admision, condicion_medica) values (51,51,'29/05/2017', 'Laparoscopic Liver Biopsy (Liver Biopsy)');
ERROR: 1292 (22007): Incorrect date value: '29/05/2017' for column 'fecha_admision' at row 1
 MySQL  localhost:3306 ssl  hospital  SQL > insert into registro_pacientes (paciente_id, registro_por_empleado_id, fecha_admision, condicion_medica) values (52,52,'29/05/2017', 'Omega-3 Fatty Acids');
ERROR: 1292 (22007): Incorrect date value: '29/05/2017' for column 'fecha_admision' at row 1
 MySQL  localhost:3306 ssl  hospital  SQL > insert into registro_pacientes (paciente_id, registro_por_empleado_id, fecha_admision, condicion_medica) values (53,53,'31/05/2017', 'Onchocerciasis');
ERROR: 1292 (22007): Incorrect date value: '31/05/2017' for column 'fecha_admision' at row 1
 MySQL  localhost:3306 ssl  hospital  SQL > insert into registro_pacientes (paciente_id, registro_por_empleado_id, fecha_admision, condicion_medica) values (54,54,'31/05/2017', 'Onychocryptosis (Ingrown Toenail)');
ERROR: 1292 (22007): Incorrect date value: '31/05/2017' for column 'fecha_admision' at row 1
 MySQL  localhost:3306 ssl  hospital  SQL > insert into registro_pacientes (paciente_id, registro_por_empleado_id, fecha_admision, condicion_medica) values (55,55,'01/06/2017', 'Scarlatina)');
ERROR: 1292 (22007): Incorrect date value: '01/06/2017' for column 'fecha_admision' at row 1
 MySQL  localhost:3306 ssl  hospital  SQL > insert into registro_pacientes (paciente_id, registro_por_empleado_id, fecha_admision, condicion_medica) values (56,56,'02/06/2017', 'Scars');
ERROR: 1292 (22007): Incorrect date value: '02/06/2017' for column 'fecha_admision' at row 1
 MySQL  localhost:3306 ssl  hospital  SQL > insert into registro_pacientes (paciente_id, registro_por_empleado_id, fecha_admision, condicion_medica) values (57,57,'04/06/2017', 'Schatzki Ring');
ERROR: 1292 (22007): Incorrect date value: '04/06/2017' for column 'fecha_admision' at row 1
 MySQL  localhost:3306 ssl  hospital  SQL > insert into registro_pacientes (paciente_id, registro_por_empleado_id, fecha_admision, condicion_medica) values (58,58,'05/06/2017', 'Scheuermann's Kyphosis (Kyphosis)');
                                         '> insert into registro_pacientes (paciente_id, registro_por_empleado_id, fecha_admision, condicion_medica) values (1,1,'2017-04-08', 'Abdominal Aortic Aneurysm');
                                         '> insert into registro_pacientes (paciente_id, registro_por_empleado_id, fecha_admision, condicion_medica) values (2,2,'2017-04-09', 'Abdominal Cramps (Heat Cramps)');
                                         '> insert into registro_pacientes (paciente_id, registro_por_empleado_id, fecha_admision, condicion_medica) values (3,3,'2017-04-10', 'Abdominal Hernia (Hernia Overview)');
                                         '> insert into registro_pacientes (paciente_id, registro_por_empleado_id, fecha_admision, condicion_medica) values (4,4,'2017-04-12', 'Bacterial Vaginosis (Causes, Symptoms, Treatment)');
                                         '> insert into registro_pacientes (paciente_id, registro_por_empleado_id, fecha_admision, condicion_medica) values (5,5,'2017-04-12', 'Bad Breath');
                                         '> insert into registro_pacientes (paciente_id, registro_por_empleado_id, fecha_admision, condicion_medica) values (6,6,'2017-04-14', 'Bad Cholesterol Test (Cholesterol Test)');
                                         '> insert into registro_pacientes (paciente_id, registro_por_empleado_id, fecha_admision, condicion_medica) values (7,7,'2017-04-15', 'Baker Cyst');
                                         '> insert into registro_pacientes (paciente_id, registro_por_empleado_id, fecha_admision, condicion_medica) values (8,8,'2017-04-15', 'Farting (Intestinal Gas (Belching, Bloating, Flatulence))');
                                         '> insert into registro_pacientes (paciente_id, registro_por_empleado_id, fecha_admision, condicion_medica) values (9,9,'2017-04-16', 'Fast Heart Beat (Palpitations Overview)');
                                         '> insert into registro_pacientes (paciente_id, registro_por_empleado_id, fecha_admision, condicion_medica) values (10,10,'2017-04-17', 'Fatigue');
                                         '> insert into registro_pacientes (paciente_id, registro_por_empleado_id, fecha_admision, condicion_medica) values (11,11,'2017-04-18', 'Fatigue From Cancer (Cancer Fatigue');
                                         '> insert into registro_pacientes (paciente_id, registro_por_empleado_id, fecha_admision, condicion_medica) values (12,12,'2017-04-19', 'Lambliasis (Giardia Lamblia)');
                                         '> insert into registro_pacientes (paciente_id, registro_por_empleado_id, fecha_admision, condicion_medica) values (13,13,'2017-04-20', 'Lambliosis (Giardia Lamblia)');
                                         '> insert into registro_pacientes (paciente_id, registro_por_empleado_id, fecha_admision, condicion_medica) values (14,14,'2017-04-22', 'Landau-Kleffner Syndrome');
                                         '> insert into registro_pacientes (paciente_id, registro_por_empleado_id, fecha_admision, condicion_medica) values (15,15,'2017-04-22', 'Lap Band Surgery (Gastric Banding)');
                                         '> insert into registro_pacientes (paciente_id, registro_por_empleado_id, fecha_admision, condicion_medica) values (16,16,'2017-04-24', 'Laparoscopic Liver Biopsy (Liver Biopsy)');
                                         '> insert into registro_pacientes (paciente_id, registro_por_empleado_id, fecha_admision, condicion_medica) values (17,17,'2017-04-24', 'Omega-3 Fatty Acids');
                                         '> insert into registro_pacientes (paciente_id, registro_por_empleado_id, fecha_admision, condicion_medica) values (18,18,'2017-04-25', 'Onchocerciasis');
                                         '> insert into registro_pacientes (paciente_id, registro_por_empleado_id, fecha_admision, condicion_medica) values (19,19,'2017-04-27', 'Onychocryptosis (Ingrown Toenail)');
                                         '> insert into registro_pacientes (paciente_id, registro_por_empleado_id, fecha_admision, condicion_medica) values (20,20,'2017-04-28', 'Scarlatina)');
                                         '> insert into registro_pacientes (paciente_id, registro_por_empleado_id, fecha_admision, condicion_medica) values (21,21,'2017-04-28', 'Scars');
                                         '> insert into registro_pacientes (paciente_id, registro_por_empleado_id, fecha_admision, condicion_medica) values (22,22,'2017-04-30', 'Schatzki Ring');
                                         '> insert into registro_pacientes (paciente_id, registro_por_empleado_id, fecha_admision, condicion_medica) values (23,23,'2017-05-01', 'Scheuermann's Kyphosis (Kyphosis)');
ERROR: 1064 (42000): You have an error in your SQL syntax; check the manual that corresponds to your MySQL server version for the right syntax to use near 's Kyphosis (Kyphosis)');
insert into registro_pacientes (paciente_id, registro_p' at line 1
 MySQL  localhost:3306 ssl  hospital  SQL > insert into registro_pacientes (paciente_id, registro_por_empleado_id, fecha_admision, condicion_medica) values (24,24,'2017-05-01', 'Schistosoma guineensis (Schistosomiasis)');
Query OK, 1 row affected (0.0011 sec)
 MySQL  localhost:3306 ssl  hospital  SQL > insert into registro_pacientes (paciente_id, registro_por_empleado_id, fecha_admision, condicion_medica) values (25,25,'2017-05-02', 'Schistosoma haematobium (Schistosomiasis)');
Query OK, 1 row affected (0.0011 sec)
 MySQL  localhost:3306 ssl  hospital  SQL > insert into registro_pacientes (paciente_id, registro_por_empleado_id, fecha_admision, condicion_medica) values (26,26,'2017-05-04', 'Schistosoma japonicum (Schistosomiasis)');
Query OK, 1 row affected (0.0011 sec)
 MySQL  localhost:3306 ssl  hospital  SQL > insert into registro_pacientes (paciente_id, registro_por_empleado_id, fecha_admision, condicion_medica) values (27,27,'2017-05-04', 'Tachycardia (Heart Rhythm Disorders)');
Query OK, 1 row affected (0.0009 sec)
 MySQL  localhost:3306 ssl  hospital  SQL > insert into registro_pacientes (paciente_id, registro_por_empleado_id, fecha_admision, condicion_medica) values (28,28,'2017-05-06', 'Tachycardia, Paroxysmal Atrial (Paroxysmal Supraventricular Tachycardia (PSVT))');
Query OK, 1 row affected (0.0010 sec)
 MySQL  localhost:3306 ssl  hospital  SQL > insert into registro_pacientes (paciente_id, registro_por_empleado_id, fecha_admision, condicion_medica) values (29,29,'2017-05-07', 'Tachycardia, Paroxysmal Supraventricular (Paroxysmal Supraventricular Tachycardia (PSVT))');
ERROR: 1406 (22001): Data too long for column 'condicion_medica' at row 1
 MySQL  localhost:3306 ssl  hospital  SQL > insert into registro_pacientes (paciente_id, registro_por_empleado_id, fecha_admision, condicion_medica) values (30,30,'2017-05-07', 'Tailbone Pain (Coccydynia)');
Query OK, 1 row affected (0.0009 sec)
 MySQL  localhost:3306 ssl  hospital  SQL > insert into registro_pacientes (paciente_id, registro_por_empleado_id, fecha_admision, condicion_medica) values (31,31,'2017-05-09', 'Tailor's Bunion (Bunions)');
                                         '> insert into registro_pacientes (paciente_id, registro_por_empleado_id, fecha_admision, condicion_medica) values (32,32,'2017-05-10', 'Takayasu Arteritis (Takayasu Disease)');
                                         '> insert into registro_pacientes (paciente_id, registro_por_empleado_id, fecha_admision, condicion_medica) values (33,33,'2017-05-10', 'Takayasu Disease');
                                         '> insert into registro_pacientes (paciente_id, registro_por_empleado_id, fecha_admision, condicion_medica) values (34,34,'2017-05-11', 'Taking Dental Medications');
                                         '> insert into registro_pacientes (paciente_id, registro_por_empleado_id, fecha_admision, condicion_medica) values (35,35,'2017-05-13', 'Tarry Stools (Stool Color Changes)');
                                         '> insert into registro_pacientes (paciente_id, registro_por_empleado_id, fecha_admision, condicion_medica) values (36,36,'2017-05-14', 'Abdominal Aortic Aneurysm');
                                         '> insert into registro_pacientes (paciente_id, registro_por_empleado_id, fecha_admision, condicion_medica) values (37,37,'2017-05-14', 'Abdominal Cramps (Heat Cramps)');
                                         '> insert into registro_pacientes (paciente_id, registro_por_empleado_id, fecha_admision, condicion_medica) values (38,38,'2017-05-15', 'Abdominal Hernia (Hernia Overview)');
                                         '> insert into registro_pacientes (paciente_id, registro_por_empleado_id, fecha_admision, condicion_medica) values (39,39,'2017-05-16', 'Bacterial Vaginosis (Causes, Symptoms, Treatment)');
                                         '> insert into registro_pacientes (paciente_id, registro_por_empleado_id, fecha_admision, condicion_medica) values (40,40,'2017-05-18', 'Bad Breath');
                                         '> insert into registro_pacientes (paciente_id, registro_por_empleado_id, fecha_admision, condicion_medica) values (41,41,'2017-05-18', 'Bad Cholesterol Test (Cholesterol Test)');
                                         '> insert into registro_pacientes (paciente_id, registro_por_empleado_id, fecha_admision, condicion_medica) values (42,42,'2017-05-20', 'Baker Cyst');
                                         '> insert into registro_pacientes (paciente_id, registro_por_empleado_id, fecha_admision, condicion_medica) values (43,43,'2017-05-21', 'Farting (Intestinal Gas (Belching, Bloating, Flatulence))');
                                         '> insert into registro_pacientes (paciente_id, registro_por_empleado_id, fecha_admision, condicion_medica) values (44,44,'2017-05-22', 'Fast Heart Beat (Palpitations Overview)');
                                         '> insert into registro_pacientes (paciente_id, registro_por_empleado_id, fecha_admision, condicion_medica) values (45,45,'2017-05-23', 'Fatigue');
                                         '> insert into registro_pacientes (paciente_id, registro_por_empleado_id, fecha_admision, condicion_medica) values (46,46,'2017-05-23', 'Fatigue From Cancer (Cancer Fatigue');
                                         '> insert into registro_pacientes (paciente_id, registro_por_empleado_id, fecha_admision, condicion_medica) values (47,47,'2017-05-25', 'Lambliasis (Giardia Lamblia)');
                                         '> insert into registro_pacientes (paciente_id, registro_por_empleado_id, fecha_admision, condicion_medica) values (48,48,'2017-05-25', 'Lambliosis (Giardia Lamblia)');
                                         '> insert into registro_pacientes (paciente_id, registro_por_empleado_id, fecha_admision, condicion_medica) values (49,49,'2017-05-27', 'Landau-Kleffner Syndrome');
                                         '> insert into registro_pacientes (paciente_id, registro_por_empleado_id, fecha_admision, condicion_medica) values (50,50,'2017-05-28', 'Lap Band Surgery (Gastric Banding)');
                                         '> insert into registro_pacientes (paciente_id, registro_por_empleado_id, fecha_admision, condicion_medica) values (51,51,'2017-05-29', 'Laparoscopic Liver Biopsy (Liver Biopsy)');
                                         '> insert into registro_pacientes (paciente_id, registro_por_empleado_id, fecha_admision, condicion_medica) values (52,52,'2017-05-29', 'Omega-3 Fatty Acids');
                                         '> insert into registro_pacientes (paciente_id, registro_por_empleado_id, fecha_admision, condicion_medica) values (53,53,'2017-05-31', 'Onchocerciasis');
                                         '> insert into registro_pacientes (paciente_id, registro_por_empleado_id, fecha_admision, condicion_medica) values (54,54,'2017-05-31', 'Onychocryptosis (Ingrown Toenail)');
                                         '> insert into registro_pacientes (paciente_id, registro_por_empleado_id, fecha_admision, condicion_medica) values (55,55,'2017-06-01', 'Scarlatina)');
                                         '> insert into registro_pacientes (paciente_id, registro_por_empleado_id, fecha_admision, condicion_medica) values (56,56,'2017-06-02', 'Scars');
                                         '> insert into registro_pacientes (paciente_id, registro_por_empleado_id, fecha_admision, condicion_medica) values (57,57,'2017-06-04', 'Schatzki Ring');
                                         '> insert into registro_pacientes (paciente_id, registro_por_empleado_id, fecha_admision, condicion_medica) values (58,58,'2017-06-05', 'Scheuermann's Kyphosis (Kyphosis)');
ERROR: 1064 (42000): You have an error in your SQL syntax; check the manual that corresponds to your MySQL server version for the right syntax to use near 's Bunion (Bunions)');
insert into registro_pacientes (paciente_id, registro_por_' at line 1
 MySQL  localhost:3306 ssl  hospital  SQL > insert into registro_pacientes (paciente_id, registro_por_empleado_id, fecha_admision, condicion_medica) values (1,1,'2017-04-08', 'Abdominal Aortic Aneurysm');
Query OK, 1 row affected (0.0389 sec)
 MySQL  localhost:3306 ssl  hospital  SQL > insert into registro_pacientes (paciente_id, registro_por_empleado_id, fecha_admision, condicion_medica) values (2,2,'2017-04-09', 'Abdominal Cramps (Heat Cramps)');
Query OK, 1 row affected (0.0188 sec)
 MySQL  localhost:3306 ssl  hospital  SQL > insert into registro_pacientes (paciente_id, registro_por_empleado_id, fecha_admision, condicion_medica) values (3,3,'2017-04-10', 'Abdominal Hernia (Hernia Overview)');
Query OK, 1 row affected (0.0009 sec)
 MySQL  localhost:3306 ssl  hospital  SQL > insert into registro_pacientes (paciente_id, registro_por_empleado_id, fecha_admision, condicion_medica) values (4,4,'2017-04-12', 'Bacterial Vaginosis (Causes, Symptoms, Treatment)');
Query OK, 1 row affected (0.0008 sec)
 MySQL  localhost:3306 ssl  hospital  SQL > insert into registro_pacientes (paciente_id, registro_por_empleado_id, fecha_admision, condicion_medica) values (5,5,'2017-04-12', 'Bad Breath');
Query OK, 1 row affected (0.0008 sec)
 MySQL  localhost:3306 ssl  hospital  SQL > insert into registro_pacientes (paciente_id, registro_por_empleado_id, fecha_admision, condicion_medica) values (6,6,'2017-04-14', 'Bad Cholesterol Test (Cholesterol Test)');
Query OK, 1 row affected (0.0008 sec)
 MySQL  localhost:3306 ssl  hospital  SQL > insert into registro_pacientes (paciente_id, registro_por_empleado_id, fecha_admision, condicion_medica) values (7,7,'2017-04-15', 'Baker Cyst');
Query OK, 1 row affected (0.0009 sec)
 MySQL  localhost:3306 ssl  hospital  SQL > insert into registro_pacientes (paciente_id, registro_por_empleado_id, fecha_admision, condicion_medica) values (8,8,'2017-04-15', 'Farting (Intestinal Gas (Belching, Bloating, Flatulence))');
Query OK, 1 row affected (0.0009 sec)
 MySQL  localhost:3306 ssl  hospital  SQL > insert into registro_pacientes (paciente_id, registro_por_empleado_id, fecha_admision, condicion_medica) values (9,9,'2017-04-16', 'Fast Heart Beat (Palpitations Overview)');
Query OK, 1 row affected (0.0011 sec)
 MySQL  localhost:3306 ssl  hospital  SQL > insert into registro_pacientes (paciente_id, registro_por_empleado_id, fecha_admision, condicion_medica) values (10,10,'2017-04-17', 'Fatigue');
Query OK, 1 row affected (0.0009 sec)
 MySQL  localhost:3306 ssl  hospital  SQL > insert into registro_pacientes (paciente_id, registro_por_empleado_id, fecha_admision, condicion_medica) values (11,11,'2017-04-18', 'Fatigue From Cancer (Cancer Fatigue');
Query OK, 1 row affected (0.0009 sec)
 MySQL  localhost:3306 ssl  hospital  SQL > insert into registro_pacientes (paciente_id, registro_por_empleado_id, fecha_admision, condicion_medica) values (12,12,'2017-04-19', 'Lambliasis (Giardia Lamblia)');
Query OK, 1 row affected (0.0010 sec)
 MySQL  localhost:3306 ssl  hospital  SQL > insert into registro_pacientes (paciente_id, registro_por_empleado_id, fecha_admision, condicion_medica) values (13,13,'2017-04-20', 'Lambliosis (Giardia Lamblia)');
Query OK, 1 row affected (0.0011 sec)
 MySQL  localhost:3306 ssl  hospital  SQL > insert into registro_pacientes (paciente_id, registro_por_empleado_id, fecha_admision, condicion_medica) values (14,14,'2017-04-22', 'Landau-Kleffner Syndrome');
Query OK, 1 row affected (0.0009 sec)
 MySQL  localhost:3306 ssl  hospital  SQL > insert into registro_pacientes (paciente_id, registro_por_empleado_id, fecha_admision, condicion_medica) values (15,15,'2017-04-22', 'Lap Band Surgery (Gastric Banding)');
Query OK, 1 row affected (0.0010 sec)
 MySQL  localhost:3306 ssl  hospital  SQL > insert into registro_pacientes (paciente_id, registro_por_empleado_id, fecha_admision, condicion_medica) values (16,16,'2017-04-24', 'Laparoscopic Liver Biopsy (Liver Biopsy)');
Query OK, 1 row affected (0.0010 sec)
 MySQL  localhost:3306 ssl  hospital  SQL > insert into registro_pacientes (paciente_id, registro_por_empleado_id, fecha_admision, condicion_medica) values (17,17,'2017-04-24', 'Omega-3 Fatty Acids');
Query OK, 1 row affected (0.0010 sec)
 MySQL  localhost:3306 ssl  hospital  SQL > insert into registro_pacientes (paciente_id, registro_por_empleado_id, fecha_admision, condicion_medica) values (18,18,'2017-04-25', 'Onchocerciasis');
Query OK, 1 row affected (0.0009 sec)
 MySQL  localhost:3306 ssl  hospital  SQL > insert into registro_pacientes (paciente_id, registro_por_empleado_id, fecha_admision, condicion_medica) values (19,19,'2017-04-27', 'Onychocryptosis (Ingrown Toenail)');
Query OK, 1 row affected (0.0014 sec)
 MySQL  localhost:3306 ssl  hospital  SQL > insert into registro_pacientes (paciente_id, registro_por_empleado_id, fecha_admision, condicion_medica) values (20,20,'2017-04-28', 'Scarlatina)');
Query OK, 1 row affected (0.0009 sec)
 MySQL  localhost:3306 ssl  hospital  SQL > insert into registro_pacientes (paciente_id, registro_por_empleado_id, fecha_admision, condicion_medica) values (21,21,'2017-04-28', 'Scars');
Query OK, 1 row affected (0.0009 sec)
 MySQL  localhost:3306 ssl  hospital  SQL > insert into registro_pacientes (paciente_id, registro_por_empleado_id, fecha_admision, condicion_medica) values (22,22,'2017-04-30', 'Schatzki Ring');
Query OK, 1 row affected (0.0009 sec)
 MySQL  localhost:3306 ssl  hospital  SQL > insert into registro_pacientes (paciente_id, registro_por_empleado_id, fecha_admision, condicion_medica) values (23,23,'2017-05-01', 'Scheuermann's Kyphosis (Kyphosis)');
                                         '> insert into registro_pacientes (paciente_id, registro_por_empleado_id, fecha_admision, condicion_medica) values (24,24,'2017-05-01', 'Schistosoma guineensis (Schistosomiasis)');
                                         '> insert into registro_pacientes (paciente_id, registro_por_empleado_id, fecha_admision, condicion_medica) values (25,25,'2017-05-02', 'Schistosoma haematobium (Schistosomiasis)');
                                         '> insert into registro_pacientes (paciente_id, registro_por_empleado_id, fecha_admision, condicion_medica) values (26,26,'2017-05-04', 'Schistosoma japonicum (Schistosomiasis)');
                                         '> insert into registro_pacientes (paciente_id, registro_por_empleado_id, fecha_admision, condicion_medica) values (27,27,'2017-05-04', 'Tachycardia (Heart Rhythm Disorders)');
                                         '> insert into registro_pacientes (paciente_id, registro_por_empleado_id, fecha_admision, condicion_medica) values (28,28,'2017-05-06', 'Tachycardia, Paroxysmal Atrial (Paroxysmal Supraventricular Tachycardia (PSVT))');
                                         '> insert into registro_pacientes (paciente_id, registro_por_empleado_id, fecha_admision, condicion_medica) values (29,29,'2017-05-07', 'Tachycardia, Paroxysmal Supraventricular (Paroxysmal Supraventricular Tachycardia (PSVT))');
                                         '> insert into registro_pacientes (paciente_id, registro_por_empleado_id, fecha_admision, condicion_medica) values (30,30,'2017-05-07', 'Tailbone Pain (Coccydynia)');
                                         '> insert into registro_pacientes (paciente_id, registro_por_empleado_id, fecha_admision, condicion_medica) values (31,31,'2017-05-09', 'Tailor's Bunion (Bunions)');
ERROR: 1064 (42000): You have an error in your SQL syntax; check the manual that corresponds to your MySQL server version for the right syntax to use near 's Kyphosis (Kyphosis)');
insert into registro_pacientes (paciente_id, registro_p' at line 1
 MySQL  localhost:3306 ssl  hospital  SQL > insert into registro_pacientes (paciente_id, registro_por_empleado_id, fecha_admision, condicion_medica) values (32,32,'2017-05-10', 'Takayasu Arteritis (Takayasu Disease)');
ERROR: 1452 (23000): Cannot add or update a child row: a foreign key constraint fails (`hospital`.`registro_pacientes`, CONSTRAINT `registro_pacientes_ibfk_2` FOREIGN KEY (`registro_por_empleado_id`) REFERENCES `empleados` (`empleados_id`) ON DELETE RESTRICT ON UPDATE CASCADE)
 MySQL  localhost:3306 ssl  hospital  SQL > insert into registro_pacientes (paciente_id, registro_por_empleado_id, fecha_admision, condicion_medica) values (33,33,'2017-05-10', 'Takayasu Disease');
ERROR: 1452 (23000): Cannot add or update a child row: a foreign key constraint fails (`hospital`.`registro_pacientes`, CONSTRAINT `registro_pacientes_ibfk_2` FOREIGN KEY (`registro_por_empleado_id`) REFERENCES `empleados` (`empleados_id`) ON DELETE RESTRICT ON UPDATE CASCADE)
 MySQL  localhost:3306 ssl  hospital  SQL > insert into registro_pacientes (paciente_id, registro_por_empleado_id, fecha_admision, condicion_medica) values (34,34,'2017-05-11', 'Taking Dental Medications');
ERROR: 1452 (23000): Cannot add or update a child row: a foreign key constraint fails (`hospital`.`registro_pacientes`, CONSTRAINT `registro_pacientes_ibfk_2` FOREIGN KEY (`registro_por_empleado_id`) REFERENCES `empleados` (`empleados_id`) ON DELETE RESTRICT ON UPDATE CASCADE)
 MySQL  localhost:3306 ssl  hospital  SQL > insert into registro_pacientes (paciente_id, registro_por_empleado_id, fecha_admision, condicion_medica) values (35,35,'2017-05-13', 'Tarry Stools (Stool Color Changes)');
ERROR: 1452 (23000): Cannot add or update a child row: a foreign key constraint fails (`hospital`.`registro_pacientes`, CONSTRAINT `registro_pacientes_ibfk_2` FOREIGN KEY (`registro_por_empleado_id`) REFERENCES `empleados` (`empleados_id`) ON DELETE RESTRICT ON UPDATE CASCADE)
 MySQL  localhost:3306 ssl  hospital  SQL > insert into registro_pacientes (paciente_id, registro_por_empleado_id, fecha_admision, condicion_medica) values (36,36,'2017-05-14', 'Abdominal Aortic Aneurysm');
ERROR: 1452 (23000): Cannot add or update a child row: a foreign key constraint fails (`hospital`.`registro_pacientes`, CONSTRAINT `registro_pacientes_ibfk_2` FOREIGN KEY (`registro_por_empleado_id`) REFERENCES `empleados` (`empleados_id`) ON DELETE RESTRICT ON UPDATE CASCADE)
 MySQL  localhost:3306 ssl  hospital  SQL > insert into registro_pacientes (paciente_id, registro_por_empleado_id, fecha_admision, condicion_medica) values (37,37,'2017-05-14', 'Abdominal Cramps (Heat Cramps)');
ERROR: 1452 (23000): Cannot add or update a child row: a foreign key constraint fails (`hospital`.`registro_pacientes`, CONSTRAINT `registro_pacientes_ibfk_2` FOREIGN KEY (`registro_por_empleado_id`) REFERENCES `empleados` (`empleados_id`) ON DELETE RESTRICT ON UPDATE CASCADE)
 MySQL  localhost:3306 ssl  hospital  SQL > insert into registro_pacientes (paciente_id, registro_por_empleado_id, fecha_admision, condicion_medica) values (38,38,'2017-05-15', 'Abdominal Hernia (Hernia Overview)');
ERROR: 1452 (23000): Cannot add or update a child row: a foreign key constraint fails (`hospital`.`registro_pacientes`, CONSTRAINT `registro_pacientes_ibfk_2` FOREIGN KEY (`registro_por_empleado_id`) REFERENCES `empleados` (`empleados_id`) ON DELETE RESTRICT ON UPDATE CASCADE)
 MySQL  localhost:3306 ssl  hospital  SQL > insert into registro_pacientes (paciente_id, registro_por_empleado_id, fecha_admision, condicion_medica) values (39,39,'2017-05-16', 'Bacterial Vaginosis (Causes, Symptoms, Treatment)');
ERROR: 1452 (23000): Cannot add or update a child row: a foreign key constraint fails (`hospital`.`registro_pacientes`, CONSTRAINT `registro_pacientes_ibfk_2` FOREIGN KEY (`registro_por_empleado_id`) REFERENCES `empleados` (`empleados_id`) ON DELETE RESTRICT ON UPDATE CASCADE)
 MySQL  localhost:3306 ssl  hospital  SQL > insert into registro_pacientes (paciente_id, registro_por_empleado_id, fecha_admision, condicion_medica) values (40,40,'2017-05-18', 'Bad Breath');
ERROR: 1452 (23000): Cannot add or update a child row: a foreign key constraint fails (`hospital`.`registro_pacientes`, CONSTRAINT `registro_pacientes_ibfk_2` FOREIGN KEY (`registro_por_empleado_id`) REFERENCES `empleados` (`empleados_id`) ON DELETE RESTRICT ON UPDATE CASCADE)
 MySQL  localhost:3306 ssl  hospital  SQL > insert into registro_pacientes (paciente_id, registro_por_empleado_id, fecha_admision, condicion_medica) values (41,41,'2017-05-18', 'Bad Cholesterol Test (Cholesterol Test)');
ERROR: 1452 (23000): Cannot add or update a child row: a foreign key constraint fails (`hospital`.`registro_pacientes`, CONSTRAINT `registro_pacientes_ibfk_2` FOREIGN KEY (`registro_por_empleado_id`) REFERENCES `empleados` (`empleados_id`) ON DELETE RESTRICT ON UPDATE CASCADE)
 MySQL  localhost:3306 ssl  hospital  SQL > insert into registro_pacientes (paciente_id, registro_por_empleado_id, fecha_admision, condicion_medica) values (42,42,'2017-05-20', 'Baker Cyst');
ERROR: 1452 (23000): Cannot add or update a child row: a foreign key constraint fails (`hospital`.`registro_pacientes`, CONSTRAINT `registro_pacientes_ibfk_2` FOREIGN KEY (`registro_por_empleado_id`) REFERENCES `empleados` (`empleados_id`) ON DELETE RESTRICT ON UPDATE CASCADE)
 MySQL  localhost:3306 ssl  hospital  SQL > insert into registro_pacientes (paciente_id, registro_por_empleado_id, fecha_admision, condicion_medica) values (43,43,'2017-05-21', 'Farting (Intestinal Gas (Belching, Bloating, Flatulence))');
ERROR: 1452 (23000): Cannot add or update a child row: a foreign key constraint fails (`hospital`.`registro_pacientes`, CONSTRAINT `registro_pacientes_ibfk_2` FOREIGN KEY (`registro_por_empleado_id`) REFERENCES `empleados` (`empleados_id`) ON DELETE RESTRICT ON UPDATE CASCADE)
 MySQL  localhost:3306 ssl  hospital  SQL > insert into registro_pacientes (paciente_id, registro_por_empleado_id, fecha_admision, condicion_medica) values (44,44,'2017-05-22', 'Fast Heart Beat (Palpitations Overview)');
ERROR: 1452 (23000): Cannot add or update a child row: a foreign key constraint fails (`hospital`.`registro_pacientes`, CONSTRAINT `registro_pacientes_ibfk_2` FOREIGN KEY (`registro_por_empleado_id`) REFERENCES `empleados` (`empleados_id`) ON DELETE RESTRICT ON UPDATE CASCADE)
 MySQL  localhost:3306 ssl  hospital  SQL > insert into registro_pacientes (paciente_id, registro_por_empleado_id, fecha_admision, condicion_medica) values (45,45,'2017-05-23', 'Fatigue');
ERROR: 1452 (23000): Cannot add or update a child row: a foreign key constraint fails (`hospital`.`registro_pacientes`, CONSTRAINT `registro_pacientes_ibfk_2` FOREIGN KEY (`registro_por_empleado_id`) REFERENCES `empleados` (`empleados_id`) ON DELETE RESTRICT ON UPDATE CASCADE)
 MySQL  localhost:3306 ssl  hospital  SQL > insert into registro_pacientes (paciente_id, registro_por_empleado_id, fecha_admision, condicion_medica) values (46,46,'2017-05-23', 'Fatigue From Cancer (Cancer Fatigue');
ERROR: 1452 (23000): Cannot add or update a child row: a foreign key constraint fails (`hospital`.`registro_pacientes`, CONSTRAINT `registro_pacientes_ibfk_2` FOREIGN KEY (`registro_por_empleado_id`) REFERENCES `empleados` (`empleados_id`) ON DELETE RESTRICT ON UPDATE CASCADE)
 MySQL  localhost:3306 ssl  hospital  SQL > insert into registro_pacientes (paciente_id, registro_por_empleado_id, fecha_admision, condicion_medica) values (47,47,'2017-05-25', 'Lambliasis (Giardia Lamblia)');
ERROR: 1452 (23000): Cannot add or update a child row: a foreign key constraint fails (`hospital`.`registro_pacientes`, CONSTRAINT `registro_pacientes_ibfk_2` FOREIGN KEY (`registro_por_empleado_id`) REFERENCES `empleados` (`empleados_id`) ON DELETE RESTRICT ON UPDATE CASCADE)
 MySQL  localhost:3306 ssl  hospital  SQL > insert into registro_pacientes (paciente_id, registro_por_empleado_id, fecha_admision, condicion_medica) values (48,48,'2017-05-25', 'Lambliosis (Giardia Lamblia)');
ERROR: 1452 (23000): Cannot add or update a child row: a foreign key constraint fails (`hospital`.`registro_pacientes`, CONSTRAINT `registro_pacientes_ibfk_2` FOREIGN KEY (`registro_por_empleado_id`) REFERENCES `empleados` (`empleados_id`) ON DELETE RESTRICT ON UPDATE CASCADE)
 MySQL  localhost:3306 ssl  hospital  SQL > insert into registro_pacientes (paciente_id, registro_por_empleado_id, fecha_admision, condicion_medica) values (49,49,'2017-05-27', 'Landau-Kleffner Syndrome');
ERROR: 1452 (23000): Cannot add or update a child row: a foreign key constraint fails (`hospital`.`registro_pacientes`, CONSTRAINT `registro_pacientes_ibfk_2` FOREIGN KEY (`registro_por_empleado_id`) REFERENCES `empleados` (`empleados_id`) ON DELETE RESTRICT ON UPDATE CASCADE)
 MySQL  localhost:3306 ssl  hospital  SQL > insert into registro_pacientes (paciente_id, registro_por_empleado_id, fecha_admision, condicion_medica) values (50,50,'2017-05-28', 'Lap Band Surgery (Gastric Banding)');
ERROR: 1452 (23000): Cannot add or update a child row: a foreign key constraint fails (`hospital`.`registro_pacientes`, CONSTRAINT `registro_pacientes_ibfk_2` FOREIGN KEY (`registro_por_empleado_id`) REFERENCES `empleados` (`empleados_id`) ON DELETE RESTRICT ON UPDATE CASCADE)
 MySQL  localhost:3306 ssl  hospital  SQL > insert into registro_pacientes (paciente_id, registro_por_empleado_id, fecha_admision, condicion_medica) values (51,51,'2017-05-29', 'Laparoscopic Liver Biopsy (Liver Biopsy)');
ERROR: 1452 (23000): Cannot add or update a child row: a foreign key constraint fails (`hospital`.`registro_pacientes`, CONSTRAINT `registro_pacientes_ibfk_2` FOREIGN KEY (`registro_por_empleado_id`) REFERENCES `empleados` (`empleados_id`) ON DELETE RESTRICT ON UPDATE CASCADE)
 MySQL  localhost:3306 ssl  hospital  SQL > insert into registro_pacientes (paciente_id, registro_por_empleado_id, fecha_admision, condicion_medica) values (52,52,'2017-05-29', 'Omega-3 Fatty Acids');
ERROR: 1452 (23000): Cannot add or update a child row: a foreign key constraint fails (`hospital`.`registro_pacientes`, CONSTRAINT `registro_pacientes_ibfk_2` FOREIGN KEY (`registro_por_empleado_id`) REFERENCES `empleados` (`empleados_id`) ON DELETE RESTRICT ON UPDATE CASCADE)
 MySQL  localhost:3306 ssl  hospital  SQL > insert into registro_pacientes (paciente_id, registro_por_empleado_id, fecha_admision, condicion_medica) values (53,53,'2017-05-31', 'Onchocerciasis');
ERROR: 1452 (23000): Cannot add or update a child row: a foreign key constraint fails (`hospital`.`registro_pacientes`, CONSTRAINT `registro_pacientes_ibfk_2` FOREIGN KEY (`registro_por_empleado_id`) REFERENCES `empleados` (`empleados_id`) ON DELETE RESTRICT ON UPDATE CASCADE)
 MySQL  localhost:3306 ssl  hospital  SQL > insert into registro_pacientes (paciente_id, registro_por_empleado_id, fecha_admision, condicion_medica) values (54,54,'2017-05-31', 'Onychocryptosis (Ingrown Toenail)');
ERROR: 1452 (23000): Cannot add or update a child row: a foreign key constraint fails (`hospital`.`registro_pacientes`, CONSTRAINT `registro_pacientes_ibfk_2` FOREIGN KEY (`registro_por_empleado_id`) REFERENCES `empleados` (`empleados_id`) ON DELETE RESTRICT ON UPDATE CASCADE)
 MySQL  localhost:3306 ssl  hospital  SQL > insert into registro_pacientes (paciente_id, registro_por_empleado_id, fecha_admision, condicion_medica) values (55,55,'2017-06-01', 'Scarlatina)');
ERROR: 1452 (23000): Cannot add or update a child row: a foreign key constraint fails (`hospital`.`registro_pacientes`, CONSTRAINT `registro_pacientes_ibfk_2` FOREIGN KEY (`registro_por_empleado_id`) REFERENCES `empleados` (`empleados_id`) ON DELETE RESTRICT ON UPDATE CASCADE)
 MySQL  localhost:3306 ssl  hospital  SQL > insert into registro_pacientes (paciente_id, registro_por_empleado_id, fecha_admision, condicion_medica) values (56,56,'2017-06-02', 'Scars');
ERROR: 1452 (23000): Cannot add or update a child row: a foreign key constraint fails (`hospital`.`registro_pacientes`, CONSTRAINT `registro_pacientes_ibfk_2` FOREIGN KEY (`registro_por_empleado_id`) REFERENCES `empleados` (`empleados_id`) ON DELETE RESTRICT ON UPDATE CASCADE)
 MySQL  localhost:3306 ssl  hospital  SQL > insert into registro_pacientes (paciente_id, registro_por_empleado_id, fecha_admision, condicion_medica) values (57,57,'2017-06-04', 'Schatzki Ring');
ERROR: 1452 (23000): Cannot add or update a child row: a foreign key constraint fails (`hospital`.`registro_pacientes`, CONSTRAINT `registro_pacientes_ibfk_2` FOREIGN KEY (`registro_por_empleado_id`) REFERENCES `empleados` (`empleados_id`) ON DELETE RESTRICT ON UPDATE CASCADE)
 MySQL  localhost:3306 ssl  hospital  SQL > insert into registro_pacientes (paciente_id, registro_por_empleado_id, fecha_admision, condicion_medica) values (58,58,'2017-06-05', 'Scheuermann's Kyphosis (Kyphosis)');
                                         '>